******************************************************************************
                  TI ARM Linker PC v18.12.3                    
******************************************************************************
>> Linked Tue Dec 17 02:31:08 2019

OUTPUT FILE NAME:   <sensor_CC1350_LAUNCHXL_tirtos_ccs.out>
ENTRY POINT SYMBOL: "ResetISR"  address: 00014cc1


MEMORY CONFIGURATION

         name            origin    length      used     unused   attr    fill
----------------------  --------  ---------  --------  --------  ----  --------
  FLASH                 00000000   0001e000  000188f6  0000570a  R  X
  FLASH_NV              0001e000   00001000  00001000  00000000  RW X
  FLASH_LAST            0001f000   00001000  00001000  00000000  R  X
  SRAM                  20000000   00005000  000033b6  00001c4a  RW X


SEGMENT ALLOCATION MAP

run origin  load origin   length   init length attrs members
----------  ----------- ---------- ----------- ----- -------
00000000    00000000    00018900   00018900    r-x
  00000000    00000000    0000003c   0000003c    r-- .resetVecs
  0000003c    0000003c    00000c6c   00000c6c    r-- .const
  00000ca8    00000ca8    00000358   00000358    r-x .text.1
  00001000    00001000    0000003c   0000003c    r-- .const:ti_sysbios_knl_Task_Object__PARAMS__C
  0000103c    0000103c    00000034   00000034    r-- .const:ti_sysbios_knl_Mailbox_Object__PARAMS__C
  00001070    00001070    00000030   00000030    r-- .const:ti_sysbios_family_arm_m3_Hwi_Object__PARAMS__C
  000010a0    000010a0    0000002c   0000002c    r-- .const:ti_sysbios_hal_Hwi_Object__PARAMS__C
  000010cc    000010cc    00000028   00000028    r-- .const:ti_sysbios_heaps_HeapMem_Module__FXNS__C
  000010f4    000010f4    00000028   00000028    r-- .const:ti_sysbios_knl_Swi_Object__PARAMS__C
  0000111c    0000111c    00000024   00000024    r-- .const:ti_sysbios_gates_GateHwi_Module__FXNS__C
  00001140    00001140    00000024   00000024    r-- .const:ti_sysbios_gates_GateMutex_Module__FXNS__C
  00001164    00001164    00000024   00000024    r-- .const:ti_sysbios_heaps_HeapMem_Object__PARAMS__C
  00001188    00001188    00000024   00000024    r-- .const:ti_sysbios_knl_Clock_Object__PARAMS__C
  000011ac    000011ac    00000024   00000024    r-- .const:ti_sysbios_knl_Semaphore_Object__PARAMS__C
  000011d0    000011d0    00000020   00000020    r-- .const:ti_sysbios_family_arm_m3_Hwi_Object__DESC__C
  000011f0    000011f0    00000020   00000020    r-- .const:ti_sysbios_gates_GateHwi_Object__DESC__C
  00001210    00001210    00000020   00000020    r-- .const:ti_sysbios_gates_GateMutex_Object__DESC__C
  00001230    00001230    00000020   00000020    r-- .const:ti_sysbios_hal_Hwi_Object__DESC__C
  00001250    00001250    00000020   00000020    r-- .const:ti_sysbios_heaps_HeapMem_Object__DESC__C
  00001270    00001270    00000020   00000020    r-- .const:ti_sysbios_knl_Clock_Object__DESC__C
  00001290    00001290    00000020   00000020    r-- .const:ti_sysbios_knl_Mailbox_Object__DESC__C
  000012b0    000012b0    00000020   00000020    r-- .const:ti_sysbios_knl_Queue_Object__DESC__C
  000012d0    000012d0    00000020   00000020    r-- .const:ti_sysbios_knl_Semaphore_Object__DESC__C
  000012f0    000012f0    00000020   00000020    r-- .const:ti_sysbios_knl_Swi_Object__DESC__C
  00001310    00001310    00000020   00000020    r-- .const:ti_sysbios_knl_Task_Object__DESC__C
  00001330    00001330    00000018   00000018    r-- .const:ti_sysbios_gates_GateHwi_Object__PARAMS__C
  00001348    00001348    00000018   00000018    r-- .const:ti_sysbios_gates_GateMutex_Object__PARAMS__C
  00001360    00001360    00000018   00000018    r-- .const:ti_sysbios_knl_Queue_Object__PARAMS__C
  00001378    00001378    00000008   00000008    r-- .const:ti_sysbios_knl_Idle_funcList__C
  00001380    00001380    00000004   00000004    r-x .text.2
  00001384    00001384    00000004   00000004    r-- .const:ti_sysbios_family_arm_cc26xx_Timer_startupNeeded__C
  00001388    00001388    00000004   00000004    r-- .const:ti_sysbios_family_arm_m3_Hwi_E_alreadyDefined__C
  0000138c    0000138c    00000004   00000004    r-- .const:ti_sysbios_family_arm_m3_Hwi_E_hwiLimitExceeded__C
  00001390    00001390    00000004   00000004    r-- .const:ti_sysbios_family_arm_m3_Hwi_NUM_INTERRUPTS__C
  00001394    00001394    00000004   00000004    r-- .const:ti_sysbios_family_arm_m3_Hwi_Object__count__C
  00001398    00001398    00000004   00000004    r-- .const:ti_sysbios_family_arm_m3_Hwi_Object__table__C
  0000139c    0000139c    00000004   00000004    r-- .const:ti_sysbios_family_arm_m3_Hwi_ccr__C
  000013a0    000013a0    00000004   00000004    r-- .const:ti_sysbios_family_arm_m3_Hwi_excHandlerFunc__C
  000013a4    000013a4    00000004   00000004    r-- .const:ti_sysbios_family_arm_m3_Hwi_nullIsrFunc__C
  000013a8    000013a8    00000004   00000004    r-- .const:ti_sysbios_family_arm_m3_Hwi_numSparseInterrupts__C
  000013ac    000013ac    00000004   00000004    r-- .const:ti_sysbios_family_arm_m3_Hwi_priGroup__C
  000013b0    000013b0    00000004   00000004    r-- .const:ti_sysbios_family_arm_m3_TaskSupport_stackAlignment__C
  000013b4    000013b4    00000004   00000004    r-- .const:ti_sysbios_heaps_HeapMem_E_memory__C
  000013b8    000013b8    00000004   00000004    r-- .const:ti_sysbios_heaps_HeapMem_Module__gateObj__C
  000013bc    000013bc    00000004   00000004    r-- .const:ti_sysbios_heaps_HeapMem_Object__count__C
  000013c0    000013c0    00000004   00000004    r-- .const:ti_sysbios_heaps_HeapMem_Object__table__C
  000013c4    000013c4    00000004   00000004    r-- .const:ti_sysbios_heaps_HeapMem_reqAlign__C
  000013c8    000013c8    00000004   00000004    r-- .const:ti_sysbios_knl_Clock_serviceMargin__C
  000013cc    000013cc    00000004   00000004    r-- .const:ti_sysbios_knl_Mailbox_Object__count__C
  000013d0    000013d0    00000004   00000004    r-- .const:ti_sysbios_knl_Mailbox_Object__table__C
  000013d4    000013d4    00000004   00000004    r-- .const:ti_sysbios_knl_Mailbox_maxTypeAlign__C
  000013d8    000013d8    00000004   00000004    r-- .const:ti_sysbios_knl_Queue_Object__count__C
  000013dc    000013dc    00000004   00000004    r-- .const:ti_sysbios_knl_Queue_Object__table__C
  000013e0    000013e0    00000004   00000004    r-- .const:ti_sysbios_knl_Swi_Object__count__C
  000013e4    000013e4    00000004   00000004    r-- .const:ti_sysbios_knl_Swi_Object__table__C
  000013e8    000013e8    00000004   00000004    r-- .const:ti_sysbios_knl_Swi_numPriorities__C
  000013ec    000013ec    00000004   00000004    r-- .const:ti_sysbios_knl_Task_Object__count__C
  000013f0    000013f0    00000004   00000004    r-- .const:ti_sysbios_knl_Task_Object__table__C
  000013f4    000013f4    00000004   00000004    r-- .const:ti_sysbios_knl_Task_allBlockedFunc__C
  000013f8    000013f8    00000004   00000004    r-- .const:ti_sysbios_knl_Task_defaultStackHeap__C
  000013fc    000013fc    00000004   00000004    r-- .const:ti_sysbios_knl_Task_defaultStackSize__C
  00001400    00001400    00000004   00000004    r-- .const:ti_sysbios_knl_Task_numConstructedTasks__C
  00001404    00001404    00000002   00000002    r-x .text.3
  00001406    00001406    00000002   00000002    r-- .const:ti_sysbios_family_arm_cc26xx_Timer_Module__id__C
  00001408    00001408    00000002   00000002    r-- .const:ti_sysbios_family_arm_cc26xx_TimestampProvider_useClockTimer__C
  0000140a    0000140a    00000002   00000002    r-- .const:ti_sysbios_family_arm_m3_Hwi_Module__id__C
  0000140c    0000140c    00000002   00000002    r-- .const:ti_sysbios_gates_GateHwi_Module__id__C
  0000140e    0000140e    00000002   00000002    r-- .const:ti_sysbios_gates_GateMutex_Module__id__C
  00001410    00001410    00000002   00000002    r-- .const:ti_sysbios_heaps_HeapMem_Module__id__C
  00001412    00001412    00000002   00000002    r-- .const:ti_sysbios_knl_Task_initStackFlag__C
  00001414    00001414    00000001   00000001    r-- .const:ti_sysbios_knl_Clock_tickMode__C
  00001418    00001418    00000008   00000008    r-- .const:xdc_runtime_Startup_firstFxns__C
  00001420    00001420    00000008   00000008    r-- .const:xdc_runtime_Startup_lastFxns__C
  00001428    00001428    00000004   00000004    r-- .const:xdc_runtime_Assert_E_assertFailed__C
  0000142c    0000142c    00000004   00000004    r-- .const:xdc_runtime_Error_E_memory__C
  00001430    00001430    00000004   00000004    r-- .const:xdc_runtime_Error_policyFxn__C
  00001434    00001434    00000004   00000004    r-- .const:xdc_runtime_IGateProvider_Interface__BASE__C
  00001438    00001438    00000004   00000004    r-- .const:xdc_runtime_IHeap_Interface__BASE__C
  0000143c    0000143c    00000004   00000004    r-- .const:xdc_runtime_IModule_Interface__BASE__C
  00001440    00001440    00000004   00000004    r-- .const:xdc_runtime_Main_Module__diagsEnabled__C
  00001444    00001444    00000004   00000004    r-- .const:xdc_runtime_Main_Module__diagsIncluded__C
  00001448    00001448    00000004   00000004    r-- .const:xdc_runtime_Main_Module__diagsMask__C
  0000144c    0000144c    00000004   00000004    r-- .const:xdc_runtime_Memory_defaultHeapInstance__C
  00001450    00001450    00000004   00000004    r-- .const:xdc_runtime_Startup_execImpl__C
  00001454    00001454    00000004   00000004    r-- .const:xdc_runtime_Startup_maxPasses__C
  00001458    00001458    00000004   00000004    r-- .const:xdc_runtime_Startup_sfxnRts__C
  0000145c    0000145c    00000004   00000004    r-- .const:xdc_runtime_Startup_sfxnTab__C
  00001460    00001460    00000004   00000004    r-- .const:xdc_runtime_Startup_startModsFxn__C
  00001464    00001464    00000004   00000004    r-- .const:xdc_runtime_SysCallback_abortFxn__C
  00001468    00001468    00000004   00000004    r-- .const:xdc_runtime_SysCallback_exitFxn__C
  0000146c    0000146c    00000004   00000004    r-- .const:xdc_runtime_System_abortFxn__C
  00001470    00001470    00000004   00000004    r-- .const:xdc_runtime_System_exitFxn__C
  00001474    00001474    00000004   00000004    r-- .const:xdc_runtime_System_maxAtexitHandlers__C
  00001478    00001478    00000004   00000004    r-- .const:xdc_runtime_Text_charTab__C
  0000147c    0000147c    00000004   00000004    r-- .const:xdc_runtime_Text_nameEmpty__C
  00001480    00001480    00000004   00000004    r-- .const:xdc_runtime_Text_nameStatic__C
  00001484    00001484    00000004   00000004    r-- .const:xdc_runtime_Text_nameUnknown__C
  00001488    00001488    00000002   00000002    r-- .const:xdc_runtime_Main_Module__id__C
  0000148a    0000148a    00000002   00000002    r-- .const:xdc_runtime_Memory_Module__id__C
  0000148c    0000148c    00000002   00000002    r-- .const:xdc_runtime_Text_charCnt__C
  0000148e    0000148e    00000002   00000002    r-- .const:xdc_runtime_Text_isLoaded__C
  00001490    00001490    00000001   00000001    r-- .const:xdc_runtime_Error_policy__C
  00001494    00001494    00000004   00000004    r-- .const:ti_sysbios_rom_ROM_AONRTCChannelEnable
  00001498    00001498    00000004   00000004    r-- .const:ti_sysbios_rom_ROM_AONRTCCompareValueSet
  0000149c    0000149c    00000004   00000004    r-- .const:ti_sysbios_rom_ROM_AONRTCCurrentCompareValueGet
  000014a0    000014a0    00000004   00000004    r-- .const:ti_sysbios_rom_ROM_AONRTCEventClear
  000014a4    000014a4    00000004   00000004    r-- .const:ti_sysbios_rom_ROM_ti_sysbios_family_arm_cc26xx_Timer_getCount64__E
  000014a8    000014a8    00000004   00000004    r-- .const:ti_sysbios_rom_ROM_ti_sysbios_family_arm_cc26xx_Timer_getCurrentTick__E
  000014ac    000014ac    00000004   00000004    r-- .const:ti_sysbios_rom_ROM_ti_sysbios_family_arm_cc26xx_Timer_getMaxTicks__E
  000014b0    000014b0    00000004   00000004    r-- .const:ti_sysbios_rom_ROM_ti_sysbios_family_arm_cc26xx_Timer_initDevice__I
  000014b4    000014b4    00000004   00000004    r-- .const:ti_sysbios_rom_ROM_ti_sysbios_family_arm_cc26xx_Timer_setNextTick__E
  000014b8    000014b8    00000004   00000004    r-- .const:ti_sysbios_rom_ROM_ti_sysbios_family_arm_cc26xx_Timer_setThreshold__I
  000014bc    000014bc    00000004   00000004    r-- .const:ti_sysbios_rom_ROM_ti_sysbios_family_arm_cc26xx_Timer_start__E
  000014c0    000014c0    00000004   00000004    r-- .const:ti_sysbios_rom_ROM_ti_sysbios_family_arm_cc26xx_TimestampProvider_get32__E
  000014c4    000014c4    00000004   00000004    r-- .const:ti_sysbios_rom_ROM_xdc_runtime_Startup_getState__I
  000014c8    000014c8    00000004   00000004    r-- .const:ti_sysbios_rom_ROM_xdc_runtime_System_SupportProxy_abort__E
  000014cc    000014cc    00000004   00000004    r-- .const:ti_sysbios_rom_ROM_xdc_runtime_System_SupportProxy_exit__E
  000014d0    000014d0    00000004   00000004    r-- .const:ti_sysbios_gates_GateMutex_Instance_State_sem__O
  000014d4    000014d4    00000004   00000004    r-- .const:ti_sysbios_knl_Clock_Module_State_clockQ__O
  000014d8    000014d8    00000004   00000004    r-- .const:ti_sysbios_knl_Mailbox_Instance_State_dataQue__O
  000014dc    000014dc    00000004   00000004    r-- .const:ti_sysbios_knl_Mailbox_Instance_State_dataSem__O
  000014e0    000014e0    00000004   00000004    r-- .const:ti_sysbios_knl_Mailbox_Instance_State_freeQue__O
  000014e4    000014e4    00000004   00000004    r-- .const:ti_sysbios_knl_Mailbox_Instance_State_freeSem__O
  000014e8    000014e8    00000004   00000004    r-- .const:ti_sysbios_knl_Semaphore_Instance_State_pendQ__O
  000014ec    000014ec    00000004   00000004    r-- .const:ti_sysbios_knl_Task_Module_State_inactiveQ__O
  000014f0    000014f0    00000bfc   00000bfc    r-- config_const
  000020ec    000020ec    00016368   00016368    r-x .text.4
  00018458    00018458    000004a8   000004a8    r-- .cinit
0001e000    0001e000    00002000   00002000    r-x
  0001e000    0001e000    00001000   00001000    r-- .TI.bound:NV_FLASH
  0001f000    0001f000    00000fa8   00000fa8    r-x .text.5
  0001ffa8    0001ffa8    00000058   00000058    r-- .ccfg
20000100    20000100    00002df2   00000000    rw-
  20000100    20000100    00000044   00000000    rw- .data:ti_sysbios_knl_Task_Module__state__V
  20000144    20000144    00000034   00000000    rw- .data:ti_sysbios_family_arm_m3_Hwi_Module__state__V
  20000178    20000178    0000002c   00000000    rw- .data:ti_sysbios_knl_Clock_Module__state__V
  200001a4    200001a4    00000024   00000000    rw- .data:ti_sysbios_BIOS_Module__state__V
  200001c8    200001c8    0000001c   00000000    rw- .data:ti_sysbios_knl_Swi_Module__state__V
  200001e4    200001e4    00000008   00000000    rw- .data:ti_sysbios_family_arm_cc26xx_Timer_Module__state__V
  200001ec    200001ec    00000004   00000000    rw- .data:ti_sysbios_family_arm_cc26xx_TimestampProvider_Module__state__V
  200001f0    200001f0    00000008   00000000    rw- .data:xdc_runtime_Startup_Module__state__V
  200001f8    200001f8    00000008   00000000    rw- .data:xdc_runtime_System_Module__state__V
  20000200    20000200    00000004   00000000    rw- .data:xdc_runtime_Memory_Module__state__V
  20000208    20000208    00002288   00000000    rw- .data
  20002490    20002490    00000a62   00000000    rw- .bss
20004b00    20004b00    00000500   00000000    rw-
  20004b00    20004b00    00000500   00000000    rw- .stack


SECTION ALLOCATION MAP

 output                                  attributes/
section   page    origin      length       input sections
--------  ----  ----------  ----------   ----------------
.const     0    0000003c    00000c6c     
                  0000003c    000003e0     mac_cfg.obj (.const:$O7$$)
                  0000041c    00000234     maclib_secure_cc13x0.a : hmac_global.obj (.const:$O24$$)
                  00000650    000000fa                            : fh_global.obj (.const:FH_stateMatrix)
                  0000074a    00000002     jdllc.obj (.const:keyUsageList$20)
                  0000074c    00000088     jdllc.obj (.const:$O14$$)
                  000007d4    0000006e     maclib_secure_cc13x0.a : hmac_global.obj (.const:macIdleSt)
                  00000842    0000006e                            : hmac_global.obj (.const:macScanningSt)
                  000008b0    0000004c     drivers_cc13x0.aem3 : PowerCC26XX.oem3 (.const:resourceDB)
                  000008fc    00000048     app_pem3.oem3 (.const:.string)
                  00000944    00000044     drivers_cc13x0.aem3 : UARTCC26XX.oem3 (.const:$O1$$)
                  00000988    00000034     CC1350_LAUNCHXL.obj (.const:BoardGpioInitTable)
                  000009bc    00000030     drivers_cc13x0.aem3 : Random.oem3 (.const:$O1$$)
                  000009ec    00000028                         : UARTCC26XX.oem3 (.const:UARTCC26XX_fxnTable)
                  00000a14    00000028     app_pem3.oem3 (.const:ti_sysbios_heaps_HeapCallback_Module__FXNS__C)
                  00000a3c    00000028     CC1350_LAUNCHXL.obj (.const:uartCC26XXHWAttrs)
                  00000a64    00000028     app_pem3.oem3 (.const:xdc_runtime_Startup_sfxnTab__A)
                  00000a8c    00000024     drivers_cc13x0.aem3 : UART.oem3 (.const:UART_defaultParams)
                  00000ab0    00000020     jdllc.obj (.const:keyDeviceList$20)
                  00000ad0    00000020     app_pem3.oem3 (.const:ti_sysbios_heaps_HeapCallback_Object__DESC__C)
                  00000af0    0000001c     rf_multiMode_cc13x0.aem3 : RFCC26XX_multiMode.oem3 (.const:RF_defaultParams)
                  00000b0c    0000001c     app_pem3.oem3 (.const:ti_sysbios_heaps_HeapCallback_Object__PARAMS__C)
                  00000b28    00000018     drivers_cc13x0.aem3 : I2CCC26XX.oem3 (.const:I2CCC26XX_fxnTable)
                  00000b40    00000018     CC1350_LAUNCHXL.obj (.const:PowerCC26XX_config)
                  00000b58    00000018     CC1350_LAUNCHXL.obj (.const:i2cCC26xxHWAttrs)
                  00000b70    00000018     driverlib.lib : rfc.obj (.const:rfc_defaultIrqAddr$80)
                  00000b88    00000014     app_pem3.oem3 (.const:xdc_runtime_Startup_sfxnRts__A)
                  00000b9c    00000013     macTask.obj (.const:.string:msacbackSizeTable)
                  00000baf    00000012     CC1350_LAUNCHXL.obj (.const)
                  00000bc1    00000001     app_pem3.oem3 (.const:xdc_runtime_Text_charTab__A)
                  00000bc2    00000002     app_pem3.oem3 (.const:xdc_runtime_Text_registryModsLastId__C)
                  00000bc4    00000010     drivers_cc13x0.aem3 : I2C.oem3 (.const:I2C_defaultParams)
                  00000bd4    00000010                         : TRNG.oem3 (.const:TRNG_defaultParams)
                  00000be4    00000010     CC1350_LAUNCHXL.obj (.const:cryptoCC26XXHWAttrs)
                  00000bf4    0000000c     CC1350_LAUNCHXL.obj (.const:I2C_config)
                  00000c00    0000000c     CC1350_LAUNCHXL.obj (.const:RFCC26XX_hwAttrs)
                  00000c0c    0000000c     CC1350_LAUNCHXL.obj (.const:UART_config)
                  00000c18    0000000c     app_pem3.oem3 (.const:xdc_runtime_Startup_firstFxns__A)
                  00000c24    00000008     maclib_secure_cc13x0.a : mac_rx.obj (.const:$O30$$)
                  00000c2c    00000008     main.obj (.const:.string:dummyExtAddr$24)
                  00000c34    00000008     maclib_secure_cc13x0.a : fh_global.obj (.const:.string:fhSupFrameTypes)
                  00000c3c    00000008     CC1350_LAUNCHXL.obj (.const:CryptoCC26XX_config)
                  00000c44    00000008     CC1350_LAUNCHXL.obj (.const:PINCC26XX_hwAttrs)
                  00000c4c    00000008     drivers_cc13x0.aem3 : I2CCC26XX.oem3 (.const:bitRate)
                  00000c54    00000008     app_pem3.oem3 (.const:ti_sysbios_knl_Idle_funcList__A)
                  00000c5c    00000006     ssf.obj (.const:nvResetId$26)
                  00000c62    00000002     app_pem3.oem3 (.const:xdc_runtime_Text_unnamedModsLastId__C)
                  00000c64    00000004     app_pem3.oem3 (.const:ti_sysbios_family_arm_cc26xx_Timer_funcHookCH1__C)
                  00000c68    00000004     app_pem3.oem3 (.const:ti_sysbios_family_arm_cc26xx_Timer_funcHookCH2__C)
                  00000c6c    00000004     app_pem3.oem3 (.const:ti_sysbios_heaps_HeapCallback_Object__count__C)
                  00000c70    00000004     app_pem3.oem3 (.const:ti_sysbios_heaps_HeapCallback_allocInstFxn__C)
                  00000c74    00000004     app_pem3.oem3 (.const:ti_sysbios_heaps_HeapCallback_createInstFxn__C)
                  00000c78    00000004     app_pem3.oem3 (.const:ti_sysbios_heaps_HeapCallback_deleteInstFxn__C)
                  00000c7c    00000004     app_pem3.oem3 (.const:ti_sysbios_heaps_HeapCallback_freeInstFxn__C)
                  00000c80    00000004     app_pem3.oem3 (.const:ti_sysbios_heaps_HeapCallback_getStatsInstFxn__C)
                  00000c84    00000004     app_pem3.oem3 (.const:ti_sysbios_heaps_HeapCallback_initInstFxn__C)
                  00000c88    00000004     app_pem3.oem3 (.const:ti_sysbios_heaps_HeapCallback_isBlockingInstFxn__C)
                  00000c8c    00000004     app_pem3.oem3 (.const:ti_sysbios_knl_Clock_tickPeriod__C)
                  00000c90    00000004     app_pem3.oem3 (.const:ti_sysbios_knl_Clock_triggerClock__C)
                  00000c94    00000004     app_pem3.oem3 (.const:xdc_runtime_SysCallback_flushFxn__C)
                  00000c98    00000004     app_pem3.oem3 (.const:xdc_runtime_SysCallback_putchFxn__C)
                  00000c9c    00000004     app_pem3.oem3 (.const:xdc_runtime_SysCallback_readyFxn__C)
                  00000ca0    00000004     app_pem3.oem3 (.const:xdc_runtime_System_extendFxn__C)
                  00000ca4    00000004     app_pem3.oem3 (.const:xdc_runtime_Text_visitRopeFxn__C)

config_const 
*          0    000014f0    00000bfc     
                  000014f0    00000ab4     mac_user_config.obj (.const:$O16$$)
                  00001fa4    0000006c     mac_user_config.obj (.const:macRfDriverTable)
                  00002010    00000055     mac_user_config.obj (.const:txPowerTable_subg_CC1310)
                  00002065    00000050     mac_user_config.obj (.const:txPowerTable_subg_CC1350)
                  000020b5    00000001     mac_user_config.obj (.const)
                  000020b6    00000002     --HOLE-- [fill = 0]
                  000020b8    00000028     mac_user_config.obj (.const:macCryptoDriverTable)
                  000020e0    0000000c     mac_user_config.obj (.const:macTxPwrTbl)

.cinit     0    00018458    000004a8     
                  00018458    00000370     (.cinit..data.load) [load image, compression = lzss]
                  000187c8    00000028     (.cinit..data:ti_sysbios_family_arm_m3_Hwi_Module__state__V.load) [load image, compression = lzss]
                  000187f0    00000021     (.cinit..data:ti_sysbios_knl_Task_Module__state__V.load) [load image, compression = lzss]
                  00018811    0000001f     (.cinit..data:ti_sysbios_BIOS_Module__state__V.load) [load image, compression = lzss]
                  00018830    0000001e     (.cinit..data:ti_sysbios_knl_Clock_Module__state__V.load) [load image, compression = lzss]
                  0001884e    00000010     (.cinit..data:ti_sysbios_knl_Swi_Module__state__V.load) [load image, compression = lzss]
                  0001885e    00000002     --HOLE-- [fill = 0]
                  00018860    0000000c     (__TI_handler_table)
                  0001886c    0000000b     (.cinit..data:ti_sysbios_family_arm_cc26xx_Timer_Module__state__V.load) [load image, compression = lzss]
                  00018877    00000001     --HOLE-- [fill = 0]
                  00018878    00000008     (.cinit..bss.load) [load image, compression = zero_init]
                  00018880    00000008     (.cinit..data:xdc_runtime_Memory_Module__state__V.load) [load image, compression = lzss]
                  00018888    00000007     (.cinit..data:ti_sysbios_family_arm_cc26xx_TimestampProvider_Module__state__V.load) [load image, compression = lzss]
                  0001888f    00000007     (.cinit..data:xdc_runtime_Startup_Module__state__V.load) [load image, compression = lzss]
                  00018896    00000007     (.cinit..data:xdc_runtime_System_Module__state__V.load) [load image, compression = lzss]
                  0001889d    00000003     --HOLE-- [fill = 0]
                  000188a0    00000060     (__TI_cinit_table)

.init_array 
*          0    00000000    00000000     UNINITIALIZED

.const:ti_sysbios_knl_Task_Object__PARAMS__C 
*          0    00001000    0000003c     
                  00001000    0000003c     app_pem3.oem3 (.const:ti_sysbios_knl_Task_Object__PARAMS__C)

.const:ti_sysbios_knl_Mailbox_Object__PARAMS__C 
*          0    0000103c    00000034     
                  0000103c    00000034     app_pem3.oem3 (.const:ti_sysbios_knl_Mailbox_Object__PARAMS__C)

.const:ti_sysbios_family_arm_m3_Hwi_Object__PARAMS__C 
*          0    00001070    00000030     
                  00001070    00000030     app_pem3.oem3 (.const:ti_sysbios_family_arm_m3_Hwi_Object__PARAMS__C)

.const:ti_sysbios_hal_Hwi_Object__PARAMS__C 
*          0    000010a0    0000002c     
                  000010a0    0000002c     app_pem3.oem3 (.const:ti_sysbios_hal_Hwi_Object__PARAMS__C)

.const:ti_sysbios_heaps_HeapMem_Module__FXNS__C 
*          0    000010cc    00000028     
                  000010cc    00000028     app_pem3.oem3 (.const:ti_sysbios_heaps_HeapMem_Module__FXNS__C)

.const:ti_sysbios_knl_Swi_Object__PARAMS__C 
*          0    000010f4    00000028     
                  000010f4    00000028     app_pem3.oem3 (.const:ti_sysbios_knl_Swi_Object__PARAMS__C)

.const:ti_sysbios_gates_GateHwi_Module__FXNS__C 
*          0    0000111c    00000024     
                  0000111c    00000024     app_pem3.oem3 (.const:ti_sysbios_gates_GateHwi_Module__FXNS__C)

.const:ti_sysbios_gates_GateMutex_Module__FXNS__C 
*          0    00001140    00000024     
                  00001140    00000024     app_pem3.oem3 (.const:ti_sysbios_gates_GateMutex_Module__FXNS__C)

.const:ti_sysbios_heaps_HeapMem_Object__PARAMS__C 
*          0    00001164    00000024     
                  00001164    00000024     app_pem3.oem3 (.const:ti_sysbios_heaps_HeapMem_Object__PARAMS__C)

.const:ti_sysbios_knl_Clock_Object__PARAMS__C 
*          0    00001188    00000024     
                  00001188    00000024     app_pem3.oem3 (.const:ti_sysbios_knl_Clock_Object__PARAMS__C)

.const:ti_sysbios_knl_Semaphore_Object__PARAMS__C 
*          0    000011ac    00000024     
                  000011ac    00000024     app_pem3.oem3 (.const:ti_sysbios_knl_Semaphore_Object__PARAMS__C)

.const:ti_sysbios_family_arm_m3_Hwi_Object__DESC__C 
*          0    000011d0    00000020     
                  000011d0    00000020     app_pem3.oem3 (.const:ti_sysbios_family_arm_m3_Hwi_Object__DESC__C)

.const:ti_sysbios_gates_GateHwi_Object__DESC__C 
*          0    000011f0    00000020     
                  000011f0    00000020     app_pem3.oem3 (.const:ti_sysbios_gates_GateHwi_Object__DESC__C)

.const:ti_sysbios_gates_GateMutex_Object__DESC__C 
*          0    00001210    00000020     
                  00001210    00000020     app_pem3.oem3 (.const:ti_sysbios_gates_GateMutex_Object__DESC__C)

.const:ti_sysbios_hal_Hwi_Object__DESC__C 
*          0    00001230    00000020     
                  00001230    00000020     app_pem3.oem3 (.const:ti_sysbios_hal_Hwi_Object__DESC__C)

.const:ti_sysbios_heaps_HeapMem_Object__DESC__C 
*          0    00001250    00000020     
                  00001250    00000020     app_pem3.oem3 (.const:ti_sysbios_heaps_HeapMem_Object__DESC__C)

.const:ti_sysbios_knl_Clock_Object__DESC__C 
*          0    00001270    00000020     
                  00001270    00000020     app_pem3.oem3 (.const:ti_sysbios_knl_Clock_Object__DESC__C)

.const:ti_sysbios_knl_Mailbox_Object__DESC__C 
*          0    00001290    00000020     
                  00001290    00000020     app_pem3.oem3 (.const:ti_sysbios_knl_Mailbox_Object__DESC__C)

.const:ti_sysbios_knl_Queue_Object__DESC__C 
*          0    000012b0    00000020     
                  000012b0    00000020     app_pem3.oem3 (.const:ti_sysbios_knl_Queue_Object__DESC__C)

.const:ti_sysbios_knl_Semaphore_Object__DESC__C 
*          0    000012d0    00000020     
                  000012d0    00000020     app_pem3.oem3 (.const:ti_sysbios_knl_Semaphore_Object__DESC__C)

.const:ti_sysbios_knl_Swi_Object__DESC__C 
*          0    000012f0    00000020     
                  000012f0    00000020     app_pem3.oem3 (.const:ti_sysbios_knl_Swi_Object__DESC__C)

.const:ti_sysbios_knl_Task_Object__DESC__C 
*          0    00001310    00000020     
                  00001310    00000020     app_pem3.oem3 (.const:ti_sysbios_knl_Task_Object__DESC__C)

.const:ti_sysbios_gates_GateHwi_Object__PARAMS__C 
*          0    00001330    00000018     
                  00001330    00000018     app_pem3.oem3 (.const:ti_sysbios_gates_GateHwi_Object__PARAMS__C)

.const:ti_sysbios_gates_GateMutex_Object__PARAMS__C 
*          0    00001348    00000018     
                  00001348    00000018     app_pem3.oem3 (.const:ti_sysbios_gates_GateMutex_Object__PARAMS__C)

.const:ti_sysbios_knl_Queue_Object__PARAMS__C 
*          0    00001360    00000018     
                  00001360    00000018     app_pem3.oem3 (.const:ti_sysbios_knl_Queue_Object__PARAMS__C)

.const:ti_sysbios_knl_Idle_funcList__C 
*          0    00001378    00000008     
                  00001378    00000008     app_pem3.oem3 (.const:ti_sysbios_knl_Idle_funcList__C)

.const:ti_sysbios_family_arm_cc26xx_Timer_startupNeeded__C 
*          0    00001384    00000004     
                  00001384    00000004     app_pem3.oem3 (.const:ti_sysbios_family_arm_cc26xx_Timer_startupNeeded__C)

.const:ti_sysbios_family_arm_m3_Hwi_E_alreadyDefined__C 
*          0    00001388    00000004     
                  00001388    00000004     app_pem3.oem3 (.const:ti_sysbios_family_arm_m3_Hwi_E_alreadyDefined__C)

.const:ti_sysbios_family_arm_m3_Hwi_E_hwiLimitExceeded__C 
*          0    0000138c    00000004     
                  0000138c    00000004     app_pem3.oem3 (.const:ti_sysbios_family_arm_m3_Hwi_E_hwiLimitExceeded__C)

.const:ti_sysbios_family_arm_m3_Hwi_NUM_INTERRUPTS__C 
*          0    00001390    00000004     
                  00001390    00000004     app_pem3.oem3 (.const:ti_sysbios_family_arm_m3_Hwi_NUM_INTERRUPTS__C)

.const:ti_sysbios_family_arm_m3_Hwi_Object__count__C 
*          0    00001394    00000004     
                  00001394    00000004     app_pem3.oem3 (.const:ti_sysbios_family_arm_m3_Hwi_Object__count__C)

.const:ti_sysbios_family_arm_m3_Hwi_Object__table__C 
*          0    00001398    00000004     
                  00001398    00000004     app_pem3.oem3 (.const:ti_sysbios_family_arm_m3_Hwi_Object__table__C)

.const:ti_sysbios_family_arm_m3_Hwi_ccr__C 
*          0    0000139c    00000004     
                  0000139c    00000004     app_pem3.oem3 (.const:ti_sysbios_family_arm_m3_Hwi_ccr__C)

.const:ti_sysbios_family_arm_m3_Hwi_excHandlerFunc__C 
*          0    000013a0    00000004     
                  000013a0    00000004     app_pem3.oem3 (.const:ti_sysbios_family_arm_m3_Hwi_excHandlerFunc__C)

.const:ti_sysbios_family_arm_m3_Hwi_nullIsrFunc__C 
*          0    000013a4    00000004     
                  000013a4    00000004     app_pem3.oem3 (.const:ti_sysbios_family_arm_m3_Hwi_nullIsrFunc__C)

.const:ti_sysbios_family_arm_m3_Hwi_numSparseInterrupts__C 
*          0    000013a8    00000004     
                  000013a8    00000004     app_pem3.oem3 (.const:ti_sysbios_family_arm_m3_Hwi_numSparseInterrupts__C)

.const:ti_sysbios_family_arm_m3_Hwi_priGroup__C 
*          0    000013ac    00000004     
                  000013ac    00000004     app_pem3.oem3 (.const:ti_sysbios_family_arm_m3_Hwi_priGroup__C)

.const:ti_sysbios_family_arm_m3_TaskSupport_stackAlignment__C 
*          0    000013b0    00000004     
                  000013b0    00000004     app_pem3.oem3 (.const:ti_sysbios_family_arm_m3_TaskSupport_stackAlignment__C)

.const:ti_sysbios_heaps_HeapMem_E_memory__C 
*          0    000013b4    00000004     
                  000013b4    00000004     app_pem3.oem3 (.const:ti_sysbios_heaps_HeapMem_E_memory__C)

.const:ti_sysbios_heaps_HeapMem_Module__gateObj__C 
*          0    000013b8    00000004     
                  000013b8    00000004     app_pem3.oem3 (.const:ti_sysbios_heaps_HeapMem_Module__gateObj__C)

.const:ti_sysbios_heaps_HeapMem_Object__count__C 
*          0    000013bc    00000004     
                  000013bc    00000004     app_pem3.oem3 (.const:ti_sysbios_heaps_HeapMem_Object__count__C)

.const:ti_sysbios_heaps_HeapMem_Object__table__C 
*          0    000013c0    00000004     
                  000013c0    00000004     app_pem3.oem3 (.const:ti_sysbios_heaps_HeapMem_Object__table__C)

.const:ti_sysbios_heaps_HeapMem_reqAlign__C 
*          0    000013c4    00000004     
                  000013c4    00000004     app_pem3.oem3 (.const:ti_sysbios_heaps_HeapMem_reqAlign__C)

.const:ti_sysbios_knl_Clock_serviceMargin__C 
*          0    000013c8    00000004     
                  000013c8    00000004     app_pem3.oem3 (.const:ti_sysbios_knl_Clock_serviceMargin__C)

.const:ti_sysbios_knl_Mailbox_Object__count__C 
*          0    000013cc    00000004     
                  000013cc    00000004     app_pem3.oem3 (.const:ti_sysbios_knl_Mailbox_Object__count__C)

.const:ti_sysbios_knl_Mailbox_Object__table__C 
*          0    000013d0    00000004     
                  000013d0    00000004     app_pem3.oem3 (.const:ti_sysbios_knl_Mailbox_Object__table__C)

.const:ti_sysbios_knl_Mailbox_maxTypeAlign__C 
*          0    000013d4    00000004     
                  000013d4    00000004     app_pem3.oem3 (.const:ti_sysbios_knl_Mailbox_maxTypeAlign__C)

.const:ti_sysbios_knl_Queue_Object__count__C 
*          0    000013d8    00000004     
                  000013d8    00000004     app_pem3.oem3 (.const:ti_sysbios_knl_Queue_Object__count__C)

.const:ti_sysbios_knl_Queue_Object__table__C 
*          0    000013dc    00000004     
                  000013dc    00000004     app_pem3.oem3 (.const:ti_sysbios_knl_Queue_Object__table__C)

.const:ti_sysbios_knl_Swi_Object__count__C 
*          0    000013e0    00000004     
                  000013e0    00000004     app_pem3.oem3 (.const:ti_sysbios_knl_Swi_Object__count__C)

.const:ti_sysbios_knl_Swi_Object__table__C 
*          0    000013e4    00000004     
                  000013e4    00000004     app_pem3.oem3 (.const:ti_sysbios_knl_Swi_Object__table__C)

.const:ti_sysbios_knl_Swi_numPriorities__C 
*          0    000013e8    00000004     
                  000013e8    00000004     app_pem3.oem3 (.const:ti_sysbios_knl_Swi_numPriorities__C)

.const:ti_sysbios_knl_Task_Object__count__C 
*          0    000013ec    00000004     
                  000013ec    00000004     app_pem3.oem3 (.const:ti_sysbios_knl_Task_Object__count__C)

.const:ti_sysbios_knl_Task_Object__table__C 
*          0    000013f0    00000004     
                  000013f0    00000004     app_pem3.oem3 (.const:ti_sysbios_knl_Task_Object__table__C)

.const:ti_sysbios_knl_Task_allBlockedFunc__C 
*          0    000013f4    00000004     
                  000013f4    00000004     app_pem3.oem3 (.const:ti_sysbios_knl_Task_allBlockedFunc__C)

.const:ti_sysbios_knl_Task_defaultStackHeap__C 
*          0    000013f8    00000004     
                  000013f8    00000004     app_pem3.oem3 (.const:ti_sysbios_knl_Task_defaultStackHeap__C)

.const:ti_sysbios_knl_Task_defaultStackSize__C 
*          0    000013fc    00000004     
                  000013fc    00000004     app_pem3.oem3 (.const:ti_sysbios_knl_Task_defaultStackSize__C)

.const:ti_sysbios_knl_Task_numConstructedTasks__C 
*          0    00001400    00000004     
                  00001400    00000004     app_pem3.oem3 (.const:ti_sysbios_knl_Task_numConstructedTasks__C)

.const:ti_sysbios_family_arm_cc26xx_Timer_Module__id__C 
*          0    00001406    00000002     
                  00001406    00000002     app_pem3.oem3 (.const:ti_sysbios_family_arm_cc26xx_Timer_Module__id__C)

.const:ti_sysbios_family_arm_cc26xx_TimestampProvider_useClockTimer__C 
*          0    00001408    00000002     
                  00001408    00000002     app_pem3.oem3 (.const:ti_sysbios_family_arm_cc26xx_TimestampProvider_useClockTimer__C)

.const:ti_sysbios_family_arm_m3_Hwi_Module__id__C 
*          0    0000140a    00000002     
                  0000140a    00000002     app_pem3.oem3 (.const:ti_sysbios_family_arm_m3_Hwi_Module__id__C)

.const:ti_sysbios_gates_GateHwi_Module__id__C 
*          0    0000140c    00000002     
                  0000140c    00000002     app_pem3.oem3 (.const:ti_sysbios_gates_GateHwi_Module__id__C)

.const:ti_sysbios_gates_GateMutex_Module__id__C 
*          0    0000140e    00000002     
                  0000140e    00000002     app_pem3.oem3 (.const:ti_sysbios_gates_GateMutex_Module__id__C)

.const:ti_sysbios_heaps_HeapMem_Module__id__C 
*          0    00001410    00000002     
                  00001410    00000002     app_pem3.oem3 (.const:ti_sysbios_heaps_HeapMem_Module__id__C)

.const:ti_sysbios_knl_Task_initStackFlag__C 
*          0    00001412    00000002     
                  00001412    00000002     app_pem3.oem3 (.const:ti_sysbios_knl_Task_initStackFlag__C)

.const:ti_sysbios_knl_Clock_tickMode__C 
*          0    00001414    00000001     
                  00001414    00000001     app_pem3.oem3 (.const:ti_sysbios_knl_Clock_tickMode__C)

.const:xdc_runtime_Startup_firstFxns__C 
*          0    00001418    00000008     
                  00001418    00000008     app_pem3.oem3 (.const:xdc_runtime_Startup_firstFxns__C)

.const:xdc_runtime_Startup_lastFxns__C 
*          0    00001420    00000008     
                  00001420    00000008     app_pem3.oem3 (.const:xdc_runtime_Startup_lastFxns__C)

.const:xdc_runtime_Assert_E_assertFailed__C 
*          0    00001428    00000004     
                  00001428    00000004     app_pem3.oem3 (.const:xdc_runtime_Assert_E_assertFailed__C)

.const:xdc_runtime_Error_E_memory__C 
*          0    0000142c    00000004     
                  0000142c    00000004     app_pem3.oem3 (.const:xdc_runtime_Error_E_memory__C)

.const:xdc_runtime_Error_policyFxn__C 
*          0    00001430    00000004     
                  00001430    00000004     app_pem3.oem3 (.const:xdc_runtime_Error_policyFxn__C)

.const:xdc_runtime_IGateProvider_Interface__BASE__C 
*          0    00001434    00000004     
                  00001434    00000004     app_pem3.oem3 (.const:xdc_runtime_IGateProvider_Interface__BASE__C)

.const:xdc_runtime_IHeap_Interface__BASE__C 
*          0    00001438    00000004     
                  00001438    00000004     app_pem3.oem3 (.const:xdc_runtime_IHeap_Interface__BASE__C)

.const:xdc_runtime_IModule_Interface__BASE__C 
*          0    0000143c    00000004     
                  0000143c    00000004     app_pem3.oem3 (.const:xdc_runtime_IModule_Interface__BASE__C)

.const:xdc_runtime_Main_Module__diagsEnabled__C 
*          0    00001440    00000004     
                  00001440    00000004     app_pem3.oem3 (.const:xdc_runtime_Main_Module__diagsEnabled__C)

.const:xdc_runtime_Main_Module__diagsIncluded__C 
*          0    00001444    00000004     
                  00001444    00000004     app_pem3.oem3 (.const:xdc_runtime_Main_Module__diagsIncluded__C)

.const:xdc_runtime_Main_Module__diagsMask__C 
*          0    00001448    00000004     
                  00001448    00000004     app_pem3.oem3 (.const:xdc_runtime_Main_Module__diagsMask__C)

.const:xdc_runtime_Memory_defaultHeapInstance__C 
*          0    0000144c    00000004     
                  0000144c    00000004     app_pem3.oem3 (.const:xdc_runtime_Memory_defaultHeapInstance__C)

.const:xdc_runtime_Startup_execImpl__C 
*          0    00001450    00000004     
                  00001450    00000004     app_pem3.oem3 (.const:xdc_runtime_Startup_execImpl__C)

.const:xdc_runtime_Startup_maxPasses__C 
*          0    00001454    00000004     
                  00001454    00000004     app_pem3.oem3 (.const:xdc_runtime_Startup_maxPasses__C)

.const:xdc_runtime_Startup_sfxnRts__C 
*          0    00001458    00000004     
                  00001458    00000004     app_pem3.oem3 (.const:xdc_runtime_Startup_sfxnRts__C)

.const:xdc_runtime_Startup_sfxnTab__C 
*          0    0000145c    00000004     
                  0000145c    00000004     app_pem3.oem3 (.const:xdc_runtime_Startup_sfxnTab__C)

.const:xdc_runtime_Startup_startModsFxn__C 
*          0    00001460    00000004     
                  00001460    00000004     app_pem3.oem3 (.const:xdc_runtime_Startup_startModsFxn__C)

.const:xdc_runtime_SysCallback_abortFxn__C 
*          0    00001464    00000004     
                  00001464    00000004     app_pem3.oem3 (.const:xdc_runtime_SysCallback_abortFxn__C)

.const:xdc_runtime_SysCallback_exitFxn__C 
*          0    00001468    00000004     
                  00001468    00000004     app_pem3.oem3 (.const:xdc_runtime_SysCallback_exitFxn__C)

.const:xdc_runtime_System_abortFxn__C 
*          0    0000146c    00000004     
                  0000146c    00000004     app_pem3.oem3 (.const:xdc_runtime_System_abortFxn__C)

.const:xdc_runtime_System_exitFxn__C 
*          0    00001470    00000004     
                  00001470    00000004     app_pem3.oem3 (.const:xdc_runtime_System_exitFxn__C)

.const:xdc_runtime_System_maxAtexitHandlers__C 
*          0    00001474    00000004     
                  00001474    00000004     app_pem3.oem3 (.const:xdc_runtime_System_maxAtexitHandlers__C)

.const:xdc_runtime_Text_charTab__C 
*          0    00001478    00000004     
                  00001478    00000004     app_pem3.oem3 (.const:xdc_runtime_Text_charTab__C)

.const:xdc_runtime_Text_nameEmpty__C 
*          0    0000147c    00000004     
                  0000147c    00000004     app_pem3.oem3 (.const:xdc_runtime_Text_nameEmpty__C)

.const:xdc_runtime_Text_nameStatic__C 
*          0    00001480    00000004     
                  00001480    00000004     app_pem3.oem3 (.const:xdc_runtime_Text_nameStatic__C)

.const:xdc_runtime_Text_nameUnknown__C 
*          0    00001484    00000004     
                  00001484    00000004     app_pem3.oem3 (.const:xdc_runtime_Text_nameUnknown__C)

.const:xdc_runtime_Main_Module__id__C 
*          0    00001488    00000002     
                  00001488    00000002     app_pem3.oem3 (.const:xdc_runtime_Main_Module__id__C)

.const:xdc_runtime_Memory_Module__id__C 
*          0    0000148a    00000002     
                  0000148a    00000002     app_pem3.oem3 (.const:xdc_runtime_Memory_Module__id__C)

.const:xdc_runtime_Text_charCnt__C 
*          0    0000148c    00000002     
                  0000148c    00000002     app_pem3.oem3 (.const:xdc_runtime_Text_charCnt__C)

.const:xdc_runtime_Text_isLoaded__C 
*          0    0000148e    00000002     
                  0000148e    00000002     app_pem3.oem3 (.const:xdc_runtime_Text_isLoaded__C)

.const:xdc_runtime_Error_policy__C 
*          0    00001490    00000001     
                  00001490    00000001     app_pem3.oem3 (.const:xdc_runtime_Error_policy__C)

.const:ti_sysbios_rom_ROM_AONRTCChannelEnable 
*          0    00001494    00000004     
                  00001494    00000004     app_pem3.oem3 (.const:ti_sysbios_rom_ROM_AONRTCChannelEnable)

.const:ti_sysbios_rom_ROM_AONRTCCompareValueSet 
*          0    00001498    00000004     
                  00001498    00000004     app_pem3.oem3 (.const:ti_sysbios_rom_ROM_AONRTCCompareValueSet)

.const:ti_sysbios_rom_ROM_AONRTCCurrentCompareValueGet 
*          0    0000149c    00000004     
                  0000149c    00000004     app_pem3.oem3 (.const:ti_sysbios_rom_ROM_AONRTCCurrentCompareValueGet)

.const:ti_sysbios_rom_ROM_AONRTCEventClear 
*          0    000014a0    00000004     
                  000014a0    00000004     app_pem3.oem3 (.const:ti_sysbios_rom_ROM_AONRTCEventClear)

.const:ti_sysbios_rom_ROM_ti_sysbios_family_arm_cc26xx_Timer_getCount64__E 
*          0    000014a4    00000004     
                  000014a4    00000004     app_pem3.oem3 (.const:ti_sysbios_rom_ROM_ti_sysbios_family_arm_cc26xx_Timer_getCount64__E)

.const:ti_sysbios_rom_ROM_ti_sysbios_family_arm_cc26xx_Timer_getCurrentTick__E 
*          0    000014a8    00000004     
                  000014a8    00000004     app_pem3.oem3 (.const:ti_sysbios_rom_ROM_ti_sysbios_family_arm_cc26xx_Timer_getCurrentTick__E)

.const:ti_sysbios_rom_ROM_ti_sysbios_family_arm_cc26xx_Timer_getMaxTicks__E 
*          0    000014ac    00000004     
                  000014ac    00000004     app_pem3.oem3 (.const:ti_sysbios_rom_ROM_ti_sysbios_family_arm_cc26xx_Timer_getMaxTicks__E)

.const:ti_sysbios_rom_ROM_ti_sysbios_family_arm_cc26xx_Timer_initDevice__I 
*          0    000014b0    00000004     
                  000014b0    00000004     app_pem3.oem3 (.const:ti_sysbios_rom_ROM_ti_sysbios_family_arm_cc26xx_Timer_initDevice__I)

.const:ti_sysbios_rom_ROM_ti_sysbios_family_arm_cc26xx_Timer_setNextTick__E 
*          0    000014b4    00000004     
                  000014b4    00000004     app_pem3.oem3 (.const:ti_sysbios_rom_ROM_ti_sysbios_family_arm_cc26xx_Timer_setNextTick__E)

.const:ti_sysbios_rom_ROM_ti_sysbios_family_arm_cc26xx_Timer_setThreshold__I 
*          0    000014b8    00000004     
                  000014b8    00000004     app_pem3.oem3 (.const:ti_sysbios_rom_ROM_ti_sysbios_family_arm_cc26xx_Timer_setThreshold__I)

.const:ti_sysbios_rom_ROM_ti_sysbios_family_arm_cc26xx_Timer_start__E 
*          0    000014bc    00000004     
                  000014bc    00000004     app_pem3.oem3 (.const:ti_sysbios_rom_ROM_ti_sysbios_family_arm_cc26xx_Timer_start__E)

.const:ti_sysbios_rom_ROM_ti_sysbios_family_arm_cc26xx_TimestampProvider_get32__E 
*          0    000014c0    00000004     
                  000014c0    00000004     app_pem3.oem3 (.const:ti_sysbios_rom_ROM_ti_sysbios_family_arm_cc26xx_TimestampProvider_get32__E)

.const:ti_sysbios_rom_ROM_xdc_runtime_Startup_getState__I 
*          0    000014c4    00000004     
                  000014c4    00000004     app_pem3.oem3 (.const:ti_sysbios_rom_ROM_xdc_runtime_Startup_getState__I)

.const:ti_sysbios_rom_ROM_xdc_runtime_System_SupportProxy_abort__E 
*          0    000014c8    00000004     
                  000014c8    00000004     app_pem3.oem3 (.const:ti_sysbios_rom_ROM_xdc_runtime_System_SupportProxy_abort__E)

.const:ti_sysbios_rom_ROM_xdc_runtime_System_SupportProxy_exit__E 
*          0    000014cc    00000004     
                  000014cc    00000004     app_pem3.oem3 (.const:ti_sysbios_rom_ROM_xdc_runtime_System_SupportProxy_exit__E)

.const:ti_sysbios_gates_GateMutex_Instance_State_sem__O 
*          0    000014d0    00000004     
                  000014d0    00000004     app_pem3.oem3 (.const:ti_sysbios_gates_GateMutex_Instance_State_sem__O)

.const:ti_sysbios_knl_Clock_Module_State_clockQ__O 
*          0    000014d4    00000004     
                  000014d4    00000004     app_pem3.oem3 (.const:ti_sysbios_knl_Clock_Module_State_clockQ__O)

.const:ti_sysbios_knl_Mailbox_Instance_State_dataQue__O 
*          0    000014d8    00000004     
                  000014d8    00000004     app_pem3.oem3 (.const:ti_sysbios_knl_Mailbox_Instance_State_dataQue__O)

.const:ti_sysbios_knl_Mailbox_Instance_State_dataSem__O 
*          0    000014dc    00000004     
                  000014dc    00000004     app_pem3.oem3 (.const:ti_sysbios_knl_Mailbox_Instance_State_dataSem__O)

.const:ti_sysbios_knl_Mailbox_Instance_State_freeQue__O 
*          0    000014e0    00000004     
                  000014e0    00000004     app_pem3.oem3 (.const:ti_sysbios_knl_Mailbox_Instance_State_freeQue__O)

.const:ti_sysbios_knl_Mailbox_Instance_State_freeSem__O 
*          0    000014e4    00000004     
                  000014e4    00000004     app_pem3.oem3 (.const:ti_sysbios_knl_Mailbox_Instance_State_freeSem__O)

.const:ti_sysbios_knl_Semaphore_Instance_State_pendQ__O 
*          0    000014e8    00000004     
                  000014e8    00000004     app_pem3.oem3 (.const:ti_sysbios_knl_Semaphore_Instance_State_pendQ__O)

.const:ti_sysbios_knl_Task_Module_State_inactiveQ__O 
*          0    000014ec    00000004     
                  000014ec    00000004     app_pem3.oem3 (.const:ti_sysbios_knl_Task_Module_State_inactiveQ__O)

.ccfg      0    0001ffa8    00000058     
                  0001ffa8    00000058     ccfg.obj (.ccfg:retain)

.data:ti_sysbios_knl_Task_Module__state__V 
*          0    20000100    00000044     UNINITIALIZED
                  20000100    00000044     app_pem3.oem3 (.data:ti_sysbios_knl_Task_Module__state__V)

.data:ti_sysbios_family_arm_m3_Hwi_Module__state__V 
*          0    20000144    00000034     UNINITIALIZED
                  20000144    00000034     app_pem3.oem3 (.data:ti_sysbios_family_arm_m3_Hwi_Module__state__V)

.data:ti_sysbios_knl_Clock_Module__state__V 
*          0    20000178    0000002c     UNINITIALIZED
                  20000178    0000002c     app_pem3.oem3 (.data:ti_sysbios_knl_Clock_Module__state__V)

.data:ti_sysbios_BIOS_Module__state__V 
*          0    200001a4    00000024     UNINITIALIZED
                  200001a4    00000024     app_pem3.oem3 (.data:ti_sysbios_BIOS_Module__state__V)

.data:ti_sysbios_knl_Swi_Module__state__V 
*          0    200001c8    0000001c     UNINITIALIZED
                  200001c8    0000001c     app_pem3.oem3 (.data:ti_sysbios_knl_Swi_Module__state__V)

.data:ti_sysbios_family_arm_cc26xx_Timer_Module__state__V 
*          0    200001e4    00000008     UNINITIALIZED
                  200001e4    00000008     app_pem3.oem3 (.data:ti_sysbios_family_arm_cc26xx_Timer_Module__state__V)

.data:ti_sysbios_family_arm_cc26xx_TimestampProvider_Module__state__V 
*          0    200001ec    00000004     UNINITIALIZED
                  200001ec    00000004     app_pem3.oem3 (.data:ti_sysbios_family_arm_cc26xx_TimestampProvider_Module__state__V)

.data:xdc_runtime_Startup_Module__state__V 
*          0    200001f0    00000008     UNINITIALIZED
                  200001f0    00000008     app_pem3.oem3 (.data:xdc_runtime_Startup_Module__state__V)

.data:xdc_runtime_System_Module__state__V 
*          0    200001f8    00000008     UNINITIALIZED
                  200001f8    00000008     app_pem3.oem3 (.data:xdc_runtime_System_Module__state__V)

.data:xdc_runtime_Memory_Module__state__V 
*          0    20000200    00000004     UNINITIALIZED
                  20000200    00000004     app_pem3.oem3 (.data:xdc_runtime_Memory_Module__state__V)

.data      0    20000208    00002288     UNINITIALIZED
                  20000208    00000570     maclib_secure_cc13x0.a : hmac_global.obj (.data:$O23$$)
                  20000778    000004c4     macTask.obj (.data:$O15$$)
                  20000c3c    00000488     main.obj (.data:$O17$$)
                  200010c4    00000408     uart_printf.obj (.data:$O20$$)
                  200014cc    00000288     maclib_secure_cc13x0.a : fh_global.obj (.data:$O33$$)
                  20001754    00000188     osal_port.obj (.data:$O21$$)
                  200018dc    00000114     drivers_cc13x0.aem3 : PINCC26XX.oem3 (.data:$O1$$)
                  200019f0    00000114                         : PowerCC26XX.oem3 (.data:PowerCC26XX_module)
                  20001b04    00000104     ssf.obj (.data:$O19$$)
                  20001c08    000000d8     mac_settings.obj (.data:$O8$$)
                  20001ce0    000000cc     sensor.obj (.data:$O18$$)
                  20001dac    000000b0     mac_cfg.obj (.data:$O6$$)
                  20001e5c    000000ac     jdllc.obj (.data:$O13$$)
                  20001f08    00000064     mac_user_config.obj (.data:pOverrides_fsk_CC1350$22)
                  20001f6c    00000004     maclib_secure_cc13x0.a : lmac_global.obj (.data:$O25$$)
                  20001f70    00000060                            : mac.obj (.data:$O26$$)
                  20001fd0    00000058     drivers_cc13x0.aem3 : CryptoResourceCC26XX.oem3 (.data:$O1$$)
                  20002028    00000058                         : TRNGCC26XX.oem3 (.data:$O1$$)
                  20002080    0000004c     app_pem3.oem3 (.data:ti_sysbios_knl_Task_Object__table__V)
                  200020cc    00000048     board_key.obj (.data:$O3$$)
                  20002114    00000004     hal_appasrt.obj (.data)
                  20002118    00000048     app_pem3.oem3 (.data:ti_sysbios_family_arm_cc26xx_Timer_Object__table__V)
                  20002160    00000044     board_led.obj (.data:$O4$$)
                  200021a4    00000038     app_pem3.oem3 (.data:ti_sysbios_gates_GateMutex_Object__table__V)
                  200021dc    00000034     api_mac.obj (.data:$O12$$)
                  20002210    00000034     maclib_secure_cc13x0.a : mac_radio.obj (.data:$O27$$)
                  20002244    00000030                            : mac_radio_tx.obj (.data:$O28$$)
                  20002274    00000030     app_pem3.oem3 (.data:ti_sysbios_knl_Swi_Module_State_0_readyQ__A)
                  200022a4    00000030     app_pem3.oem3 (.data:ti_sysbios_knl_Swi_Object__table__V)
                  200022d4    00000030     app_pem3.oem3 (.data:ti_sysbios_knl_Task_Module_State_0_readyQ__A)
                  20002304    00000028     maclib_secure_cc13x0.a : mac_symbol_timer.obj (.data:$O31$$)
                  2000232c    00000024                            : mac_tx.obj (.data:$O32$$)
                  20002350    00000020     app_pem3.oem3 (.data:ti_sysbios_knl_Clock_Object__table__V)
                  20002370    00000020     app_pem3.oem3 (.data:xdc_runtime_Error_IgnoreBlock)
                  20002390    0000001c     board_gpio.obj (.data:$O2$$)
                  200023ac    00000018     app_pem3.oem3 (.data:ti_sysbios_family_arm_m3_Hwi_Object__table__V)
                  200023c4    00000010     mac_user_config.obj (.data:rfPatchTable)
                  200023d4    0000000d     maclib_secure_cc13x0.a : mac.obj (.data)
                  200023e1    00000002                            : lmac_global.obj (.data)
                  200023e3    00000001     drivers_cc13x0.aem3 : CryptoCC26XX.oem3 (.data)
                  200023e4    0000000c     osal_port_timers.obj (.data:$O22$$)
                  200023f0    0000000c     app_pem3.oem3 (.data:ti_sysbios_heaps_HeapCallback_Object__table__V)
                  200023fc    00000008     nvocop.obj (.data:$O10$$)
                  20002404    00000008     rtsv7M3_T_le_eabi.lib : _lock.c.obj (.data:$O34$$)
                  2000240c    00000008     mac_user_config.obj (.data:pOverridesTable)
                  20002414    00000008     app_pem3.oem3 (.data:ti_sysbios_family_arm_m3_Hwi_Module__root__V)
                  2000241c    00000008     app_pem3.oem3 (.data:ti_sysbios_gates_GateHwi_Module__root__V)
                  20002424    00000008     app_pem3.oem3 (.data:ti_sysbios_gates_GateMutex_Module__root__V)
                  2000242c    00000008     app_pem3.oem3 (.data:ti_sysbios_hal_Hwi_Module__root__V)
                  20002434    00000008     app_pem3.oem3 (.data:ti_sysbios_heaps_HeapCallback_Module__root__V)
                  2000243c    00000008     app_pem3.oem3 (.data:ti_sysbios_heaps_HeapMem_Module__root__V)
                  20002444    00000008     app_pem3.oem3 (.data:ti_sysbios_knl_Clock_Module__root__V)
                  2000244c    00000008     app_pem3.oem3 (.data:ti_sysbios_knl_Mailbox_Module__root__V)
                  20002454    00000008     app_pem3.oem3 (.data:ti_sysbios_knl_Queue_Module__root__V)
                  2000245c    00000008     app_pem3.oem3 (.data:ti_sysbios_knl_Semaphore_Module__root__V)
                  20002464    00000008     app_pem3.oem3 (.data:ti_sysbios_knl_Swi_Module__root__V)
                  2000246c    00000008     app_pem3.oem3 (.data:ti_sysbios_knl_Task_Module__root__V)
                  20002474    00000008     app_pem3.oem3 (.data:xdc_runtime_Registry_Module__state__V)
                  2000247c    00000004     rtsv7M3_T_le_eabi.lib : stkdepth_vars.c.obj (.data)
                  20002480    00000004     app_pem3.oem3 (.data:ti_sysbios_family_arm_m3_Hwi_Module_State_0_excContext__A)
                  20002484    00000004     app_pem3.oem3 (.data:ti_sysbios_family_arm_m3_Hwi_Module_State_0_excStack__A)
                  20002488    00000004     app_pem3.oem3 (.data:ti_sysbios_knl_Task_Module_State_0_idleTask__A)
                  2000248c    00000002     app_pem3.oem3 (.data:ti_sysbios_family_arm_m3_Hwi_Module_State_0_excActive__A)
                  2000248e    00000001     drivers_cc13x0.aem3 : I2C.oem3 (.data)
                  2000248f    00000001                         : UART.oem3 (.data)

.bss       0    20002490    00000a62     UNINITIALIZED
                  20002490    000003d8     rf_multiMode_cc13x0.aem3 : RFCC26XX_multiMode.oem3 (.bss:$O1$$)
                  20002868    00000200     app_pem3.oem3 (.bss:taskStackSection)
                  20002a68    0000012c     (.common:uartCC26XXObjects)
                  20002b94    000000e0     (.common:i2cCC26xxObjects)
                  20002c74    000000c8     (.common:ti_sysbios_family_arm_m3_Hwi_dispatchTable)
                  20002d3c    00000004     (.common:ClockP_tickPeriod)
                  20002d40    000000a8     maclib_secure_cc13x0.a : mac_radio.obj (.bss:RF_object$52)
                  20002de8    0000002c     (.common:cryptoCC26XXObjects)
                  20002e14    00000028                            : mac_rx.obj (.bss:$O29$$)
                  20002e3c    00000028     board_lcd.obj (.bss:lcdBuf$5)
                  20002e64    00000020     (.common:uartCC26XXRingBuffer)
                  20002e84    00000014     rf_multiMode_cc13x0.aem3 : RFCC26XX_multiMode.oem3 (.bss:RF_ratSyncCmd)
                  20002e98    00000014     driverlib.lib : osc.obj (.bss:oscHfGlobals$79)
                  20002eac    00000014     drivers_cc13x0.aem3 : Random.oem3 (.bss:state)
                  20002ec0    00000010     maclib_secure_cc13x0.a : mac_radio.obj (.bss:rfPropTableLocal$52)
                  20002ed0    00000008     dpl_cc13x0.aem3 : PowerCC26XX_tirtos.oem3 (.bss:$O1$$)
                  20002ed8    00000008     driverlib.lib : sys_ctrl.obj (.bss:powerQualGlobals$83)
                  20002ee0    00000004     (.common:temperatureC)
                  20002ee4    00000004     (.common:temperatureF)
                  20002ee8    00000001     drivers_cc13x0.aem3 : CryptoCC26XX.oem3 (.bss)
                  20002ee9    00000001     maclib_secure_cc13x0.a : mac_tx.obj (.bss)
                  20002eea    00000001     rf_multiMode_cc13x0.aem3 : RFCC26XX_multiMode.oem3 (.bss)
                  20002eeb    00000001     (.common:driverlib_release_0_55724)
                  20002eec    00000001     (.common:macPwr)
                  20002eed    00000001     (.common:macRxActive)
                  20002eee    00000001     (.common:macRxEnableFlags)
                  20002eef    00000001     (.common:macRxOutgoingAckFlag)
                  20002ef0    00000001     (.common:macSymbolTimerImpending)
                  20002ef1    00000001     (.common:macTxActive)

.vtable    0    20002ef2    00000000     UNINITIALIZED

.vtable_ram 
*          0    20002ef2    00000000     UNINITIALIZED

vtable_ram 
*          0    20002ef2    00000000     UNINITIALIZED

.sysmem    0    20002ef2    00000000     UNINITIALIZED

.nonretenvar 
*          0    20002ef2    00000000     UNINITIALIZED

.stack     0    20004b00    00000500     UNINITIALIZED
                  20004b00    00000500     --HOLE--

.bootVecs 
*          0    00000000    00000008     DSECT
                  00000000    00000008     boot.aem3 : boot.oem3 (.bootVecs)

.resetVecs 
*          0    00000000    0000003c     
                  00000000    0000003c     app_pem3.oem3 (.resetVecs)

.vecs      0    20000000    000000c8     NOLOAD SECTION
                  20000000    000000c8     app_pem3.oem3 (.vecs)

xdc.meta   0    00000000    00000103     COPY SECTION
                  00000000    00000103     app_pem3.oem3 (xdc.meta)

xdc.noload 
*          0    00000000    00000000     COPY SECTION

.TI.bound:NV_FLASH 
*          0    0001e000    00001000     
                  0001e000    00001000     nvocop.obj (.TI.bound:NV_FLASH)

.text.1    0    00000ca8    00000358     
                  00000ca8    0000032c     sensor.obj (.text:Sensor_process)
                  00000fd4    00000008     (.tramp.ti_sysbios_knl_Clock_getTicks__E.1)
                  00000fdc    00000008     (.tramp.ti_sysbios_knl_Semaphore_post__E.1)
                  00000fe4    00000008     (.tramp.ti_sysbios_knl_Semaphore_pend__E.1)
                  00000fec    00000014     drivers_cc13x0.aem3 : CryptoCC26XX.oem3 (.text:CryptoCC26XX_init)

.text.2    0    00001380    00000004     
                  00001380    00000004     api_mac.obj (.text:ApiMac_mlmeGetReqArray)

.text.3    0    00001404    00000002     
                  00001404    00000002     maclib_secure_cc13x0.a : fh_data.obj (.text:FHDATA_startEDFETimer)

.text.4    0    000020ec    00016368     
                  000020ec    00000638     macTask.obj (.text:macTaskFxn$21)
                  00002724    00000494     driverlib.lib : setup.obj (.text:TrimAfterColdResetWakeupFromShutDown$81)
                  00002bb8    0000048c     rf_multiMode_cc13x0.aem3 : RFCC26XX_multiMode.oem3 (.text:RF_fsmActiveState)
                  00003044    00000448     maclib_secure_cc13x0.a : fh_ie.obj (.text:FHIE_parsePie)
                  0000348c    000003cc     api_mac.obj (.text:ApiMac_init)
                  00003858    000003b8     maclib_secure_cc13x0.a : mac_hl_patch.obj (.text:macWrapperAddDevice)
                  00003c10    000003ac     sensor.obj (.text:Sensor_sendMsg)
                  00003fbc    00000390     maclib_secure_cc13x0.a : mac_mgmt.obj (.text:macBuildHeader)
                  0000434c    00000390                            : mac_radio.obj (.text:macRadioInitSubG)
                  000046dc    00000384     sensor.obj (.text:processSensorMsgEvt$25)
                  00004a60    0000036e     api_mac.obj (.text:processIncomingICallMsg$19)
                  00004dce    00000002     maclib_secure_cc13x0.a : fh_util.obj (.text:FHUTIL_noAction)
                  00004dd0    00000328     main.obj (.text:appTaskFxn)
                  000050f8    00000320     rom_sysbios.aem3 : rom_sysbios.obj (.text:xdc_runtime_System_doPrint__I)
                  00005418    0000030c     drivers_cc13x0.aem3 : PowerCC26XX_calibrateRCOSC.oem3 (.text:PowerCC26XX_auxISR)
                  00005724    000002ec     maclib_secure_cc13x0.a : mac_pwr.obj (.text:macPwrVote)
                  00005a10    000002d4                            : mac_radio_tx.obj (.text:macRadioTxGoSubG$53)
                  00005ce4    000002c4                            : fh_api.obj (.text:FHAPI_getTxParams_old)
                  00005fa8    000002be                            : fh_ie.obj (.text:FHIE_gen)
                  00006266    000002b8                            : fh_ie.obj (.text:FHIE_genPieContent)
                  0000651e    00000002     rf_multiMode_cc13x0.aem3 : RFCC26XX_multiMode.oem3 (.text:RF_defaultCallback)
                  00006520    00000288                              : RFCC26XX_multiMode.oem3 (.text:RF_scheduleCmd)
                  000067a8    00000270     maclib_secure_cc13x0.a : fh_api.obj (.text:FHAPI_start)
                  00006a18    00000264                            : mac_security_pib.obj (.text:MAC_MlmeSetSecurityReq)
                  00006c7c    0000024c     sensor.obj (.text:dataIndCB$25)
                  00006ec8    0000023c     maclib_secure_cc13x0.a : fh_api.obj (.text:FHAPI_completeRxCb)
                  00007104    0000023c     driverlib.lib : sys_ctrl.obj (.text:NOROM_SysCtrlSetRechargeBeforePowerDown)
                  00007340    0000022c     drivers_cc13x0.aem3 : CryptoCC26XX.oem3 (.text:cryptoTransactionExecute)
                  0000756c    00000228     maclib_secure_cc13x0.a : mac_hl_patch.obj (.text:macIncomingFrameSecurityMaterialRetrieval)
                  00007794    00000224     drivers_cc13x0.aem3 : PowerCC26XX.oem3 (.text:Power_sleep)
                  000079b8    00000214     maclib_secure_cc13x0.a : mac_mgmt.obj (.text:macBuildCommonReq)
                  00007bcc    00000200                            : mac_device.obj (.text:macApiAssociateReq)
                  00007dcc    000001dc                            : fh_api.obj (.text:FHAPI_sendData)
                  00007fa8    000001d8     rf_multiMode_cc13x0.aem3 : RFCC26XX_multiMode.oem3 (.text:RF_open)
                  00008180    000001cc     maclib_secure_cc13x0.a : fh_ie.obj (.text:FHIE_extractPie)
                  0000834c    000001cc                            : mac_scan.obj (.text:macApiScanReq)
                  00008518    000001b8                            : mac_security_pib.obj (.text:MAC_MlmeGetSecurityReq)
                  000086d0    000001b6     rtsv7M3_T_le_eabi.lib : fd_add_t2.asm.obj (.text)
                  00008886    00000002                           : _lock.c.obj (.text:_nop)
                  00008888    000001b0     drivers_cc13x0.aem3 : PINCC26XX.oem3 (.text:PIN_init)
                  00008a38    000001ac     maclib_secure_cc13x0.a : fh_ie.obj (.text:FHIE_parseCommonInformation)
                  00008be4    000001ac                            : mac_data.obj (.text:macApiDataReq)
                  00008d90    000001ac                            : mac_hl_patch.obj (.text:macWrapperAddKeyInitFCtr)
                  00008f3c    00000198                            : fh_nt.obj (.text:FHNT_getEntry)
                  000090d4    00000198                            : mac_tx.obj (.text:macTxFrame)
                  0000926c    00000190     drivers_cc13x0.aem3 : PowerCC26XX_calibrateRCOSC.oem3 (.text:PowerCC26XX_doCalibrate)
                  000093fc    00000184     maclib_secure_cc13x0.a : mac_ie_build.obj (.text:macBuildPayloadIes)
                  00009580    0000017c                            : mac_data.obj (.text:macTxCompleteCallback)
                  000096fc    00000178     driverlib.lib : crypto.obj (.text:NOROM_CRYPTOCcmInvAuthDecrypt)
                  00009874    00000178     rf_multiMode_cc13x0.aem3 : RFCC26XX_multiMode.oem3 (.text:RF_getInfo)
                  000099ec    00000174     maclib_secure_cc13x0.a : fh_pib.obj (.text:FHPIB_set)
                  00009b60    00000174                            : mac_beacon_device.obj (.text:macRxBeaconCritical)
                  00009cd4    00000170     driverlib.lib : crypto.obj (.text:NOROM_CRYPTOCcmAuthEncrypt)
                  00009e44    00000164     drivers_cc13x0.aem3 : UARTCC26XX.oem3 (.text:UARTCC26XX_open)
                  00009fa8    00000160     maclib_secure_cc13x0.a : mac_pib.obj (.text:MAC_MlmeSetReq)
                  0000a108    0000015c                            : mac_mgmt.obj (.text:macTxCsmaDelay)
                  0000a264    00000158                            : mac_radio_tx.obj (.text:macRadioCsmaTxCbSubG$53)
                  0000a3bc    00000154     rf_multiMode_cc13x0.aem3 : RFCC26XX_multiMode.oem3 (.text:RF_fsmSetupState)
                  0000a510    00000154     maclib_secure_cc13x0.a : mac_hl_patch.obj (.text:macScanNextChan)
                  0000a664    00000150                            : fh_api.obj (.text:FHAPI_completeTxCb)
                  0000a7b4    00000148     drivers_cc13x0.aem3 : UARTCC26XX.oem3 (.text:UARTCC26XX_hwiIntFxn)
                  0000a8fc    00000148     maclib_secure_cc13x0.a : mac_mgmt.obj (.text:macApiDisassociateReq)
                  0000aa44    00000144     drivers_cc13x0.aem3 : I2CCC26XX.oem3 (.text:I2CCC26XX_open)
                  0000ab88    00000140     nvocop.obj (.text:compactPage$16)
                  0000acc8    0000013c     rf_multiMode_cc13x0.aem3 : RFCC26XX_multiMode.oem3 (.text:RF_ratSetupChannel)
                  0000ae04    00000136     drivers_cc13x0.aem3 : UARTCC26XX.oem3 (.text:UARTCC26XX_read)
                  0000af3a    00000002                         : PowerCC26XX.oem3 (.text:emptyClockFunc)
                  0000af3c    00000134     rf_multiMode_cc13x0.aem3 : RFCC26XX_multiMode.oem3 (.text:RF_abortCmd)
                  0000b070    0000012c     maclib_secure_cc13x0.a : mac_beacon_device.obj (.text:macAutoPoll)
                  0000b19c    00000124     rf_multiMode_cc13x0.aem3 : RFCC26XX_multiMode.oem3 (.text:RF_dispatchNextCmd)
                  0000b2c0    00000124     maclib_secure_cc13x0.a : mac_mgmt.obj (.text:macApiWSAsyncReq)
                  0000b3e4    00000120     drivers_cc13x0.aem3 : I2CCC26XX.oem3 (.text:I2CCC26XX_hwiFxn)
                  0000b504    00000120     maclib_secure_cc13x0.a : mac.obj (.text:macSendReceiveCmdSubG)
                  0000b624    0000011c     jdllc.obj (.text:assocCnfCb$20)
                  0000b740    0000011c     sensor.obj (.text:dataCnfCB$25)
                  0000b85c    00000118     rf_multiMode_cc13x0.aem3 : RFCC26XX_multiMode.oem3 (.text:RF_radioOpDoneCb)
                  0000b974    00000118     maclib_secure_cc13x0.a : mac_data.obj (.text:macAllocTxBuffer)
                  0000ba8c    00000114                            : fh_nt.obj (.text:FHNT_purgeTimerIsrCb)
                  0000bba0    00000114     drivers_cc13x0.aem3 : PowerCC26XX.oem3 (.text:Power_init)
                  0000bcb4    00000110     rf_multiMode_cc13x0.aem3 : RFCC26XX_multiMode.oem3 (.text:RF_close)
                  0000bdc4    00000110     maclib_secure_cc13x0.a : mac_beacon_device.obj (.text:macApiSyncReq)
                  0000bed4    00000108     ssf.obj (.text:Ssf_networkUpdate)
                  0000bfdc    00000106     app_pem3.oem3 (.text:xdc_runtime_System_printfExtend__I)
                  0000c0e2    00000002     drivers_cc13x0.aem3 : CryptoResourceCC26XX.oem3 (.text:errorSpin)
                  0000c0e4    00000100     maclib_secure_cc13x0.a : mac.obj (.text:macRatCb_B)
                  0000c1e4    00000100                            : mac.obj (.text:macSetupRATChanCompare)
                  0000c2e4    000000fc     rtsv7M3_T_le_eabi.lib : fd_mul_t2.asm.obj (.text)
                  0000c3e0    000000f8     maclib_secure_cc13x0.a : fh_ie.obj (.text:FHIE_genCommonInformation)
                  0000c4d8    000000f8                            : fh_nt.obj (.text:FHNT_getRemoveEntryFromTemp)
                  0000c5d0    000000f8                            : mac_radio_tx.obj (.text:macRadioTxPrepCsmaUnslottedSubG)
                  0000c6c8    000000f8                            : mac_mgmt.obj (.text:macSetDefaultsByPhyID)
                  0000c7c0    000000f0                            : fh_mgr.obj (.text:FHMGR_bcTimerIsrCb)
                  0000c8b0    000000f0     macTask.obj (.text:MAC_CbackEvent)
                  0000c9a0    000000f0     driverlib.lib : rfc.obj (.text:NOROM_RFCOverrideUpdate)
                  0000ca90    000000f0                   : setup.obj (.text:NOROM_SetupTrimDevice)
                  0000cb80    000000f0     drivers_cc13x0.aem3 : PINCC26XX.oem3 (.text:PINCC26XX_setIoCfg)
                  0000cc70    000000f0     maclib_secure_cc13x0.a : mac_radio_tx.obj (.text:macRadioTxPrepCsmaSlottedSubG)
                  0000cd60    000000ec                            : fh_api.obj (.text:FHAPI_getTxParams)
                  0000ce4c    000000ec                            : mac_device.obj (.text:macDeviceReset)
                  0000cf38    000000e8                            : fh_ie.obj (.text:FHIE_parseHie)
                  0000d020    000000e8     rf_multiMode_cc13x0.aem3 : RFCC26XX_multiMode.oem3 (.text:RF_fsmPowerUpState)
                  0000d108    000000e4     dpl_cc13x0.aem3 : PowerCC26XX_tirtos.oem3 (.text:PowerCC26XX_standbyPolicy)
                  0000d1ec    000000e2     drivers_cc13x0.aem3 : UARTCC26XX.oem3 (.text:UARTCC26XX_write)
                  0000d2ce    00000002                         : TRNGCC26XX.oem3 (.text:errorSpin)
                  0000d2d0    000000e0     rf_multiMode_cc13x0.aem3 : RFCC26XX_multiMode.oem3 (.text:RF_requestAccess)
                  0000d3b0    000000e0     drivers_cc13x0.aem3 : TRNGCC26XX.oem3 (.text:TRNG_generateEntropy)
                  0000d490    000000e0     maclib_secure_cc13x0.a : mac_beacon.obj (.text:macBeaconSetSched)
                  0000d570    000000d8                            : mac_mgmt.obj (.text:macCommStatusInd)
                  0000d648    000000d8                            : mac_coord.obj (.text:macIndirectSend)
                  0000d720    000000d6     drivers_cc13x0.aem3 : I2CCC26XX.oem3 (.text:I2CCC26XX_transfer)
                  0000d7f6    00000002     maclib_secure_cc13x0.a : mac_pwr.obj (.text:macApiPwrOnReq)
                  0000d7f8    000000d4                            : fh_nt.obj (.text:FHNT_addTempEUI)
                  0000d8cc    000000d4     driverlib.lib : rfc.obj (.text:NOROM_RFCRfTrimRead)
                  0000d9a0    000000d4     rf_multiMode_cc13x0.aem3 : RFCC26XX_multiMode.oem3 (.text:RF_pendCmd)
                  0000da74    000000d4     maclib_secure_cc13x0.a : mac_radio_tx.obj (.text:macRadioLbtTxCb)
                  0000db48    000000d4                            : mac_radio_tx.obj (.text:macRadioTxAck$53)
                  0000dc1c    000000d0                            : mac_scan.obj (.text:macScanRxBeacon)
                  0000dcec    000000d0                            : mac_main.obj (.text:macSendDataMsg)
                  0000ddbc    000000cc     driverlib.lib : crypto.obj (.text:NOROM_CRYPTOAesCbc)
                  0000de88    000000cc     nvocop.obj (.text:NVOCOP_writeItem)
                  0000df54    000000cc     rf_multiMode_cc13x0.aem3 : RFCC26XX_multiMode.oem3 (.text:RF_swiHw)
                  0000e020    000000cc     maclib_secure_cc13x0.a : mac_hl_patch.obj (.text:macOutgoingFrameKeyDescRetrieval)
                  0000e0ec    000000c8                            : mac_ie_build.obj (.text:macBuildHeaderIes)
                  0000e1b4    000000c8                            : mac_hl_patch.obj (.text:macCcmStarTransform)
                  0000e27c    000000c4                            : fh_data.obj (.text:FHDATA_procASYNCReq)
                  0000e340    000000c4     jdllc.obj (.text:Jdllc_init)
                  0000e404    000000c4     rf_multiMode_cc13x0.aem3 : RFCC26XX_multiMode.oem3 (.text:RF_control)
                  0000e4c8    000000c4     drivers_cc13x0.aem3 : TRNGCC26XX.oem3 (.text:TRNGCC26XX_basicHwiFxn)
                  0000e58c    000000c4     maclib_secure_cc13x0.a : mac_data.obj (.text:macDataTxSend)
                  0000e650    000000be                            : fh_ie.obj (.text:FHIE_getLen)
                  0000e70e    00000002                            : mac.obj (.text:macClientSwitchCb)
                  0000e710    000000bc     drivers_cc13x0.aem3 : PowerCC26XX.oem3 (.text:Power_releaseDependency)
                  0000e7cc    000000bc     maclib_secure_cc13x0.a : mac_mgmt.obj (.text:macBuildBeaconNotifyInd)
                  0000e888    000000bc                            : mac.obj (.text:macRatCb_A)
                  0000e944    000000bc     jdllc.obj (.text:pollCnfCb$20)
                  0000ea00    000000ba     maclib_secure_cc13x0.a : mac_scan.obj (.text:MAC_MlmeScanReq)
                  0000eaba    000000b8                            : fh_ie.obj (.text:FHIE_getPieContentLen)
                  0000eb72    00000002                            : mac_mcu.obj (.text:macMcuInit)
                  0000eb74    000000b8                            : fh_nt.obj (.text:FHNT_AddDeviceCB)
                  0000ec2c    000000b8                            : mac.obj (.text:macSendFsCmd)
                  0000ece4    000000b8                            : mac_tx.obj (.text:macTxFrameIsr)
                  0000ed9c    000000b4     drivers_cc13x0.aem3 : PowerCC26XX.oem3 (.text:Power_setDependency)
                  0000ee50    000000b4     maclib_secure_cc13x0.a : mac_hl_patch.obj (.text:macScanRxCoordRealign)
                  0000ef04    000000b0     rf_multiMode_cc13x0.aem3 : RFCC26XX_multiMode.oem3 (.text:RF_hwiCpe0Active)
                  0000efb4    000000b0     maclib_secure_cc13x0.a : mac_data.obj (.text:macDataTxEnqueue)
                  0000f064    000000b0     jdllc.obj (.text:processCoordRealign$20)
                  0000f114    000000b0     maclib_secure_cc13x0.a : mac_rx.obj (.text:rxPostRxUpdates$54)
                  0000f1c4    000000ac                            : mac_tx.obj (.text:macTxChannelBusyCallback)
                  0000f270    000000ac     api_mac.obj (.text:processBeaconNotifyInd$19)
                  0000f31c    000000aa     maclib_secure_cc13x0.a : fh_ie.obj (.text:FHIE_genExcludedChannelRanges)
                  0000f3c6    00000002                            : mac_mgmt.obj (.text:macNoAction)
                  0000f3c8    000000a8     rf_multiMode_cc13x0.aem3 : RFCC26XX_multiMode.oem3 (.text:RF_ratRestartChannels)
                  0000f470    000000a6     rom_sysbios.aem3 : rom_sysbios.obj (.text:xdc_runtime_Text_putSite__E)
                  0000f516    00000002     rtsv7M3_T_le_eabi.lib : div0.asm.obj (.text)
                  0000f518    000000a4     driverlib.lib : crypto.obj (.text:NOROM_CRYPTOAesEcb)
                  0000f5bc    000000a4     drivers_cc13x0.aem3 : UARTCC26XX.oem3 (.text:UARTCC26XX_initHw)
                  0000f660    000000a4     sensor.obj (.text:jdllcJoinedCb$25)
                  0000f704    000000a4     drivers_cc13x0.aem3 : PowerCC26XX.oem3 (.text:switchXOSCHFclockFunc)
                  0000f7a8    000000a0     maclib_secure_cc13x0.a : fh_ie.obj (.text:FHIE_getChannelPlan)
                  0000f848    000000a0     drivers_cc13x0.aem3 : PINCC26XX.oem3 (.text:PIN_open)
                  0000f8e8    000000a0     ssf.obj (.text:Ssf_findBlackListIndex)
                  0000f988    000000a0     auto_init.aem3 : auto_init.oem3 (.text)
                  0000fa28    000000a0     jdllc.obj (.text:beaconNotifyIndCb$20)
                  0000fac8    000000a0     nvocop.obj (.text:findItemOffset$16)
                  0000fb68    000000a0     maclib_secure_cc13x0.a : mac_tx.obj (.text:txCsmaPrep$58)
                  0000fc08    000000a0     nvocop.obj (.text:writeItem$16)
                  0000fca8    0000009c     maclib_secure_cc13x0.a : fh_api.obj (.text:FHAPI_reset)
                  0000fd44    0000009c     rf_multiMode_cc13x0.aem3 : RFCC26XX_multiMode.oem3 (.text:RF_calculateDispatchTime)
                  0000fde0    0000009c     maclib_secure_cc13x0.a : mac_beacon_device.obj (.text:macBeaconSyncLoss)
                  0000fe7c    0000009c                            : mac_radio_tx.obj (.text:macRadioTxPrepLbt)
                  0000ff18    0000009c     rtsv7M3_T_le_eabi.lib : memcpy_t2.asm.obj (.text)
                  0000ffb4    00000098     nvocop.obj (.text:NVOCOP_deleteItem)
                  0001004c    00000098     drivers_cc13x0.aem3 : UARTCC26XX.oem3 (.text:UARTCC26XX_initIO)
                  000100e4    00000098     maclib_secure_cc13x0.a : mac_mgmt.obj (.text:macRxBeacon)
                  0001017c    00000098                            : mac_symbol_timer.obj (.text:macSymbolTimerInit)
                  00010214    00000098     rom_sysbios.aem3 : rom_sysbios.obj (.text:ti_sysbios_knl_Clock_workFuncDynamic__E)
                  000102ac    00000096     rtsv7M3_T_le_eabi.lib : ull_div_t2.asm.obj (.text)
[...]
1001ca6d  ti_sysbios_knl_Task_swapReturn                                            
1001ca97  ti_sysbios_rom_cortexm_cc13xx_CC13xx_getRevision__E                       
20000000  ti_sysbios_family_arm_m3_Hwi_ramVectors                                   
20000100  ti_sysbios_knl_Task_Module__state__V                                      
20000144  ti_sysbios_family_arm_m3_Hwi_Module__state__V                             
20000178  ti_sysbios_knl_Clock_Module__state__V                                     
200001a4  ti_sysbios_BIOS_Module__state__V                                          
200001c8  ti_sysbios_knl_Swi_Module__state__V                                       
200001e4  ti_sysbios_family_arm_cc26xx_Timer_Module__state__V                       
200001ec  ti_sysbios_family_arm_cc26xx_TimestampProvider_Module__state__V           
200001f0  xdc_runtime_Startup_Module__state__V                                      
200001f8  xdc_runtime_System_Module__state__V                                       
20000200  xdc_runtime_Memory_Module__state__V                                       
20000208  macTaskId                                                                 
20000209  macMgmt                                                                   
2000020a  macPanCoordinator                                                         
2000020b  csmPhy                                                                    
2000020c  macCryptoDrvTblPtr                                                        
20000210  Crypto_handle                                                             
20000214  pMacDataTx                                                                
20000218  macDataTxIndirect                                                         
2000021c  macDataRequeueIndirect                                                    
20000220  macDataRxBeaconCritical                                                   
20000224  macDataTxBeaconComplete                                                   
20000228  macDataSetSched                                                           
2000022c  macDataCheckSched                                                         
20000230  macDataCheckTxTime                                                        
20000234  macDataBeaconRequeue                                                      
20000238  timerUnalignedQ                                                           
2000023c  timerAlignedQ                                                             
20000240  macTimerRollover                                                          
20000244  macTimerNewRollover                                                       
20000248  macTimerActive                                                            
2000024c  macBeaconCoordAction1                                                     
20000254  macCoordAction1                                                           
2000025c  macMain                                                                   
20000268  macData                                                                   
20000278  macBeaconDeviceAction                                                     
20000288  macCoordAction3                                                           
20000298  macDataTxDelay                                                            
200002a8  macDeviceAction2                                                          
200002bc  macStateTbl                                                               
200002d0  macMgmtAction2                                                            
200002e4  macScanAction                                                             
200002fc  macCoordAction2                                                           
20000318  macReset                                                                  
20000334  macBeaconMargin                                                           
20000354  macBeacon                                                                 
20000374  macActionSet                                                              
20000398  macMgmtAction1                                                            
200003c0  macCoord                                                                  
200003ec  macDevice                                                                 
20000418  macBeaconDevice                                                           
2000044c  macBeaconPayload                                                          
20000480  macDeviceAction1                                                          
200004b8  macBeaconCoord                                                            
200004f4  macSecurityPib                                                            
20000534  macScan                                                                   
20000588  fhObject                                                                  
200005f4  macPib                                                                    
2000067c  enhancedAckBuf                                                            
2000077b  AppTaskId                                                                 
2000078c  pMacCbackQueryRetransmit                                                  
20000790  pMacCbackCheckPending                                                     
20000794  macSem                                                                    
200007ec  macTask                                                                   
20000c40  uartParams                                                                
20000c64  macUser0Cfg                                                               
20000c94  appTask                                                                   
20000ce4  Main_user1Cfg                                                             
200010c8  hUart                                                                     
200014cc  macAddrSize                                                               
200014d0  FHNT_Dbg                                                                  
200014d8  FH_txTiming                                                               
200014e0  FHNT_tempTable                                                            
200014e8  FH_FSM                                                                    
200014f4  FHNT_hnd                                                                  
2000152c  FHFSM_Dbg                                                                 
20001570  FHIE_channelPlan                                                          
200015c4  FHNT_tableOpt                                                             
20001640  FH_hnd                                                                    
200016c8  FHPIB_db                                                                  
20001754  taskCnt                                                                   
20001764  heapmgrMemFreeTotal                                                       
20001770  HEAPMGR_SIZE                                                              
20001774  taskTbl                                                                   
200018dc  pinUpperBound                                                             
200018e0  pinLowerBound                                                             
20001974  pinHandleTable                                                            
200019f0  PowerCC26XX_module                                                        
20001b04  Ssf_resetReseason                                                         
20001b08  Ssf_resetCount                                                            
20001c08  RF_cmdNop                                                                 
20001c18  RF_cmdFs                                                                  
20001c30  RF_cmdPropCs                                                              
20001c4c  RF_cmdPropCsSlotted                                                       
20001c68  RF_cmdPropTxAdv                                                           
20001c88  RF_cmdPropRadioDivSetup                                                   
20001cb0  RF_cmdPropRxAdv                                                           
20001ce2  Sensor_events                                                             
20001d34  Sensor_msgStats                                                           
20001dac  macCfg                                                                    
20001dbc  macMRFSKGenPhyTable                                                       
20001e5c  initBroadcastMsg                                                          
20001e5e  parentFound                                                               
20001e66  Jdllc_events                                                              
20001e88  Jdllc_statistics                                                          
20001f6c  rxFhRsl                                                                   
20001f6d  macTxSlottedDelay                                                         
20001f6e  macUnitBackoffPeriod                                                      
20001f6f  macPhyChannel                                                             
20001f70  macReqAccessTimeCnt                                                       
20001f71  reqAccessAlloc                                                            
20001f74  rxCmdHandle                                                               
20001f76  fsCmdHandle                                                               
20001f7c  lastPostCmd                                                               
20001f80  macSfdDetectCback                                                         
20001f88  macTxTimestamp                                                            
20001f8c  pMacRadioConfig                                                           
20001f90  macRfDrvTblPtr                                                            
20001f94  pRfPropTable                                                              
20001f98  pRfPropTableOld                                                           
20001f9c  pMacRfAntSwitchSel                                                        
20001fa0  pMacRfAntPwrSel                                                           
20001fb0  macRxOutputSubG                                                           
20001fbc  macFrmFilter                                                              
20001fd4  CryptoResourceCC26XX_accessSemaphore                                      
20001ff0  CryptoResourceCC26XX_operationSemaphore                                   
2000200c  CryptoResourceCC26XX_hwi                                                  
20002080  ti_sysbios_knl_Task_Object__table__V                                      
20002118  ti_sysbios_family_arm_cc26xx_Timer_Object__table__V                       
200021a4  ti_sysbios_gates_GateMutex_Object__table__V                               
200021dd  appTaskId                                                                 
200021e4  appEvents                                                                 
200021ec  ApiMac_extAddr                                                            
200021f4  appSem                                                                    
20002218  RF_handle                                                                 
2000221c  macPhyTxPower                                                             
20002228  RF_params                                                                 
20002244  txCmdHandle                                                               
20002248  pMacEnhancedAck                                                           
2000224c  macRadioAckFrame                                                          
20002254  macAckTimer                                                               
20002274  ti_sysbios_knl_Swi_Module_State_0_readyQ__A                               
200022a4  ti_sysbios_knl_Swi_Object__table__V                                       
200022d4  ti_sysbios_knl_Task_Module_State_0_readyQ__A                              
20002304  macSpecUsecsPerSymbol                                                     
20002308  macPrevPeriodRatCount                                                     
2000230c  macSymbolTimerRollover                                                    
20002310  macSymbolTimerTrigger                                                     
2000232c  macTxSlottedDelayFactor                                                   
2000232d  macTxType                                                                 
2000232e  macTxBe                                                                   
2000232f  txAckReq                                                                  
20002332  txSeqn                                                                    
20002334  macTxCsmaBackoffDelay                                                     
20002338  macCsmaRtcTimerId                                                         
2000233c  macAckDbg                                                                 
20002350  ti_sysbios_knl_Clock_Object__table__V                                     
20002370  xdc_runtime_Error_IgnoreBlock                                             
200023ac  ti_sysbios_family_arm_m3_Hwi_Object__table__V                             
200023c4  rfPatchTable                                                              
200023d4  lastRatChanA                                                              
200023d5  lastRatChanB                                                              
200023d6  macRxCmdActive                                                            
200023d7  macTxCmdActive                                                            
200023d8  macFsCmdActive                                                            
200023da  macReqAccessCnt                                                           
200023dc  macReqAccErrCnt                                                           
200023de  numRfCmd                                                                  
200023df  numRxCmd                                                                  
200023e0  numRxPostCmd                                                              
200023e1  bInSwi                                                                    
200023e2  macRadioYielded                                                           
200023f0  ti_sysbios_heaps_HeapCallback_Object__table__V                            
20002400  sector_addr                                                               
20002404  _lock                                                                     
20002408  _unlock                                                                   
2000240c  pOverridesTable                                                           
20002414  ti_sysbios_family_arm_m3_Hwi_Module__root__V                              
2000241c  ti_sysbios_gates_GateHwi_Module__root__V                                  
20002424  ti_sysbios_gates_GateMutex_Module__root__V                                
2000242c  ti_sysbios_hal_Hwi_Module__root__V                                        
20002434  ti_sysbios_heaps_HeapCallback_Module__root__V                             
2000243c  ti_sysbios_heaps_HeapMem_Module__root__V                                  
20002444  ti_sysbios_knl_Clock_Module__root__V                                      
2000244c  ti_sysbios_knl_Mailbox_Module__root__V                                    
20002454  ti_sysbios_knl_Queue_Module__root__V                                      
2000245c  ti_sysbios_knl_Semaphore_Module__root__V                                  
20002464  ti_sysbios_knl_Swi_Module__root__V                                        
2000246c  ti_sysbios_knl_Task_Module__root__V                                       
20002474  xdc_runtime_Registry_Module__state__V                                     
2000247c  main_func_sp                                                              
20002480  ti_sysbios_family_arm_m3_Hwi_Module_State_0_excContext__A                 
20002484  ti_sysbios_family_arm_m3_Hwi_Module_State_0_excStack__A                   
20002488  ti_sysbios_knl_Task_Module_State_0_idleTask__A                            
2000248c  ti_sysbios_family_arm_m3_Hwi_Module_State_0_excActive__A                  
20002868  ti_sysbios_knl_Task_Instance_State_0_stack__A                             
20002a68  uartCC26XXObjects                                                         
20002b94  i2cCC26xxObjects                                                          
20002c74  ti_sysbios_family_arm_m3_Hwi_dispatchTable                                
20002d3c  ClockP_tickPeriod                                                         
20002de8  cryptoCC26XXObjects                                                       
20002e14  macRxFilter                                                               
20002e15  rxPromiscuousMode                                                         
20002e18  rxSeqNum                                                                  
20002e20  macRxDataEntryOffset                                                      
20002e28  rxRadioBufferPtr                                                          
20002e34  macRxDataEntryQueue                                                       
20002e64  uartCC26XXRingBuffer                                                      
20002ed0  PowerCC26XX_taskKey                                                       
20002ed4  PowerCC26XX_swiKey                                                        
20002ee0  temperatureC                                                              
20002ee4  temperatureF                                                              
20002eeb  driverlib_release_0_55724                                                 
20002eec  macPwr                                                                    
20002eed  macRxActive                                                               
20002eee  macRxEnableFlags                                                          
20002eef  macRxOutgoingAckFlag                                                      
20002ef0  macSymbolTimerImpending                                                   
20002ef1  macTxActive                                                               
20002ef2  heapStart                                                                 
20004b00  __stack                                                                   
20004b00  heapEnd                                                                   
20005000  __STACK_END                                                               
20005000  __STACK_TOP                                                               
e000e000  ti_sysbios_family_arm_m3_Hwi_nvic                                         
ffffffff  __TI_pprof_out_hndl                                                       
ffffffff  __TI_prof_data_size                                                       
ffffffff  __TI_prof_data_start                                                      
ffffffff  __binit__                                                                 
ffffffff  __c_args__                                                                
ffffffff  binit                                                                     
UNDEFED   SHT$$INIT_ARRAY$$Base                                                     
UNDEFED   SHT$$INIT_ARRAY$$Limit                                                    

[1519 symbols]
