******************************************************************************
                  TI ARM Linker Unix v18.12.3                  
******************************************************************************
>> Linked Fri Dec 13 13:54:27 2019

OUTPUT FILE NAME:   <sensor_CC1350_LAUNCHXL_tirtos_ccs.out>
ENTRY POINT SYMBOL: "ResetISR"  address: 00015919


MEMORY CONFIGURATION

         name            origin    length      used     unused   attr    fill
----------------------  --------  ---------  --------  --------  ----  --------
  FLASH                 00000000   0001e000  0001997b  00004685  R  X
  FLASH_NV              0001e000   00001000  00001000  00000000  RW X
  FLASH_LAST            0001f000   00001000  00001000  00000000  R  X
  SRAM                  20000000   00005000  0000316a  00001e96  RW X


SEGMENT ALLOCATION MAP

run origin  load origin   length   init length attrs members
----------  ----------- ---------- ----------- ----- -------
00000000    00000000    00019988   00019988    r-x
  00000000    00000000    0000003c   0000003c    r-- .resetVecs
  0000003c    0000003c    00000df1   00000df1    r-- .const
  00000e30    00000e30    000001d0   000001d0    r-x .text.1
  00001000    00001000    0000003c   0000003c    r-- .const:ti_sysbios_knl_Task_Object__PARAMS__C
  0000103c    0000103c    00000034   00000034    r-- .const:ti_sysbios_knl_Mailbox_Object__PARAMS__C
  00001070    00001070    00000030   00000030    r-- .const:ti_sysbios_family_arm_m3_Hwi_Object__PARAMS__C
  000010a0    000010a0    0000002c   0000002c    r-- .const:ti_sysbios_hal_Hwi_Object__PARAMS__C
  000010cc    000010cc    00000028   00000028    r-- .const:ti_sysbios_heaps_HeapMem_Module__FXNS__C
  000010f4    000010f4    00000028   00000028    r-- .const:ti_sysbios_knl_Swi_Object__PARAMS__C
  0000111c    0000111c    00000024   00000024    r-- .const:ti_sysbios_gates_GateHwi_Module__FXNS__C
  00001140    00001140    00000024   00000024    r-- .const:ti_sysbios_gates_GateMutex_Module__FXNS__C
  00001164    00001164    00000024   00000024    r-- .const:ti_sysbios_heaps_HeapMem_Object__PARAMS__C
  00001188    00001188    00000024   00000024    r-- .const:ti_sysbios_knl_Clock_Object__PARAMS__C
  000011ac    000011ac    00000024   00000024    r-- .const:ti_sysbios_knl_Semaphore_Object__PARAMS__C
  000011d0    000011d0    00000020   00000020    r-- .const:ti_sysbios_family_arm_m3_Hwi_Object__DESC__C
  000011f0    000011f0    00000020   00000020    r-- .const:ti_sysbios_gates_GateHwi_Object__DESC__C
  00001210    00001210    00000020   00000020    r-- .const:ti_sysbios_gates_GateMutex_Object__DESC__C
  00001230    00001230    00000020   00000020    r-- .const:ti_sysbios_hal_Hwi_Object__DESC__C
  00001250    00001250    00000020   00000020    r-- .const:ti_sysbios_heaps_HeapMem_Object__DESC__C
  00001270    00001270    00000020   00000020    r-- .const:ti_sysbios_knl_Clock_Object__DESC__C
  00001290    00001290    00000020   00000020    r-- .const:ti_sysbios_knl_Mailbox_Object__DESC__C
  000012b0    000012b0    00000020   00000020    r-- .const:ti_sysbios_knl_Queue_Object__DESC__C
  000012d0    000012d0    00000020   00000020    r-- .const:ti_sysbios_knl_Semaphore_Object__DESC__C
  000012f0    000012f0    00000020   00000020    r-- .const:ti_sysbios_knl_Swi_Object__DESC__C
  00001310    00001310    00000020   00000020    r-- .const:ti_sysbios_knl_Task_Object__DESC__C
  00001330    00001330    00000018   00000018    r-- .const:ti_sysbios_gates_GateHwi_Object__PARAMS__C
  00001348    00001348    00000018   00000018    r-- .const:ti_sysbios_gates_GateMutex_Object__PARAMS__C
  00001360    00001360    00000018   00000018    r-- .const:ti_sysbios_knl_Queue_Object__PARAMS__C
  00001378    00001378    00000008   00000008    r-- .const:ti_sysbios_knl_Idle_funcList__C
  00001380    00001380    00000004   00000004    r-x .text.2
  00001384    00001384    00000004   00000004    r-- .const:ti_sysbios_family_arm_cc26xx_Timer_startupNeeded__C
  00001388    00001388    00000004   00000004    r-- .const:ti_sysbios_family_arm_m3_Hwi_E_alreadyDefined__C
  0000138c    0000138c    00000004   00000004    r-- .const:ti_sysbios_family_arm_m3_Hwi_E_hwiLimitExceeded__C
  00001390    00001390    00000004   00000004    r-- .const:ti_sysbios_family_arm_m3_Hwi_NUM_INTERRUPTS__C
  00001394    00001394    00000004   00000004    r-- .const:ti_sysbios_family_arm_m3_Hwi_Object__count__C
  00001398    00001398    00000004   00000004    r-- .const:ti_sysbios_family_arm_m3_Hwi_Object__table__C
  0000139c    0000139c    00000004   00000004    r-- .const:ti_sysbios_family_arm_m3_Hwi_ccr__C
  000013a0    000013a0    00000004   00000004    r-- .const:ti_sysbios_family_arm_m3_Hwi_excHandlerFunc__C
  000013a4    000013a4    00000004   00000004    r-- .const:ti_sysbios_family_arm_m3_Hwi_nullIsrFunc__C
  000013a8    000013a8    00000004   00000004    r-- .const:ti_sysbios_family_arm_m3_Hwi_numSparseInterrupts__C
  000013ac    000013ac    00000004   00000004    r-- .const:ti_sysbios_family_arm_m3_Hwi_priGroup__C
  000013b0    000013b0    00000004   00000004    r-- .const:ti_sysbios_family_arm_m3_TaskSupport_stackAlignment__C
  000013b4    000013b4    00000004   00000004    r-- .const:ti_sysbios_heaps_HeapMem_E_memory__C
  000013b8    000013b8    00000004   00000004    r-- .const:ti_sysbios_heaps_HeapMem_Module__gateObj__C
  000013bc    000013bc    00000004   00000004    r-- .const:ti_sysbios_heaps_HeapMem_Object__count__C
  000013c0    000013c0    00000004   00000004    r-- .const:ti_sysbios_heaps_HeapMem_Object__table__C
  000013c4    000013c4    00000004   00000004    r-- .const:ti_sysbios_heaps_HeapMem_reqAlign__C
  000013c8    000013c8    00000004   00000004    r-- .const:ti_sysbios_knl_Clock_serviceMargin__C
  000013cc    000013cc    00000004   00000004    r-- .const:ti_sysbios_knl_Mailbox_Object__count__C
  000013d0    000013d0    00000004   00000004    r-- .const:ti_sysbios_knl_Mailbox_Object__table__C
  000013d4    000013d4    00000004   00000004    r-- .const:ti_sysbios_knl_Mailbox_maxTypeAlign__C
  000013d8    000013d8    00000004   00000004    r-- .const:ti_sysbios_knl_Queue_Object__count__C
  000013dc    000013dc    00000004   00000004    r-- .const:ti_sysbios_knl_Queue_Object__table__C
  000013e0    000013e0    00000004   00000004    r-- .const:ti_sysbios_knl_Swi_Object__count__C
  000013e4    000013e4    00000004   00000004    r-- .const:ti_sysbios_knl_Swi_Object__table__C
  000013e8    000013e8    00000004   00000004    r-- .const:ti_sysbios_knl_Swi_numPriorities__C
  000013ec    000013ec    00000004   00000004    r-- .const:ti_sysbios_knl_Task_Object__count__C
  000013f0    000013f0    00000004   00000004    r-- .const:ti_sysbios_knl_Task_Object__table__C
  000013f4    000013f4    00000004   00000004    r-- .const:ti_sysbios_knl_Task_allBlockedFunc__C
  000013f8    000013f8    00000004   00000004    r-- .const:ti_sysbios_knl_Task_defaultStackHeap__C
  000013fc    000013fc    00000004   00000004    r-- .const:ti_sysbios_knl_Task_defaultStackSize__C
  00001400    00001400    00000004   00000004    r-- .const:ti_sysbios_knl_Task_numConstructedTasks__C
  00001404    00001404    00000002   00000002    r-x .text.3
  00001406    00001406    00000002   00000002    r-- .const:ti_sysbios_family_arm_cc26xx_Timer_Module__id__C
  00001408    00001408    00000002   00000002    r-- .const:ti_sysbios_family_arm_cc26xx_TimestampProvider_useClockTimer__C
  0000140a    0000140a    00000002   00000002    r-- .const:ti_sysbios_family_arm_m3_Hwi_Module__id__C
  0000140c    0000140c    00000002   00000002    r-- .const:ti_sysbios_gates_GateHwi_Module__id__C
  0000140e    0000140e    00000002   00000002    r-- .const:ti_sysbios_gates_GateMutex_Module__id__C
  00001410    00001410    00000002   00000002    r-- .const:ti_sysbios_heaps_HeapMem_Module__id__C
  00001412    00001412    00000002   00000002    r-- .const:ti_sysbios_knl_Task_initStackFlag__C
  00001414    00001414    00000001   00000001    r-- .const:ti_sysbios_knl_Clock_tickMode__C
  00001418    00001418    00000008   00000008    r-- .const:xdc_runtime_Startup_firstFxns__C
  00001420    00001420    00000008   00000008    r-- .const:xdc_runtime_Startup_lastFxns__C
  00001428    00001428    00000004   00000004    r-- .const:xdc_runtime_Assert_E_assertFailed__C
  0000142c    0000142c    00000004   00000004    r-- .const:xdc_runtime_Error_E_memory__C
  00001430    00001430    00000004   00000004    r-- .const:xdc_runtime_Error_policyFxn__C
  00001434    00001434    00000004   00000004    r-- .const:xdc_runtime_IGateProvider_Interface__BASE__C
  00001438    00001438    00000004   00000004    r-- .const:xdc_runtime_IHeap_Interface__BASE__C
  0000143c    0000143c    00000004   00000004    r-- .const:xdc_runtime_IModule_Interface__BASE__C
  00001440    00001440    00000004   00000004    r-- .const:xdc_runtime_Main_Module__diagsEnabled__C
  00001444    00001444    00000004   00000004    r-- .const:xdc_runtime_Main_Module__diagsIncluded__C
  00001448    00001448    00000004   00000004    r-- .const:xdc_runtime_Main_Module__diagsMask__C
  0000144c    0000144c    00000004   00000004    r-- .const:xdc_runtime_Memory_defaultHeapInstance__C
  00001450    00001450    00000004   00000004    r-- .const:xdc_runtime_Startup_execImpl__C
  00001454    00001454    00000004   00000004    r-- .const:xdc_runtime_Startup_maxPasses__C
  00001458    00001458    00000004   00000004    r-- .const:xdc_runtime_Startup_sfxnRts__C
  0000145c    0000145c    00000004   00000004    r-- .const:xdc_runtime_Startup_sfxnTab__C
  00001460    00001460    00000004   00000004    r-- .const:xdc_runtime_Startup_startModsFxn__C
  00001464    00001464    00000004   00000004    r-- .const:xdc_runtime_SysCallback_abortFxn__C
  00001468    00001468    00000004   00000004    r-- .const:xdc_runtime_SysCallback_exitFxn__C
  0000146c    0000146c    00000004   00000004    r-- .const:xdc_runtime_System_abortFxn__C
  00001470    00001470    00000004   00000004    r-- .const:xdc_runtime_System_exitFxn__C
  00001474    00001474    00000004   00000004    r-- .const:xdc_runtime_System_maxAtexitHandlers__C
  00001478    00001478    00000004   00000004    r-- .const:xdc_runtime_Text_charTab__C
  0000147c    0000147c    00000004   00000004    r-- .const:xdc_runtime_Text_nameEmpty__C
  00001480    00001480    00000004   00000004    r-- .const:xdc_runtime_Text_nameStatic__C
  00001484    00001484    00000004   00000004    r-- .const:xdc_runtime_Text_nameUnknown__C
  00001488    00001488    00000002   00000002    r-- .const:xdc_runtime_Main_Module__id__C
  0000148a    0000148a    00000002   00000002    r-- .const:xdc_runtime_Memory_Module__id__C
  0000148c    0000148c    00000002   00000002    r-- .const:xdc_runtime_Text_charCnt__C
  0000148e    0000148e    00000002   00000002    r-- .const:xdc_runtime_Text_isLoaded__C
  00001490    00001490    00000001   00000001    r-- .const:xdc_runtime_Error_policy__C
  00001494    00001494    00000004   00000004    r-- .const:ti_sysbios_rom_ROM_AONRTCChannelEnable
  00001498    00001498    00000004   00000004    r-- .const:ti_sysbios_rom_ROM_AONRTCCompareValueSet
  0000149c    0000149c    00000004   00000004    r-- .const:ti_sysbios_rom_ROM_AONRTCCurrentCompareValueGet
  000014a0    000014a0    00000004   00000004    r-- .const:ti_sysbios_rom_ROM_AONRTCEventClear
  000014a4    000014a4    00000004   00000004    r-- .const:ti_sysbios_rom_ROM_ti_sysbios_family_arm_cc26xx_Timer_getCount64__E
  000014a8    000014a8    00000004   00000004    r-- .const:ti_sysbios_rom_ROM_ti_sysbios_family_arm_cc26xx_Timer_getCurrentTick__E
  000014ac    000014ac    00000004   00000004    r-- .const:ti_sysbios_rom_ROM_ti_sysbios_family_arm_cc26xx_Timer_getMaxTicks__E
  000014b0    000014b0    00000004   00000004    r-- .const:ti_sysbios_rom_ROM_ti_sysbios_family_arm_cc26xx_Timer_initDevice__I
  000014b4    000014b4    00000004   00000004    r-- .const:ti_sysbios_rom_ROM_ti_sysbios_family_arm_cc26xx_Timer_setNextTick__E
  000014b8    000014b8    00000004   00000004    r-- .const:ti_sysbios_rom_ROM_ti_sysbios_family_arm_cc26xx_Timer_setThreshold__I
  000014bc    000014bc    00000004   00000004    r-- .const:ti_sysbios_rom_ROM_ti_sysbios_family_arm_cc26xx_Timer_start__E
  000014c0    000014c0    00000004   00000004    r-- .const:ti_sysbios_rom_ROM_ti_sysbios_family_arm_cc26xx_TimestampProvider_get32__E
  000014c4    000014c4    00000004   00000004    r-- .const:ti_sysbios_rom_ROM_xdc_runtime_Startup_getState__I
  000014c8    000014c8    00000004   00000004    r-- .const:ti_sysbios_rom_ROM_xdc_runtime_System_SupportProxy_abort__E
  000014cc    000014cc    00000004   00000004    r-- .const:ti_sysbios_rom_ROM_xdc_runtime_System_SupportProxy_exit__E
  000014d0    000014d0    00000004   00000004    r-- .const:ti_sysbios_gates_GateMutex_Instance_State_sem__O
  000014d4    000014d4    00000004   00000004    r-- .const:ti_sysbios_knl_Clock_Module_State_clockQ__O
  000014d8    000014d8    00000004   00000004    r-- .const:ti_sysbios_knl_Mailbox_Instance_State_dataQue__O
  000014dc    000014dc    00000004   00000004    r-- .const:ti_sysbios_knl_Mailbox_Instance_State_dataSem__O
  000014e0    000014e0    00000004   00000004    r-- .const:ti_sysbios_knl_Mailbox_Instance_State_freeQue__O
  000014e4    000014e4    00000004   00000004    r-- .const:ti_sysbios_knl_Mailbox_Instance_State_freeSem__O
  000014e8    000014e8    00000004   00000004    r-- .const:ti_sysbios_knl_Semaphore_Instance_State_pendQ__O
  000014ec    000014ec    00000004   00000004    r-- .const:ti_sysbios_knl_Task_Module_State_inactiveQ__O
  000014f0    000014f0    00000bfc   00000bfc    r-- config_const
  000020ec    000020ec    000173b8   000173b8    r-x .text.4
  000194a8    000194a8    000004e0   000004e0    r-- .cinit
0001e000    0001e000    00002000   00002000    r-x
  0001e000    0001e000    00001000   00001000    r-- .TI.bound:NV_FLASH
  0001f000    0001f000    00000fa8   00000fa8    r-x .text.5
  0001ffa8    0001ffa8    00000058   00000058    r-- .ccfg
20000100    20000100    00002ba6   00000000    rw-
  20000100    20000100    00000044   00000000    rw- .data:ti_sysbios_knl_Task_Module__state__V
  20000144    20000144    00000034   00000000    rw- .data:ti_sysbios_family_arm_m3_Hwi_Module__state__V
  20000178    20000178    0000002c   00000000    rw- .data:ti_sysbios_knl_Clock_Module__state__V
  200001a4    200001a4    00000024   00000000    rw- .data:ti_sysbios_BIOS_Module__state__V
  200001c8    200001c8    0000001c   00000000    rw- .data:ti_sysbios_knl_Swi_Module__state__V
  200001e4    200001e4    00000008   00000000    rw- .data:ti_sysbios_family_arm_cc26xx_Timer_Module__state__V
  200001ec    200001ec    00000004   00000000    rw- .data:ti_sysbios_family_arm_cc26xx_TimestampProvider_Module__state__V
  200001f0    200001f0    00000008   00000000    rw- .data:xdc_runtime_Startup_Module__state__V
  200001f8    200001f8    00000008   00000000    rw- .data:xdc_runtime_System_Module__state__V
  20000200    20000200    00000004   00000000    rw- .data:xdc_runtime_Memory_Module__state__V
  20000208    20000208    00001f89   00000000    rw- .data
  20002198    20002198    00000b0e   00000000    rw- .bss
20004b00    20004b00    00000500   00000000    rw-
  20004b00    20004b00    00000500   00000000    rw- .stack


SECTION ALLOCATION MAP

 output                                  attributes/
section   page    origin      length       input sections
--------  ----  ----------  ----------   ----------------
.const     0    0000003c    00000df1     
                  0000003c    000003e0     mac_cfg.obj (.const:$O7$$)
                  0000041c    00000234     maclib_secure_cc13x0.a : hmac_global.obj (.const:$O24$$)
                  00000650    000000fa                            : fh_global.obj (.const:FH_stateMatrix)
                  0000074a    00000002     jdllc.obj (.const:keyUsageList$20)
                  0000074c    000000ec     console.obj (.const:$O22$$)
                  00000838    00000088     jdllc.obj (.const:$O14$$)
                  000008c0    0000006e     maclib_secure_cc13x0.a : hmac_global.obj (.const:macIdleSt)
                  0000092e    0000006e                            : hmac_global.obj (.const:macScanningSt)
                  0000099c    0000004c     drivers_cc13x0.aem3 : PowerCC26XX.oem3 (.const:resourceDB)
                  000009e8    00000048     app_pem3.oem3 (.const:.string)
                  00000a30    00000044     drivers_cc13x0.aem3 : UARTCC26XX.oem3 (.const:$O1$$)
                  00000a74    00000040                         : GPIOCC26XX.oem3 (.const:$O2$$)
                  00000ab4    00000034     CC1350_LAUNCHXL.obj (.const:BoardGpioInitTable)
                  00000ae8    00000030     drivers_cc13x0.aem3 : Random.oem3 (.const:$O1$$)
                  00000b18    00000028                         : UARTCC26XX.oem3 (.const:UARTCC26XX_fxnTable)
                  00000b40    00000028     app_pem3.oem3 (.const:ti_sysbios_heaps_HeapCallback_Module__FXNS__C)
                  00000b68    00000028     CC1350_LAUNCHXL.obj (.const:uartCC26XXHWAttrs)
                  00000b90    00000028     app_pem3.oem3 (.const:xdc_runtime_Startup_sfxnTab__A)
                  00000bb8    00000024     drivers_cc13x0.aem3 : UART.oem3 (.const:UART_defaultParams)
                  00000bdc    00000020     display.aem3 : DisplayUart.oem3 (.const:DisplayUartMin_fxnTable)
                  00000bfc    00000020     jdllc.obj (.const:keyDeviceList$20)
                  00000c1c    00000020     app_pem3.oem3 (.const:ti_sysbios_heaps_HeapCallback_Object__DESC__C)
                  00000c3c    0000001c     rf_multiMode_cc13x0.aem3 : RFCC26XX_multiMode.oem3 (.const:RF_defaultParams)
                  00000c58    0000001c     app_pem3.oem3 (.const:ti_sysbios_heaps_HeapCallback_Object__PARAMS__C)
                  00000c74    00000018     drivers_cc13x0.aem3 : I2CCC26XX.oem3 (.const:I2CCC26XX_fxnTable)
                  00000c8c    00000018     CC1350_LAUNCHXL.obj (.const:PowerCC26XX_config)
                  00000ca4    00000018     CC1350_LAUNCHXL.obj (.const:i2cCC26xxHWAttrs)
                  00000cbc    00000018     driverlib.lib : rfc.obj (.const:rfc_defaultIrqAddr$83)
                  00000cd4    00000014     CC1350_LAUNCHXL.obj (.const:GPIOCC26XX_config)
                  00000ce8    00000014     CC1350_LAUNCHXL.obj (.const:displayUartHWAttrs)
                  00000cfc    00000014     app_pem3.oem3 (.const:xdc_runtime_Startup_sfxnRts__A)
                  00000d10    00000013     macTask.obj (.const:.string:msacbackSizeTable)
                  00000d23    00000012     CC1350_LAUNCHXL.obj (.const)
                  00000d35    00000001     display.aem3 : Display.oem3 (.const:Display_defaultParams)
                  00000d36    00000002     app_pem3.oem3 (.const:xdc_runtime_Text_registryModsLastId__C)
                  00000d38    00000010     drivers_cc13x0.aem3 : I2C.oem3 (.const:I2C_defaultParams)
                  00000d48    00000010                         : TRNG.oem3 (.const:TRNG_defaultParams)
                  00000d58    00000010     CC1350_LAUNCHXL.obj (.const:cryptoCC26XXHWAttrs)
                  00000d68    0000000c     CC1350_LAUNCHXL.obj (.const:Display_config)
                  00000d74    0000000c     CC1350_LAUNCHXL.obj (.const:I2C_config)
                  00000d80    0000000c     CC1350_LAUNCHXL.obj (.const:RFCC26XX_hwAttrs)
                  00000d8c    0000000c     CC1350_LAUNCHXL.obj (.const:UART_config)
                  00000d98    0000000c     app_pem3.oem3 (.const:ti_sysbios_knl_Idle_funcList__A)
                  00000da4    0000000c     app_pem3.oem3 (.const:xdc_runtime_Startup_firstFxns__A)
                  00000db0    00000008     maclib_secure_cc13x0.a : mac_rx.obj (.const:$O30$$)
                  00000db8    00000008     main.obj (.const:.string:dummyExtAddr$24)
                  00000dc0    00000008     maclib_secure_cc13x0.a : fh_global.obj (.const:.string:fhSupFrameTypes)
                  00000dc8    00000008     CC1350_LAUNCHXL.obj (.const:CryptoCC26XX_config)
                  00000dd0    00000008     CC1350_LAUNCHXL.obj (.const:PINCC26XX_hwAttrs)
                  00000dd8    00000008     drivers_cc13x0.aem3 : I2CCC26XX.oem3 (.const:bitRate)
                  00000de0    00000006     ssf.obj (.const:nvResetId$26)
                  00000de6    00000002     app_pem3.oem3 (.const:xdc_runtime_Text_unnamedModsLastId__C)
                  00000de8    00000004     app_pem3.oem3 (.const:ti_sysbios_family_arm_cc26xx_Timer_funcHookCH1__C)
                  00000dec    00000004     app_pem3.oem3 (.const:ti_sysbios_family_arm_cc26xx_Timer_funcHookCH2__C)
                  00000df0    00000004     app_pem3.oem3 (.const:ti_sysbios_heaps_HeapCallback_Object__count__C)
                  00000df4    00000004     app_pem3.oem3 (.const:ti_sysbios_heaps_HeapCallback_allocInstFxn__C)
                  00000df8    00000004     app_pem3.oem3 (.const:ti_sysbios_heaps_HeapCallback_createInstFxn__C)
                  00000dfc    00000004     app_pem3.oem3 (.const:ti_sysbios_heaps_HeapCallback_deleteInstFxn__C)
                  00000e00    00000004     app_pem3.oem3 (.const:ti_sysbios_heaps_HeapCallback_freeInstFxn__C)
                  00000e04    00000004     app_pem3.oem3 (.const:ti_sysbios_heaps_HeapCallback_getStatsInstFxn__C)
                  00000e08    00000004     app_pem3.oem3 (.const:ti_sysbios_heaps_HeapCallback_initInstFxn__C)
                  00000e0c    00000004     app_pem3.oem3 (.const:ti_sysbios_heaps_HeapCallback_isBlockingInstFxn__C)
                  00000e10    00000004     app_pem3.oem3 (.const:ti_sysbios_knl_Clock_tickPeriod__C)
                  00000e14    00000004     app_pem3.oem3 (.const:ti_sysbios_knl_Clock_triggerClock__C)
                  00000e18    00000004     app_pem3.oem3 (.const:ti_sysbios_knl_Task_Object__heap__C)
                  00000e1c    00000004     app_pem3.oem3 (.const:xdc_runtime_SysCallback_putchFxn__C)
                  00000e20    00000004     app_pem3.oem3 (.const:xdc_runtime_SysCallback_readyFxn__C)
                  00000e24    00000004     app_pem3.oem3 (.const:xdc_runtime_System_extendFxn__C)
                  00000e28    00000004     app_pem3.oem3 (.const:xdc_runtime_Text_visitRopeFxn__C)
                  00000e2c    00000001     app_pem3.oem3 (.const:xdc_runtime_Text_charTab__A)

config_const 
*          0    000014f0    00000bfc     
                  000014f0    00000ab4     mac_user_config.obj (.const:$O16$$)
                  00001fa4    0000006c     mac_user_config.obj (.const:macRfDriverTable)
                  00002010    00000055     mac_user_config.obj (.const:txPowerTable_subg_CC1310)
                  00002065    00000050     mac_user_config.obj (.const:txPowerTable_subg_CC1350)
                  000020b5    00000001     mac_user_config.obj (.const)
                  000020b6    00000002     --HOLE-- [fill = 0]
                  000020b8    00000028     mac_user_config.obj (.const:macCryptoDriverTable)
                  000020e0    0000000c     mac_user_config.obj (.const:macTxPwrTbl)

.cinit     0    000194a8    000004e0     
                  000194a8    000003a6     (.cinit..data.load) [load image, compression = lzss]
                  0001984e    00000028     (.cinit..data:ti_sysbios_family_arm_m3_Hwi_Module__state__V.load) [load image, compression = lzss]
                  00019876    00000021     (.cinit..data:ti_sysbios_knl_Task_Module__state__V.load) [load image, compression = lzss]
                  00019897    0000001f     (.cinit..data:ti_sysbios_BIOS_Module__state__V.load) [load image, compression = lzss]
                  000198b6    0000001e     (.cinit..data:ti_sysbios_knl_Clock_Module__state__V.load) [load image, compression = lzss]
                  000198d4    00000010     (.cinit..data:ti_sysbios_knl_Swi_Module__state__V.load) [load image, compression = lzss]
                  000198e4    0000000c     (__TI_handler_table)
                  000198f0    0000000b     (.cinit..data:ti_sysbios_family_arm_cc26xx_Timer_Module__state__V.load) [load image, compression = lzss]
                  000198fb    00000005     --HOLE-- [fill = 0]
                  00019900    00000008     (.cinit..bss.load) [load image, compression = zero_init]
                  00019908    00000008     (.cinit..data:xdc_runtime_Memory_Module__state__V.load) [load image, compression = lzss]
                  00019910    00000007     (.cinit..data:ti_sysbios_family_arm_cc26xx_TimestampProvider_Module__state__V.load) [load image, compression = lzss]
                  00019917    00000007     (.cinit..data:xdc_runtime_Startup_Module__state__V.load) [load image, compression = lzss]
                  0001991e    00000007     (.cinit..data:xdc_runtime_System_Module__state__V.load) [load image, compression = lzss]
                  00019925    00000003     --HOLE-- [fill = 0]
                  00019928    00000060     (__TI_cinit_table)

.init_array 
*          0    00000000    00000000     UNINITIALIZED

.const:ti_sysbios_knl_Task_Object__PARAMS__C 
*          0    00001000    0000003c     
                  00001000    0000003c     app_pem3.oem3 (.const:ti_sysbios_knl_Task_Object__PARAMS__C)

.const:ti_sysbios_knl_Mailbox_Object__PARAMS__C 
*          0    0000103c    00000034     
                  0000103c    00000034     app_pem3.oem3 (.const:ti_sysbios_knl_Mailbox_Object__PARAMS__C)

.const:ti_sysbios_family_arm_m3_Hwi_Object__PARAMS__C 
*          0    00001070    00000030     
                  00001070    00000030     app_pem3.oem3 (.const:ti_sysbios_family_arm_m3_Hwi_Object__PARAMS__C)

.const:ti_sysbios_hal_Hwi_Object__PARAMS__C 
*          0    000010a0    0000002c     
                  000010a0    0000002c     app_pem3.oem3 (.const:ti_sysbios_hal_Hwi_Object__PARAMS__C)

.const:ti_sysbios_heaps_HeapMem_Module__FXNS__C 
*          0    000010cc    00000028     
                  000010cc    00000028     app_pem3.oem3 (.const:ti_sysbios_heaps_HeapMem_Module__FXNS__C)

.const:ti_sysbios_knl_Swi_Object__PARAMS__C 
*          0    000010f4    00000028     
                  000010f4    00000028     app_pem3.oem3 (.const:ti_sysbios_knl_Swi_Object__PARAMS__C)

.const:ti_sysbios_gates_GateHwi_Module__FXNS__C 
*          0    0000111c    00000024     
                  0000111c    00000024     app_pem3.oem3 (.const:ti_sysbios_gates_GateHwi_Module__FXNS__C)

.const:ti_sysbios_gates_GateMutex_Module__FXNS__C 
*          0    00001140    00000024     
                  00001140    00000024     app_pem3.oem3 (.const:ti_sysbios_gates_GateMutex_Module__FXNS__C)

.const:ti_sysbios_heaps_HeapMem_Object__PARAMS__C 
*          0    00001164    00000024     
                  00001164    00000024     app_pem3.oem3 (.const:ti_sysbios_heaps_HeapMem_Object__PARAMS__C)

.const:ti_sysbios_knl_Clock_Object__PARAMS__C 
*          0    00001188    00000024     
                  00001188    00000024     app_pem3.oem3 (.const:ti_sysbios_knl_Clock_Object__PARAMS__C)

.const:ti_sysbios_knl_Semaphore_Object__PARAMS__C 
*          0    000011ac    00000024     
                  000011ac    00000024     app_pem3.oem3 (.const:ti_sysbios_knl_Semaphore_Object__PARAMS__C)

.const:ti_sysbios_family_arm_m3_Hwi_Object__DESC__C 
*          0    000011d0    00000020     
                  000011d0    00000020     app_pem3.oem3 (.const:ti_sysbios_family_arm_m3_Hwi_Object__DESC__C)

.const:ti_sysbios_gates_GateHwi_Object__DESC__C 
*          0    000011f0    00000020     
                  000011f0    00000020     app_pem3.oem3 (.const:ti_sysbios_gates_GateHwi_Object__DESC__C)

.const:ti_sysbios_gates_GateMutex_Object__DESC__C 
*          0    00001210    00000020     
                  00001210    00000020     app_pem3.oem3 (.const:ti_sysbios_gates_GateMutex_Object__DESC__C)

.const:ti_sysbios_hal_Hwi_Object__DESC__C 
*          0    00001230    00000020     
                  00001230    00000020     app_pem3.oem3 (.const:ti_sysbios_hal_Hwi_Object__DESC__C)

.const:ti_sysbios_heaps_HeapMem_Object__DESC__C 
*          0    00001250    00000020     
                  00001250    00000020     app_pem3.oem3 (.const:ti_sysbios_heaps_HeapMem_Object__DESC__C)

.const:ti_sysbios_knl_Clock_Object__DESC__C 
*          0    00001270    00000020     
                  00001270    00000020     app_pem3.oem3 (.const:ti_sysbios_knl_Clock_Object__DESC__C)

.const:ti_sysbios_knl_Mailbox_Object__DESC__C 
*          0    00001290    00000020     
                  00001290    00000020     app_pem3.oem3 (.const:ti_sysbios_knl_Mailbox_Object__DESC__C)

.const:ti_sysbios_knl_Queue_Object__DESC__C 
*          0    000012b0    00000020     
                  000012b0    00000020     app_pem3.oem3 (.const:ti_sysbios_knl_Queue_Object__DESC__C)

.const:ti_sysbios_knl_Semaphore_Object__DESC__C 
*          0    000012d0    00000020     
                  000012d0    00000020     app_pem3.oem3 (.const:ti_sysbios_knl_Semaphore_Object__DESC__C)

.const:ti_sysbios_knl_Swi_Object__DESC__C 
*          0    000012f0    00000020     
                  000012f0    00000020     app_pem3.oem3 (.const:ti_sysbios_knl_Swi_Object__DESC__C)

.const:ti_sysbios_knl_Task_Object__DESC__C 
*          0    00001310    00000020     
                  00001310    00000020     app_pem3.oem3 (.const:ti_sysbios_knl_Task_Object__DESC__C)

.const:ti_sysbios_gates_GateHwi_Object__PARAMS__C 
*          0    00001330    00000018     
                  00001330    00000018     app_pem3.oem3 (.const:ti_sysbios_gates_GateHwi_Object__PARAMS__C)

.const:ti_sysbios_gates_GateMutex_Object__PARAMS__C 
*          0    00001348    00000018     
                  00001348    00000018     app_pem3.oem3 (.const:ti_sysbios_gates_GateMutex_Object__PARAMS__C)

.const:ti_sysbios_knl_Queue_Object__PARAMS__C 
*          0    00001360    00000018     
                  00001360    00000018     app_pem3.oem3 (.const:ti_sysbios_knl_Queue_Object__PARAMS__C)

.const:ti_sysbios_knl_Idle_funcList__C 
*          0    00001378    00000008     
                  00001378    00000008     app_pem3.oem3 (.const:ti_sysbios_knl_Idle_funcList__C)

.const:ti_sysbios_family_arm_cc26xx_Timer_startupNeeded__C 
*          0    00001384    00000004     
                  00001384    00000004     app_pem3.oem3 (.const:ti_sysbios_family_arm_cc26xx_Timer_startupNeeded__C)

.const:ti_sysbios_family_arm_m3_Hwi_E_alreadyDefined__C 
*          0    00001388    00000004     
                  00001388    00000004     app_pem3.oem3 (.const:ti_sysbios_family_arm_m3_Hwi_E_alreadyDefined__C)

.const:ti_sysbios_family_arm_m3_Hwi_E_hwiLimitExceeded__C 
*          0    0000138c    00000004     
                  0000138c    00000004     app_pem3.oem3 (.const:ti_sysbios_family_arm_m3_Hwi_E_hwiLimitExceeded__C)

.const:ti_sysbios_family_arm_m3_Hwi_NUM_INTERRUPTS__C 
*          0    00001390    00000004     
                  00001390    00000004     app_pem3.oem3 (.const:ti_sysbios_family_arm_m3_Hwi_NUM_INTERRUPTS__C)

.const:ti_sysbios_family_arm_m3_Hwi_Object__count__C 
*          0    00001394    00000004     
                  00001394    00000004     app_pem3.oem3 (.const:ti_sysbios_family_arm_m3_Hwi_Object__count__C)

.const:ti_sysbios_family_arm_m3_Hwi_Object__table__C 
*          0    00001398    00000004     
                  00001398    00000004     app_pem3.oem3 (.const:ti_sysbios_family_arm_m3_Hwi_Object__table__C)

.const:ti_sysbios_family_arm_m3_Hwi_ccr__C 
*          0    0000139c    00000004     
                  0000139c    00000004     app_pem3.oem3 (.const:ti_sysbios_family_arm_m3_Hwi_ccr__C)

.const:ti_sysbios_family_arm_m3_Hwi_excHandlerFunc__C 
*          0    000013a0    00000004     
                  000013a0    00000004     app_pem3.oem3 (.const:ti_sysbios_family_arm_m3_Hwi_excHandlerFunc__C)

.const:ti_sysbios_family_arm_m3_Hwi_nullIsrFunc__C 
*          0    000013a4    00000004     
                  000013a4    00000004     app_pem3.oem3 (.const:ti_sysbios_family_arm_m3_Hwi_nullIsrFunc__C)

.const:ti_sysbios_family_arm_m3_Hwi_numSparseInterrupts__C 
*          0    000013a8    00000004     
                  000013a8    00000004     app_pem3.oem3 (.const:ti_sysbios_family_arm_m3_Hwi_numSparseInterrupts__C)

.const:ti_sysbios_family_arm_m3_Hwi_priGroup__C 
*          0    000013ac    00000004     
                  000013ac    00000004     app_pem3.oem3 (.const:ti_sysbios_family_arm_m3_Hwi_priGroup__C)

.const:ti_sysbios_family_arm_m3_TaskSupport_stackAlignment__C 
*          0    000013b0    00000004     
                  000013b0    00000004     app_pem3.oem3 (.const:ti_sysbios_family_arm_m3_TaskSupport_stackAlignment__C)

.const:ti_sysbios_heaps_HeapMem_E_memory__C 
*          0    000013b4    00000004     
                  000013b4    00000004     app_pem3.oem3 (.const:ti_sysbios_heaps_HeapMem_E_memory__C)

.const:ti_sysbios_heaps_HeapMem_Module__gateObj__C 
*          0    000013b8    00000004     
                  000013b8    00000004     app_pem3.oem3 (.const:ti_sysbios_heaps_HeapMem_Module__gateObj__C)

.const:ti_sysbios_heaps_HeapMem_Object__count__C 
*          0    000013bc    00000004     
                  000013bc    00000004     app_pem3.oem3 (.const:ti_sysbios_heaps_HeapMem_Object__count__C)

.const:ti_sysbios_heaps_HeapMem_Object__table__C 
*          0    000013c0    00000004     
                  000013c0    00000004     app_pem3.oem3 (.const:ti_sysbios_heaps_HeapMem_Object__table__C)

.const:ti_sysbios_heaps_HeapMem_reqAlign__C 
*          0    000013c4    00000004     
                  000013c4    00000004     app_pem3.oem3 (.const:ti_sysbios_heaps_HeapMem_reqAlign__C)

.const:ti_sysbios_knl_Clock_serviceMargin__C 
*          0    000013c8    00000004     
                  000013c8    00000004     app_pem3.oem3 (.const:ti_sysbios_knl_Clock_serviceMargin__C)

.const:ti_sysbios_knl_Mailbox_Object__count__C 
*          0    000013cc    00000004     
                  000013cc    00000004     app_pem3.oem3 (.const:ti_sysbios_knl_Mailbox_Object__count__C)

.const:ti_sysbios_knl_Mailbox_Object__table__C 
*          0    000013d0    00000004     
                  000013d0    00000004     app_pem3.oem3 (.const:ti_sysbios_knl_Mailbox_Object__table__C)

.const:ti_sysbios_knl_Mailbox_maxTypeAlign__C 
*          0    000013d4    00000004     
                  000013d4    00000004     app_pem3.oem3 (.const:ti_sysbios_knl_Mailbox_maxTypeAlign__C)

.const:ti_sysbios_knl_Queue_Object__count__C 
*          0    000013d8    00000004     
                  000013d8    00000004     app_pem3.oem3 (.const:ti_sysbios_knl_Queue_Object__count__C)

.const:ti_sysbios_knl_Queue_Object__table__C 
*          0    000013dc    00000004     
                  000013dc    00000004     app_pem3.oem3 (.const:ti_sysbios_knl_Queue_Object__table__C)

.const:ti_sysbios_knl_Swi_Object__count__C 
*          0    000013e0    00000004     
                  000013e0    00000004     app_pem3.oem3 (.const:ti_sysbios_knl_Swi_Object__count__C)

.const:ti_sysbios_knl_Swi_Object__table__C 
*          0    000013e4    00000004     
                  000013e4    00000004     app_pem3.oem3 (.const:ti_sysbios_knl_Swi_Object__table__C)

.const:ti_sysbios_knl_Swi_numPriorities__C 
*          0    000013e8    00000004     
                  000013e8    00000004     app_pem3.oem3 (.const:ti_sysbios_knl_Swi_numPriorities__C)

.const:ti_sysbios_knl_Task_Object__count__C 
*          0    000013ec    00000004     
                  000013ec    00000004     app_pem3.oem3 (.const:ti_sysbios_knl_Task_Object__count__C)

.const:ti_sysbios_knl_Task_Object__table__C 
*          0    000013f0    00000004     
                  000013f0    00000004     app_pem3.oem3 (.const:ti_sysbios_knl_Task_Object__table__C)

.const:ti_sysbios_knl_Task_allBlockedFunc__C 
*          0    000013f4    00000004     
                  000013f4    00000004     app_pem3.oem3 (.const:ti_sysbios_knl_Task_allBlockedFunc__C)

.const:ti_sysbios_knl_Task_defaultStackHeap__C 
*          0    000013f8    00000004     
                  000013f8    00000004     app_pem3.oem3 (.const:ti_sysbios_knl_Task_defaultStackHeap__C)

.const:ti_sysbios_knl_Task_defaultStackSize__C 
*          0    000013fc    00000004     
                  000013fc    00000004     app_pem3.oem3 (.const:ti_sysbios_knl_Task_defaultStackSize__C)

.const:ti_sysbios_knl_Task_numConstructedTasks__C 
*          0    00001400    00000004     
                  00001400    00000004     app_pem3.oem3 (.const:ti_sysbios_knl_Task_numConstructedTasks__C)

.const:ti_sysbios_family_arm_cc26xx_Timer_Module__id__C 
*          0    00001406    00000002     
                  00001406    00000002     app_pem3.oem3 (.const:ti_sysbios_family_arm_cc26xx_Timer_Module__id__C)

.const:ti_sysbios_family_arm_cc26xx_TimestampProvider_useClockTimer__C 
*          0    00001408    00000002     
                  00001408    00000002     app_pem3.oem3 (.const:ti_sysbios_family_arm_cc26xx_TimestampProvider_useClockTimer__C)

.const:ti_sysbios_family_arm_m3_Hwi_Module__id__C 
*          0    0000140a    00000002     
                  0000140a    00000002     app_pem3.oem3 (.const:ti_sysbios_family_arm_m3_Hwi_Module__id__C)

.const:ti_sysbios_gates_GateHwi_Module__id__C 
*          0    0000140c    00000002     
                  0000140c    00000002     app_pem3.oem3 (.const:ti_sysbios_gates_GateHwi_Module__id__C)

.const:ti_sysbios_gates_GateMutex_Module__id__C 
*          0    0000140e    00000002     
                  0000140e    00000002     app_pem3.oem3 (.const:ti_sysbios_gates_GateMutex_Module__id__C)

.const:ti_sysbios_heaps_HeapMem_Module__id__C 
*          0    00001410    00000002     
                  00001410    00000002     app_pem3.oem3 (.const:ti_sysbios_heaps_HeapMem_Module__id__C)

.const:ti_sysbios_knl_Task_initStackFlag__C 
*          0    00001412    00000002     
                  00001412    00000002     app_pem3.oem3 (.const:ti_sysbios_knl_Task_initStackFlag__C)

.const:ti_sysbios_knl_Clock_tickMode__C 
*          0    00001414    00000001     
                  00001414    00000001     app_pem3.oem3 (.const:ti_sysbios_knl_Clock_tickMode__C)

.const:xdc_runtime_Startup_firstFxns__C 
*          0    00001418    00000008     
                  00001418    00000008     app_pem3.oem3 (.const:xdc_runtime_Startup_firstFxns__C)

.const:xdc_runtime_Startup_lastFxns__C 
*          0    00001420    00000008     
                  00001420    00000008     app_pem3.oem3 (.const:xdc_runtime_Startup_lastFxns__C)

.const:xdc_runtime_Assert_E_assertFailed__C 
*          0    00001428    00000004     
                  00001428    00000004     app_pem3.oem3 (.const:xdc_runtime_Assert_E_assertFailed__C)

.const:xdc_runtime_Error_E_memory__C 
*          0    0000142c    00000004     
                  0000142c    00000004     app_pem3.oem3 (.const:xdc_runtime_Error_E_memory__C)

.const:xdc_runtime_Error_policyFxn__C 
*          0    00001430    00000004     
                  00001430    00000004     app_pem3.oem3 (.const:xdc_runtime_Error_policyFxn__C)

.const:xdc_runtime_IGateProvider_Interface__BASE__C 
*          0    00001434    00000004     
                  00001434    00000004     app_pem3.oem3 (.const:xdc_runtime_IGateProvider_Interface__BASE__C)

.const:xdc_runtime_IHeap_Interface__BASE__C 
*          0    00001438    00000004     
                  00001438    00000004     app_pem3.oem3 (.const:xdc_runtime_IHeap_Interface__BASE__C)

.const:xdc_runtime_IModule_Interface__BASE__C 
*          0    0000143c    00000004     
                  0000143c    00000004     app_pem3.oem3 (.const:xdc_runtime_IModule_Interface__BASE__C)

.const:xdc_runtime_Main_Module__diagsEnabled__C 
*          0    00001440    00000004     
                  00001440    00000004     app_pem3.oem3 (.const:xdc_runtime_Main_Module__diagsEnabled__C)

.const:xdc_runtime_Main_Module__diagsIncluded__C 
*          0    00001444    00000004     
                  00001444    00000004     app_pem3.oem3 (.const:xdc_runtime_Main_Module__diagsIncluded__C)

.const:xdc_runtime_Main_Module__diagsMask__C 
*          0    00001448    00000004     
                  00001448    00000004     app_pem3.oem3 (.const:xdc_runtime_Main_Module__diagsMask__C)

.const:xdc_runtime_Memory_defaultHeapInstance__C 
*          0    0000144c    00000004     
                  0000144c    00000004     app_pem3.oem3 (.const:xdc_runtime_Memory_defaultHeapInstance__C)

.const:xdc_runtime_Startup_execImpl__C 
*          0    00001450    00000004     
                  00001450    00000004     app_pem3.oem3 (.const:xdc_runtime_Startup_execImpl__C)

.const:xdc_runtime_Startup_maxPasses__C 
*          0    00001454    00000004     
                  00001454    00000004     app_pem3.oem3 (.const:xdc_runtime_Startup_maxPasses__C)

.const:xdc_runtime_Startup_sfxnRts__C 
*          0    00001458    00000004     
                  00001458    00000004     app_pem3.oem3 (.const:xdc_runtime_Startup_sfxnRts__C)

.const:xdc_runtime_Startup_sfxnTab__C 
*          0    0000145c    00000004     
                  0000145c    00000004     app_pem3.oem3 (.const:xdc_runtime_Startup_sfxnTab__C)

.const:xdc_runtime_Startup_startModsFxn__C 
*          0    00001460    00000004     
                  00001460    00000004     app_pem3.oem3 (.const:xdc_runtime_Startup_startModsFxn__C)

.const:xdc_runtime_SysCallback_abortFxn__C 
*          0    00001464    00000004     
                  00001464    00000004     app_pem3.oem3 (.const:xdc_runtime_SysCallback_abortFxn__C)

.const:xdc_runtime_SysCallback_exitFxn__C 
*          0    00001468    00000004     
                  00001468    00000004     app_pem3.oem3 (.const:xdc_runtime_SysCallback_exitFxn__C)

.const:xdc_runtime_System_abortFxn__C 
*          0    0000146c    00000004     
                  0000146c    00000004     app_pem3.oem3 (.const:xdc_runtime_System_abortFxn__C)

.const:xdc_runtime_System_exitFxn__C 
*          0    00001470    00000004     
                  00001470    00000004     app_pem3.oem3 (.const:xdc_runtime_System_exitFxn__C)

.const:xdc_runtime_System_maxAtexitHandlers__C 
*          0    00001474    00000004     
                  00001474    00000004     app_pem3.oem3 (.const:xdc_runtime_System_maxAtexitHandlers__C)

.const:xdc_runtime_Text_charTab__C 
*          0    00001478    00000004     
                  00001478    00000004     app_pem3.oem3 (.const:xdc_runtime_Text_charTab__C)

.const:xdc_runtime_Text_nameEmpty__C 
*          0    0000147c    00000004     
                  0000147c    00000004     app_pem3.oem3 (.const:xdc_runtime_Text_nameEmpty__C)

.const:xdc_runtime_Text_nameStatic__C 
*          0    00001480    00000004     
                  00001480    00000004     app_pem3.oem3 (.const:xdc_runtime_Text_nameStatic__C)

.const:xdc_runtime_Text_nameUnknown__C 
*          0    00001484    00000004     
                  00001484    00000004     app_pem3.oem3 (.const:xdc_runtime_Text_nameUnknown__C)

.const:xdc_runtime_Main_Module__id__C 
*          0    00001488    00000002     
                  00001488    00000002     app_pem3.oem3 (.const:xdc_runtime_Main_Module__id__C)

.const:xdc_runtime_Memory_Module__id__C 
*          0    0000148a    00000002     
                  0000148a    00000002     app_pem3.oem3 (.const:xdc_runtime_Memory_Module__id__C)

.const:xdc_runtime_Text_charCnt__C 
*          0    0000148c    00000002     
                  0000148c    00000002     app_pem3.oem3 (.const:xdc_runtime_Text_charCnt__C)

.const:xdc_runtime_Text_isLoaded__C 
*          0    0000148e    00000002     
                  0000148e    00000002     app_pem3.oem3 (.const:xdc_runtime_Text_isLoaded__C)

.const:xdc_runtime_Error_policy__C 
*          0    00001490    00000001     
                  00001490    00000001     app_pem3.oem3 (.const:xdc_runtime_Error_policy__C)

.const:ti_sysbios_rom_ROM_AONRTCChannelEnable 
*          0    00001494    00000004     
                  00001494    00000004     app_pem3.oem3 (.const:ti_sysbios_rom_ROM_AONRTCChannelEnable)

.const:ti_sysbios_rom_ROM_AONRTCCompareValueSet 
*          0    00001498    00000004     
                  00001498    00000004     app_pem3.oem3 (.const:ti_sysbios_rom_ROM_AONRTCCompareValueSet)

.const:ti_sysbios_rom_ROM_AONRTCCurrentCompareValueGet 
*          0    0000149c    00000004     
                  0000149c    00000004     app_pem3.oem3 (.const:ti_sysbios_rom_ROM_AONRTCCurrentCompareValueGet)

.const:ti_sysbios_rom_ROM_AONRTCEventClear 
*          0    000014a0    00000004     
                  000014a0    00000004     app_pem3.oem3 (.const:ti_sysbios_rom_ROM_AONRTCEventClear)

.const:ti_sysbios_rom_ROM_ti_sysbios_family_arm_cc26xx_Timer_getCount64__E 
*          0    000014a4    00000004     
                  000014a4    00000004     app_pem3.oem3 (.const:ti_sysbios_rom_ROM_ti_sysbios_family_arm_cc26xx_Timer_getCount64__E)

.const:ti_sysbios_rom_ROM_ti_sysbios_family_arm_cc26xx_Timer_getCurrentTick__E 
*          0    000014a8    00000004     
                  000014a8    00000004     app_pem3.oem3 (.const:ti_sysbios_rom_ROM_ti_sysbios_family_arm_cc26xx_Timer_getCurrentTick__E)

.const:ti_sysbios_rom_ROM_ti_sysbios_family_arm_cc26xx_Timer_getMaxTicks__E 
*          0    000014ac    00000004     
                  000014ac    00000004     app_pem3.oem3 (.const:ti_sysbios_rom_ROM_ti_sysbios_family_arm_cc26xx_Timer_getMaxTicks__E)

.const:ti_sysbios_rom_ROM_ti_sysbios_family_arm_cc26xx_Timer_initDevice__I 
*          0    000014b0    00000004     
                  000014b0    00000004     app_pem3.oem3 (.const:ti_sysbios_rom_ROM_ti_sysbios_family_arm_cc26xx_Timer_initDevice__I)

.const:ti_sysbios_rom_ROM_ti_sysbios_family_arm_cc26xx_Timer_setNextTick__E 
*          0    000014b4    00000004     
                  000014b4    00000004     app_pem3.oem3 (.const:ti_sysbios_rom_ROM_ti_sysbios_family_arm_cc26xx_Timer_setNextTick__E)

.const:ti_sysbios_rom_ROM_ti_sysbios_family_arm_cc26xx_Timer_setThreshold__I 
*          0    000014b8    00000004     
                  000014b8    00000004     app_pem3.oem3 (.const:ti_sysbios_rom_ROM_ti_sysbios_family_arm_cc26xx_Timer_setThreshold__I)

.const:ti_sysbios_rom_ROM_ti_sysbios_family_arm_cc26xx_Timer_start__E 
*          0    000014bc    00000004     
                  000014bc    00000004     app_pem3.oem3 (.const:ti_sysbios_rom_ROM_ti_sysbios_family_arm_cc26xx_Timer_start__E)

.const:ti_sysbios_rom_ROM_ti_sysbios_family_arm_cc26xx_TimestampProvider_get32__E 
*          0    000014c0    00000004     
                  000014c0    00000004     app_pem3.oem3 (.const:ti_sysbios_rom_ROM_ti_sysbios_family_arm_cc26xx_TimestampProvider_get32__E)

.const:ti_sysbios_rom_ROM_xdc_runtime_Startup_getState__I 
*          0    000014c4    00000004     
                  000014c4    00000004     app_pem3.oem3 (.const:ti_sysbios_rom_ROM_xdc_runtime_Startup_getState__I)

.const:ti_sysbios_rom_ROM_xdc_runtime_System_SupportProxy_abort__E 
*          0    000014c8    00000004     
                  000014c8    00000004     app_pem3.oem3 (.const:ti_sysbios_rom_ROM_xdc_runtime_System_SupportProxy_abort__E)

.const:ti_sysbios_rom_ROM_xdc_runtime_System_SupportProxy_exit__E 
*          0    000014cc    00000004     
                  000014cc    00000004     app_pem3.oem3 (.const:ti_sysbios_rom_ROM_xdc_runtime_System_SupportProxy_exit__E)

.const:ti_sysbios_gates_GateMutex_Instance_State_sem__O 
*          0    000014d0    00000004     
                  000014d0    00000004     app_pem3.oem3 (.const:ti_sysbios_gates_GateMutex_Instance_State_sem__O)

.const:ti_sysbios_knl_Clock_Module_State_clockQ__O 
*          0    000014d4    00000004     
                  000014d4    00000004     app_pem3.oem3 (.const:ti_sysbios_knl_Clock_Module_State_clockQ__O)

.const:ti_sysbios_knl_Mailbox_Instance_State_dataQue__O 
*          0    000014d8    00000004     
                  000014d8    00000004     app_pem3.oem3 (.const:ti_sysbios_knl_Mailbox_Instance_State_dataQue__O)

.const:ti_sysbios_knl_Mailbox_Instance_State_dataSem__O 
*          0    000014dc    00000004     
                  000014dc    00000004     app_pem3.oem3 (.const:ti_sysbios_knl_Mailbox_Instance_State_dataSem__O)

.const:ti_sysbios_knl_Mailbox_Instance_State_freeQue__O 
*          0    000014e0    00000004     
                  000014e0    00000004     app_pem3.oem3 (.const:ti_sysbios_knl_Mailbox_Instance_State_freeQue__O)

.const:ti_sysbios_knl_Mailbox_Instance_State_freeSem__O 
*          0    000014e4    00000004     
                  000014e4    00000004     app_pem3.oem3 (.const:ti_sysbios_knl_Mailbox_Instance_State_freeSem__O)

.const:ti_sysbios_knl_Semaphore_Instance_State_pendQ__O 
*          0    000014e8    00000004     
                  000014e8    00000004     app_pem3.oem3 (.const:ti_sysbios_knl_Semaphore_Instance_State_pendQ__O)

.const:ti_sysbios_knl_Task_Module_State_inactiveQ__O 
*          0    000014ec    00000004     
                  000014ec    00000004     app_pem3.oem3 (.const:ti_sysbios_knl_Task_Module_State_inactiveQ__O)

.ccfg      0    0001ffa8    00000058     
                  0001ffa8    00000058     ccfg.obj (.ccfg:retain)

.data:ti_sysbios_knl_Task_Module__state__V 
*          0    20000100    00000044     UNINITIALIZED
                  20000100    00000044     app_pem3.oem3 (.data:ti_sysbios_knl_Task_Module__state__V)

.data:ti_sysbios_family_arm_m3_Hwi_Module__state__V 
*          0    20000144    00000034     UNINITIALIZED
                  20000144    00000034     app_pem3.oem3 (.data:ti_sysbios_family_arm_m3_Hwi_Module__state__V)

.data:ti_sysbios_knl_Clock_Module__state__V 
*          0    20000178    0000002c     UNINITIALIZED
                  20000178    0000002c     app_pem3.oem3 (.data:ti_sysbios_knl_Clock_Module__state__V)

.data:ti_sysbios_BIOS_Module__state__V 
*          0    200001a4    00000024     UNINITIALIZED
                  200001a4    00000024     app_pem3.oem3 (.data:ti_sysbios_BIOS_Module__state__V)

.data:ti_sysbios_knl_Swi_Module__state__V 
*          0    200001c8    0000001c     UNINITIALIZED
                  200001c8    0000001c     app_pem3.oem3 (.data:ti_sysbios_knl_Swi_Module__state__V)

.data:ti_sysbios_family_arm_cc26xx_Timer_Module__state__V 
*          0    200001e4    00000008     UNINITIALIZED
                  200001e4    00000008     app_pem3.oem3 (.data:ti_sysbios_family_arm_cc26xx_Timer_Module__state__V)

.data:ti_sysbios_family_arm_cc26xx_TimestampProvider_Module__state__V 
*          0    200001ec    00000004     UNINITIALIZED
                  200001ec    00000004     app_pem3.oem3 (.data:ti_sysbios_family_arm_cc26xx_TimestampProvider_Module__state__V)

.data:xdc_runtime_Startup_Module__state__V 
*          0    200001f0    00000008     UNINITIALIZED
                  200001f0    00000008     app_pem3.oem3 (.data:xdc_runtime_Startup_Module__state__V)

.data:xdc_runtime_System_Module__state__V 
*          0    200001f8    00000008     UNINITIALIZED
                  200001f8    00000008     app_pem3.oem3 (.data:xdc_runtime_System_Module__state__V)

.data:xdc_runtime_Memory_Module__state__V 
*          0    20000200    00000004     UNINITIALIZED
                  20000200    00000004     app_pem3.oem3 (.data:xdc_runtime_Memory_Module__state__V)

.data      0    20000208    00001f89     UNINITIALIZED
                  20000208    00000570     maclib_secure_cc13x0.a : hmac_global.obj (.data:$O23$$)
                  20000778    000004c4     macTask.obj (.data:$O15$$)
                  20000c3c    00000464     main.obj (.data:$O17$$)
                  200010a0    00000288     maclib_secure_cc13x0.a : fh_global.obj (.data:$O33$$)
                  20001328    00000188     osal_port.obj (.data:$O20$$)
                  200014b0    00000114     drivers_cc13x0.aem3 : PINCC26XX.oem3 (.data:$O1$$)
                  200015c4    00000114                         : PowerCC26XX.oem3 (.data:PowerCC26XX_module)
                  200016d8    00000104     ssf.obj (.data:$O19$$)
                  200017dc    000000d8     mac_settings.obj (.data:$O8$$)
                  200018b4    000000cc     sensor.obj (.data:$O18$$)
                  20001980    000000b0     mac_cfg.obj (.data:$O6$$)
                  20001a30    000000ac     jdllc.obj (.data:$O13$$)
                  20001adc    00000088     rom_sysbios.aem3 : rom_sysbios.obj (.data:$O1$$)
                  20001b64    00000064     mac_user_config.obj (.data:pOverrides_fsk_CC1350$22)
                  20001bc8    00000060     maclib_secure_cc13x0.a : mac.obj (.data:$O26$$)
                  20001c28    00000058     drivers_cc13x0.aem3 : CryptoResourceCC26XX.oem3 (.data:$O1$$)
                  20001c80    00000058                         : TRNGCC26XX.oem3 (.data:$O1$$)
                  20001cd8    00000054     app_pem3.oem3 (.data:ti_sysbios_gates_GateMutex_Object__table__V)
                  20001d2c    0000004c     app_pem3.oem3 (.data:ti_sysbios_knl_Task_Object__table__V)
                  20001d78    00000048     board_key.obj (.data:$O3$$)
                  20001dc0    00000048     app_pem3.oem3 (.data:ti_sysbios_family_arm_cc26xx_Timer_Object__table__V)
                  20001e08    00000044     board_led.obj (.data:$O4$$)
                  20001e4c    00000040     drivers_cc13x0.aem3 : GPIOCC26XX.oem3 (.data:$O1$$)
                  20001e8c    00000034     api_mac.obj (.data:$O12$$)
                  20001ec0    00000034     maclib_secure_cc13x0.a : mac_radio.obj (.data:$O27$$)
                  20001ef4    00000030                            : mac_radio_tx.obj (.data:$O28$$)
                  20001f24    00000030     CC1350_LAUNCHXL.obj (.data:gpioPinConfigs)
                  20001f54    00000030     app_pem3.oem3 (.data:ti_sysbios_knl_Swi_Module_State_0_readyQ__A)
                  20001f84    00000030     app_pem3.oem3 (.data:ti_sysbios_knl_Swi_Object__table__V)
                  20001fb4    00000030     app_pem3.oem3 (.data:ti_sysbios_knl_Task_Module_State_0_readyQ__A)
                  20001fe4    00000028     maclib_secure_cc13x0.a : mac_symbol_timer.obj (.data:$O31$$)
                  2000200c    00000024                            : mac_tx.obj (.data:$O32$$)
                  20002030    00000020     app_pem3.oem3 (.data:ti_sysbios_knl_Clock_Object__table__V)
                  20002050    00000020     app_pem3.oem3 (.data:xdc_runtime_Error_IgnoreBlock)
                  20002070    0000001c     board_gpio.obj (.data:$O2$$)
                  2000208c    00000018     app_pem3.oem3 (.data:ti_sysbios_family_arm_m3_Hwi_Object__table__V)
                  200020a4    00000010     CC1350_LAUNCHXL.obj (.data:gpioCallbackFunctions)
                  200020b4    00000010     mac_user_config.obj (.data:rfPatchTable)
                  200020c4    0000000d     maclib_secure_cc13x0.a : mac.obj (.data)
                  200020d1    00000002                            : lmac_global.obj (.data)
                  200020d3    00000001     console.obj (.data)
                  200020d4    0000000c     osal_port_timers.obj (.data:$O21$$)
                  200020e0    0000000c     app_pem3.oem3 (.data:ti_sysbios_heaps_HeapCallback_Object__table__V)
                  200020ec    00000008     nvocop.obj (.data:$O10$$)
                  200020f4    00000008     rtsv7M3_T_le_eabi.lib : _lock.c.obj (.data:$O34$$)
                  200020fc    00000008     mac_user_config.obj (.data:pOverridesTable)
                  20002104    00000008     app_pem3.oem3 (.data:ti_sysbios_family_arm_cc26xx_Seconds_Module__state__V)
                  2000210c    00000008     app_pem3.oem3 (.data:ti_sysbios_family_arm_m3_Hwi_Module__root__V)
                  20002114    00000008     app_pem3.oem3 (.data:ti_sysbios_gates_GateHwi_Module__root__V)
                  2000211c    00000008     app_pem3.oem3 (.data:ti_sysbios_gates_GateMutex_Module__root__V)
                  20002124    00000008     app_pem3.oem3 (.data:ti_sysbios_hal_Hwi_Module__root__V)
                  2000212c    00000008     app_pem3.oem3 (.data:ti_sysbios_heaps_HeapCallback_Module__root__V)
                  20002134    00000008     app_pem3.oem3 (.data:ti_sysbios_heaps_HeapMem_Module__root__V)
                  2000213c    00000008     app_pem3.oem3 (.data:ti_sysbios_knl_Clock_Module__root__V)
                  20002144    00000008     app_pem3.oem3 (.data:ti_sysbios_knl_Mailbox_Module__root__V)
                  2000214c    00000008     app_pem3.oem3 (.data:ti_sysbios_knl_Queue_Module__root__V)
                  20002154    00000008     app_pem3.oem3 (.data:ti_sysbios_knl_Semaphore_Module__root__V)
                  2000215c    00000008     app_pem3.oem3 (.data:ti_sysbios_knl_Swi_Module__root__V)
                  20002164    00000008     app_pem3.oem3 (.data:ti_sysbios_knl_Task_Module__root__V)
                  2000216c    00000008     app_pem3.oem3 (.data:xdc_runtime_Registry_Module__state__V)
                  20002174    00000004     maclib_secure_cc13x0.a : lmac_global.obj (.data:$O25$$)
                  20002178    00000004     hal_appasrt.obj (.data)
                  2000217c    00000004     rtsv7M3_T_le_eabi.lib : stkdepth_vars.c.obj (.data)
                  20002180    00000004     app_pem3.oem3 (.data:ti_sysbios_family_arm_m3_Hwi_Module_State_0_excContext__A)
                  20002184    00000004     app_pem3.oem3 (.data:ti_sysbios_family_arm_m3_Hwi_Module_State_0_excStack__A)
                  20002188    00000004     app_pem3.oem3 (.data:ti_sysbios_knl_Task_Module_State_0_idleTask__A)
                  2000218c    00000002     app_pem3.oem3 (.data:ti_sysbios_family_arm_m3_Hwi_Module_State_0_excActive__A)
                  2000218e    00000001     drivers_cc13x0.aem3 : CryptoCC26XX.oem3 (.data)
                  2000218f    00000001                         : I2C.oem3 (.data)
                  20002190    00000001                         : UART.oem3 (.data)

.bss       0    20002198    00000b0e     UNINITIALIZED
                  20002198    000003d8     rf_multiMode_cc13x0.aem3 : RFCC26XX_multiMode.oem3 (.bss:$O1$$)
                  20002570    00000200     app_pem3.oem3 (.bss:taskStackSection)
                  20002770    0000012c     (.common:uartCC26XXObjects)
                  2000289c    000000e0     (.common:i2cCC26xxObjects)
                  2000297c    000000c8     (.common:ti_sysbios_family_arm_m3_Hwi_dispatchTable)
                  20002a44    00000004     (.common:ClockP_tickPeriod)
                  20002a48    000000a8     maclib_secure_cc13x0.a : mac_radio.obj (.bss:RF_object$55)
                  20002af0    00000080     CC1350_LAUNCHXL.obj (.bss:uartStringBuf$0)
                  20002b70    0000002c     (.common:cryptoCC26XXObjects)
                  20002b9c    0000002c     (.common:temperatureMutex)
                  20002bc8    00000028     maclib_secure_cc13x0.a : mac_rx.obj (.bss:$O29$$)
                  20002bf0    00000020     (.common:uartCC26XXRingBuffer)
                  20002c10    0000001c     (.common:semConsole)
                  20002c2c    00000014     rf_multiMode_cc13x0.aem3 : RFCC26XX_multiMode.oem3 (.bss:RF_ratSyncCmd)
                  20002c40    00000014     driverlib.lib : osc.obj (.bss:oscHfGlobals$82)
                  20002c54    00000014     drivers_cc13x0.aem3 : Random.oem3 (.bss:state)
                  20002c68    00000010     maclib_secure_cc13x0.a : mac_radio.obj (.bss:rfPropTableLocal$55)
                  20002c78    0000000c     (.common:displayUartObject)
                  20002c84    00000008     dpl_cc13x0.aem3 : PowerCC26XX_tirtos.oem3 (.bss:$O1$$)
                  20002c8c    00000008     driverlib.lib : sys_ctrl.obj (.bss:powerQualGlobals$86)
                  20002c94    00000004     (.common:temperatureC)
                  20002c98    00000004     (.common:temperatureF)
                  20002c9c    00000001     drivers_cc13x0.aem3 : CryptoCC26XX.oem3 (.bss)
                  20002c9d    00000001     maclib_secure_cc13x0.a : mac_tx.obj (.bss)
                  20002c9e    00000001     rf_multiMode_cc13x0.aem3 : RFCC26XX_multiMode.oem3 (.bss)
                  20002c9f    00000001     (.common:driverlib_release_0_55724)
                  20002ca0    00000001     (.common:macPwr)
                  20002ca1    00000001     (.common:macRxActive)
                  20002ca2    00000001     (.common:macRxEnableFlags)
                  20002ca3    00000001     (.common:macRxOutgoingAckFlag)
                  20002ca4    00000001     (.common:macSymbolTimerImpending)
                  20002ca5    00000001     (.common:macTxActive)

.vtable    0    20002ca6    00000000     UNINITIALIZED

.vtable_ram 
*          0    20002ca6    00000000     UNINITIALIZED

vtable_ram 
*          0    20002ca6    00000000     UNINITIALIZED

.sysmem    0    20002ca6    00000000     UNINITIALIZED

.nonretenvar 
*          0    20002ca6    00000000     UNINITIALIZED

.stack     0    20004b00    00000500     UNINITIALIZED
                  20004b00    00000500     --HOLE--

.bootVecs 
*          0    00000000    00000008     DSECT
                  00000000    00000008     boot.aem3 : boot.oem3 (.bootVecs)

.resetVecs 
*          0    00000000    0000003c     
                  00000000    0000003c     app_pem3.oem3 (.resetVecs)

.vecs      0    20000000    000000c8     NOLOAD SECTION
                  20000000    000000c8     app_pem3.oem3 (.vecs)

xdc.meta   0    00000000    000000fa     COPY SECTION
                  00000000    000000fa     app_pem3.oem3 (xdc.meta)

xdc.noload 
*          0    00000000    00000000     COPY SECTION

.TI.bound:NV_FLASH 
*          0    0001e000    00001000     
                  0001e000    00001000     nvocop.obj (.TI.bound:NV_FLASH)

.text.1    0    00000e30    000001d0     
                  00000e30    000001cc     maclib_secure_cc13x0.a : fh_ie.obj (.text:FHIE_extractPie)
                  00000ffc    00000004     api_mac.obj (.text:ApiMac_mlmeGetReqArray)

.text.2    0    00001380    00000004     
                  00001380    00000004     api_mac.obj (.text:ApiMac_mlmeGetReqUint32)

.text.3    0    00001404    00000002     
                  00001404    00000002     display.aem3 : DisplayUart.oem3 (.text:DisplayUartMin_clear)

.text.4    0    000020ec    000173b8     
                  000020ec    00000640     macTask.obj (.text:macTaskFxn$21)
                  0000272c    000004a0     driverlib.lib : setup.obj (.text:TrimAfterColdResetWakeupFromShutDown$84)
                  00002bcc    0000048c     rf_multiMode_cc13x0.aem3 : RFCC26XX_multiMode.oem3 (.text:RF_fsmActiveState)
                  00003058    00000448     maclib_secure_cc13x0.a : fh_ie.obj (.text:FHIE_parsePie)
                  000034a0    000003cc     api_mac.obj (.text:ApiMac_init)
                  0000386c    000003c0     maclib_secure_cc13x0.a : mac_radio.obj (.text:macRadioInitSubG)
                  00003c2c    000003b8                            : mac_hl_patch.obj (.text:macWrapperAddDevice)
                  00003fe4    000003ac     sensor.obj (.text:Sensor_sendMsg)
                  00004390    00000390     maclib_secure_cc13x0.a : mac_mgmt.obj (.text:macBuildHeader)
                  00004720    0000036e     api_mac.obj (.text:processIncomingICallMsg$19)
                  00004a8e    00000002     display.aem3 : DisplayUart.oem3 (.text:DisplayUartMin_clearLines)
                  00004a90    00000320     rom_sysbios.aem3 : rom_sysbios.obj (.text:xdc_runtime_System_doPrint__I)
                  00004db0    00000318     main.obj (.text:appTaskFxn)
                  000050c8    00000314     sensor.obj (.text:Sensor_process)
                  000053dc    0000030c     drivers_cc13x0.aem3 : PowerCC26XX_calibrateRCOSC.oem3 (.text:PowerCC26XX_auxISR)
                  000056e8    000002ec     maclib_secure_cc13x0.a : mac_pwr.obj (.text:macPwrVote)
                  000059d4    000002d4                            : mac_radio_tx.obj (.text:macRadioTxGoSubG$56)
                  00005ca8    000002c4                            : fh_api.obj (.text:FHAPI_getTxParams_old)
                  00005f6c    000002be                            : fh_ie.obj (.text:FHIE_gen)
                  0000622a    000002b8                            : fh_ie.obj (.text:FHIE_genPieContent)
                  000064e2    00000002     display.aem3 : DisplayUart.oem3 (.text:DisplayUartMin_init)
                  000064e4    00000288     rf_multiMode_cc13x0.aem3 : RFCC26XX_multiMode.oem3 (.text:RF_scheduleCmd)
                  0000676c    00000270     maclib_secure_cc13x0.a : fh_api.obj (.text:FHAPI_start)
                  000069dc    00000264                            : mac_security_pib.obj (.text:MAC_MlmeSetSecurityReq)
                  00006c40    00000264     sensor.obj (.text:processSensorMsgEvt$25)
                  00006ea4    0000024c     sensor.obj (.text:dataIndCB$25)
                  000070f0    0000023c     maclib_secure_cc13x0.a : fh_api.obj (.text:FHAPI_completeRxCb)
                  0000732c    0000023c     driverlib.lib : sys_ctrl.obj (.text:NOROM_SysCtrlSetRechargeBeforePowerDown)
                  00007568    0000022c     drivers_cc13x0.aem3 : CryptoCC26XX.oem3 (.text:cryptoTransactionExecute)
                  00007794    00000228     maclib_secure_cc13x0.a : mac_hl_patch.obj (.text:macIncomingFrameSecurityMaterialRetrieval)
                  000079bc    00000224     drivers_cc13x0.aem3 : PowerCC26XX.oem3 (.text:Power_sleep)
                  00007be0    00000214     maclib_secure_cc13x0.a : mac_mgmt.obj (.text:macBuildCommonReq)
                  00007df4    00000200                            : mac_device.obj (.text:macApiAssociateReq)
                  00007ff4    000001dc                            : fh_api.obj (.text:FHAPI_sendData)
                  000081d0    000001d8     rf_multiMode_cc13x0.aem3 : RFCC26XX_multiMode.oem3 (.text:RF_open)
                  000083a8    000001cc     maclib_secure_cc13x0.a : mac_scan.obj (.text:macApiScanReq)
                  00008574    000001c0     temperature.obj (.text:temperatureThread)
                  00008734    000001b8     maclib_secure_cc13x0.a : mac_security_pib.obj (.text:MAC_MlmeGetSecurityReq)
                  000088ec    000001b6     rtsv7M3_T_le_eabi.lib : fd_add_t2.asm.obj (.text)
                  00008aa2    00000002     maclib_secure_cc13x0.a : fh_data.obj (.text:FHDATA_startEDFETimer)
                  00008aa4    000001b0     drivers_cc13x0.aem3 : PINCC26XX.oem3 (.text:PIN_init)
                  00008c54    000001ac     maclib_secure_cc13x0.a : fh_ie.obj (.text:FHIE_parseCommonInformation)
                  00008e00    000001ac                            : mac_data.obj (.text:macApiDataReq)
                  00008fac    000001ac                            : mac_hl_patch.obj (.text:macWrapperAddKeyInitFCtr)
                  00009158    00000198                            : fh_nt.obj (.text:FHNT_getEntry)
                  000092f0    00000198     console.obj (.text:consoleThread)
                  00009488    00000198     maclib_secure_cc13x0.a : mac_tx.obj (.text:macTxFrame)
                  00009620    00000190     drivers_cc13x0.aem3 : PowerCC26XX_calibrateRCOSC.oem3 (.text:PowerCC26XX_doCalibrate)
                  000097b0    00000184     maclib_secure_cc13x0.a : mac_ie_build.obj (.text:macBuildPayloadIes)
                  00009934    0000017c                            : mac_data.obj (.text:macTxCompleteCallback)
                  00009ab0    00000178     driverlib.lib : crypto.obj (.text:NOROM_CRYPTOCcmInvAuthDecrypt)
                  00009c28    00000178     rf_multiMode_cc13x0.aem3 : RFCC26XX_multiMode.oem3 (.text:RF_getInfo)
                  00009da0    00000174     maclib_secure_cc13x0.a : fh_pib.obj (.text:FHPIB_set)
                  00009f14    00000174                            : mac_beacon_device.obj (.text:macRxBeaconCritical)
                  0000a088    00000170     driverlib.lib : crypto.obj (.text:NOROM_CRYPTOCcmAuthEncrypt)
                  0000a1f8    00000164     drivers_cc13x0.aem3 : UARTCC26XX.oem3 (.text:UARTCC26XX_open)
                  0000a35c    00000160     maclib_secure_cc13x0.a : mac_pib.obj (.text:MAC_MlmeSetReq)
                  0000a4bc    0000015c                            : mac_mgmt.obj (.text:macTxCsmaDelay)
                  0000a618    00000158                            : mac_radio_tx.obj (.text:macRadioCsmaTxCbSubG$56)
                  0000a770    00000154     rf_multiMode_cc13x0.aem3 : RFCC26XX_multiMode.oem3 (.text:RF_fsmSetupState)
                  0000a8c4    00000154     maclib_secure_cc13x0.a : mac_hl_patch.obj (.text:macScanNextChan)
                  0000aa18    00000150                            : fh_api.obj (.text:FHAPI_completeTxCb)
                  0000ab68    00000148     drivers_cc13x0.aem3 : UARTCC26XX.oem3 (.text:UARTCC26XX_hwiIntFxn)
                  0000acb0    00000148     maclib_secure_cc13x0.a : mac_mgmt.obj (.text:macApiDisassociateReq)
                  0000adf8    00000144     drivers_cc13x0.aem3 : I2CCC26XX.oem3 (.text:I2CCC26XX_open)
                  0000af3c    00000140     nvocop.obj (.text:compactPage$16)
                  0000b07c    0000013c     rf_multiMode_cc13x0.aem3 : RFCC26XX_multiMode.oem3 (.text:RF_ratSetupChannel)
                  0000b1b8    00000136     drivers_cc13x0.aem3 : UARTCC26XX.oem3 (.text:UARTCC26XX_read)
                  0000b2ee    00000002     maclib_secure_cc13x0.a : fh_util.obj (.text:FHUTIL_noAction)
                  0000b2f0    00000134     rf_multiMode_cc13x0.aem3 : RFCC26XX_multiMode.oem3 (.text:RF_abortCmd)
                  0000b424    0000012c     maclib_secure_cc13x0.a : mac_beacon_device.obj (.text:macAutoPoll)
                  0000b550    00000124     rf_multiMode_cc13x0.aem3 : RFCC26XX_multiMode.oem3 (.text:RF_dispatchNextCmd)
                  0000b674    00000124     maclib_secure_cc13x0.a : mac_mgmt.obj (.text:macApiWSAsyncReq)
                  0000b798    00000120     drivers_cc13x0.aem3 : I2CCC26XX.oem3 (.text:I2CCC26XX_hwiFxn)
                  0000b8b8    00000120     maclib_secure_cc13x0.a : mac.obj (.text:macSendReceiveCmdSubG)
                  0000b9d8    0000011c     jdllc.obj (.text:assocCnfCb$20)
                  0000baf4    00000118     rf_multiMode_cc13x0.aem3 : RFCC26XX_multiMode.oem3 (.text:RF_radioOpDoneCb)
                  0000bc0c    00000118     maclib_secure_cc13x0.a : mac_data.obj (.text:macAllocTxBuffer)
                  0000bd24    00000114                            : fh_nt.obj (.text:FHNT_purgeTimerIsrCb)
                  0000be38    00000114     drivers_cc13x0.aem3 : PowerCC26XX.oem3 (.text:Power_init)
                  0000bf4c    00000110                         : GPIOCC26XX.oem3 (.text:GPIO_setConfig)
                  0000c05c    00000110     rf_multiMode_cc13x0.aem3 : RFCC26XX_multiMode.oem3 (.text:RF_close)
                  0000c16c    00000110     maclib_secure_cc13x0.a : mac_beacon_device.obj (.text:macApiSyncReq)
                  0000c27c    0000010c     sensor.obj (.text:dataCnfCB$25)
                  0000c388    00000108     app_pem3.oem3 (.text:xdc_runtime_System_printfExtend__I)
                  0000c490    00000104     maclib_secure_cc13x0.a : mac_radio_tx.obj (.text:macRadioTxPrepCsmaSlottedSubG)
                  0000c594    00000104                            : mac_radio_tx.obj (.text:macRadioTxPrepCsmaUnslottedSubG)
                  0000c698    00000100                            : mac.obj (.text:macRatCb_B)
                  0000c798    00000100                            : mac.obj (.text:macSetupRATChanCompare)
                  0000c898    000000fc     rtsv7M3_T_le_eabi.lib : fd_mul_t2.asm.obj (.text)
                  0000c994    000000f8     maclib_secure_cc13x0.a : fh_ie.obj (.text:FHIE_genCommonInformation)
                  0000ca8c    000000f8                            : fh_nt.obj (.text:FHNT_getRemoveEntryFromTemp)
                  0000cb84    000000f8                            : mac_mgmt.obj (.text:macSetDefaultsByPhyID)
                  0000cc7c    000000f0                            : fh_mgr.obj (.text:FHMGR_bcTimerIsrCb)
                  0000cd6c    000000f0     macTask.obj (.text:MAC_CbackEvent)
                  0000ce5c    000000f0     driverlib.lib : rfc.obj (.text:NOROM_RFCOverrideUpdate)
                  0000cf4c    000000f0                   : setup.obj (.text:NOROM_SetupTrimDevice)
                  0000d03c    000000f0     drivers_cc13x0.aem3 : PINCC26XX.oem3 (.text:PINCC26XX_setIoCfg)
                  0000d12c    000000ec     maclib_secure_cc13x0.a : fh_api.obj (.text:FHAPI_getTxParams)
                  0000d218    000000ec                            : mac_device.obj (.text:macDeviceReset)
                  0000d304    000000ec     rom_sysbios.aem3 : rom_sysbios.obj (.text:pthread_create)
                  0000d3f0    000000ec                      : rom_sysbios.obj (.text:timer_create)
                  0000d4dc    000000e8     maclib_secure_cc13x0.a : fh_ie.obj (.text:FHIE_parseHie)
                  0000d5c4    000000e8     rf_multiMode_cc13x0.aem3 : RFCC26XX_multiMode.oem3 (.text:RF_fsmPowerUpState)
                  0000d6ac    000000e4     dpl_cc13x0.aem3 : PowerCC26XX_tirtos.oem3 (.text:PowerCC26XX_standbyPolicy)
                  0000d790    000000e2     drivers_cc13x0.aem3 : UARTCC26XX.oem3 (.text:UARTCC26XX_write)
                  0000d872    00000002     rf_multiMode_cc13x0.aem3 : RFCC26XX_multiMode.oem3 (.text:RF_defaultCallback)
                  0000d874    000000e0                              : RFCC26XX_multiMode.oem3 (.text:RF_requestAccess)
                  0000d954    000000e0     drivers_cc13x0.aem3 : TRNGCC26XX.oem3 (.text:TRNG_generateEntropy)
                  0000da34    000000e0     maclib_secure_cc13x0.a : mac_beacon.obj (.text:macBeaconSetSched)
                  0000db14    000000dc                            : mac_radio_tx.obj (.text:macRadioTxAck$56)
                  0000dbf0    000000d8                            : mac_mgmt.obj (.text:macCommStatusInd)
                  0000dcc8    000000d8                            : mac_coord.obj (.text:macIndirectSend)
                  0000dda0    000000d8     rom_sysbios.aem3 : rom_sysbios.obj (.text:timer_settime)
                  0000de78    000000d6     drivers_cc13x0.aem3 : I2CCC26XX.oem3 (.text:I2CCC26XX_transfer)
                  0000df4e    00000002     uart_printf.obj (.text:UartPrintf_flush)
                  0000df50    000000d4     maclib_secure_cc13x0.a : fh_nt.obj (.text:FHNT_addTempEUI)
                  0000e024    000000d4     driverlib.lib : rfc.obj (.text:NOROM_RFCRfTrimRead)
                  0000e0f8    000000d4     rf_multiMode_cc13x0.aem3 : RFCC26XX_multiMode.oem3 (.text:RF_pendCmd)
                  0000e1cc    000000d4     maclib_secure_cc13x0.a : mac_radio_tx.obj (.text:macRadioLbtTxCb)
                  0000e2a0    000000d0                            : mac_scan.obj (.text:macScanRxBeacon)
                  0000e370    000000d0                            : mac_main.obj (.text:macSendDataMsg)
                  0000e440    000000cc     driverlib.lib : crypto.obj (.text:NOROM_CRYPTOAesCbc)
                  0000e50c    000000cc     nvocop.obj (.text:NVOCOP_writeItem)
                  0000e5d8    000000cc     rf_multiMode_cc13x0.aem3 : RFCC26XX_multiMode.oem3 (.text:RF_swiHw)
                  0000e6a4    000000cc     maclib_secure_cc13x0.a : mac_hl_patch.obj (.text:macOutgoingFrameKeyDescRetrieval)
                  0000e770    000000c8                            : mac_ie_build.obj (.text:macBuildHeaderIes)
                  0000e838    000000c8                            : mac_hl_patch.obj (.text:macCcmStarTransform)
                  0000e900    000000c4                            : fh_data.obj (.text:FHDATA_procASYNCReq)
                  0000e9c4    000000c4     jdllc.obj (.text:Jdllc_init)
                  0000ea88    000000c4     rf_multiMode_cc13x0.aem3 : RFCC26XX_multiMode.oem3 (.text:RF_control)
                  0000eb4c    000000c4     drivers_cc13x0.aem3 : TRNGCC26XX.oem3 (.text:TRNGCC26XX_basicHwiFxn)
                  0000ec10    000000c4     maclib_secure_cc13x0.a : mac_data.obj (.text:macDataTxSend)
                  0000ecd4    000000be                            : fh_ie.obj (.text:FHIE_getLen)
                  0000ed92    00000002     uart_printf.obj (.text:UartPrintf_putch)
                  0000ed94    000000bc     drivers_cc13x0.aem3 : PowerCC26XX.oem3 (.text:Power_releaseDependency)
                  0000ee50    000000bc     maclib_secure_cc13x0.a : mac_mgmt.obj (.text:macBuildBeaconNotifyInd)
                  0000ef0c    000000bc                            : mac.obj (.text:macRatCb_A)
                  0000efc8    000000bc     jdllc.obj (.text:pollCnfCb$20)
                  0000f084    000000ba     maclib_secure_cc13x0.a : mac_scan.obj (.text:MAC_MlmeScanReq)
                  0000f13e    000000b8                            : fh_ie.obj (.text:FHIE_getPieContentLen)
                  0000f1f6    00000002     rtsv7M3_T_le_eabi.lib : _lock.c.obj (.text:_nop)
                  0000f1f8    000000b8     maclib_secure_cc13x0.a : fh_nt.obj (.text:FHNT_AddDeviceCB)
                  0000f2b0    000000b8     rom_sysbios.aem3 : rom_sysbios.obj (.text:clock_gettime)
                  0000f368    000000b8     maclib_secure_cc13x0.a : mac.obj (.text:macSendFsCmd)
                  0000f420    000000b8                            : mac_tx.obj (.text:macTxFrameIsr)
                  0000f4d8    000000b4     drivers_cc13x0.aem3 : PowerCC26XX.oem3 (.text:Power_setDependency)
                  0000f58c    000000b4     maclib_secure_cc13x0.a : mac_hl_patch.obj (.text:macScanRxCoordRealign)
                  0000f640    000000b0     rf_multiMode_cc13x0.aem3 : RFCC26XX_multiMode.oem3 (.text:RF_hwiCpe0Active)
                  0000f6f0    000000b0     maclib_secure_cc13x0.a : mac_data.obj (.text:macDataTxEnqueue)
                  0000f7a0    000000b0     jdllc.obj (.text:processCoordRealign$20)
                  0000f850    000000b0     maclib_secure_cc13x0.a : mac_rx.obj (.text:rxPostRxUpdates$57)
                  0000f900    000000ac                            : mac_radio_tx.obj (.text:macRadioTxPrepLbt)
                  0000f9ac    000000ac                            : mac_tx.obj (.text:macTxChannelBusyCallback)
                  0000fa58    000000ac     api_mac.obj (.text:processBeaconNotifyInd$19)
                  0000fb04    000000aa     maclib_secure_cc13x0.a : fh_ie.obj (.text:FHIE_genExcludedChannelRanges)
                  0000fbae    00000002     drivers_cc13x0.aem3 : PowerCC26XX.oem3 (.text:emptyClockFunc)
                  0000fbb0    000000a8     rf_multiMode_cc13x0.aem3 : RFCC26XX_multiMode.oem3 (.text:RF_ratRestartChannels)
                  0000fc58    000000a6     rom_sysbios.aem3 : rom_sysbios.obj (.text:xdc_runtime_Text_putSite__E)
                  0000fcfe    00000002     drivers_cc13x0.aem3 : CryptoResourceCC26XX.oem3 (.text:errorSpin)
                  0000fd00    000000a4     driverlib.lib : crypto.obj (.text:NOROM_CRYPTOAesEcb)
                  0000fda4    000000a4     drivers_cc13x0.aem3 : UARTCC26XX.oem3 (.text:UARTCC26XX_initHw)
                  0000fe48    000000a4                         : PowerCC26XX.oem3 (.text:switchXOSCHFclockFunc)
                  0000feec    000000a0     maclib_secure_cc13x0.a : fh_ie.obj (.text:FHIE_getChannelPlan)
                  0000ff8c    000000a0     drivers_cc13x0.aem3 : PINCC26XX.oem3 (.text:PIN_open)
                  0001002c    000000a0     ssf.obj (.text:Ssf_findBlackListIndex)
                  000100cc    000000a0     auto_init.aem3 : auto_init.oem3 (.text)
                  0001016c    000000a0     jdllc.obj (.text:beaconNotifyIndCb$20)
[...]
200001a4  ti_sysbios_BIOS_Module__state__V                                          
200001c8  ti_sysbios_knl_Swi_Module__state__V                                       
200001e4  ti_sysbios_family_arm_cc26xx_Timer_Module__state__V                       
200001ec  ti_sysbios_family_arm_cc26xx_TimestampProvider_Module__state__V           
200001f0  xdc_runtime_Startup_Module__state__V                                      
200001f8  xdc_runtime_System_Module__state__V                                       
20000200  xdc_runtime_Memory_Module__state__V                                       
20000208  macTaskId                                                                 
20000209  macMgmt                                                                   
2000020a  macPanCoordinator                                                         
2000020b  csmPhy                                                                    
2000020c  macCryptoDrvTblPtr                                                        
20000210  Crypto_handle                                                             
20000214  pMacDataTx                                                                
20000218  macDataTxIndirect                                                         
2000021c  macDataRequeueIndirect                                                    
20000220  macDataRxBeaconCritical                                                   
20000224  macDataTxBeaconComplete                                                   
20000228  macDataSetSched                                                           
2000022c  macDataCheckSched                                                         
20000230  macDataCheckTxTime                                                        
20000234  macDataBeaconRequeue                                                      
20000238  timerUnalignedQ                                                           
2000023c  timerAlignedQ                                                             
20000240  macTimerRollover                                                          
20000244  macTimerNewRollover                                                       
20000248  macTimerActive                                                            
2000024c  macBeaconCoordAction1                                                     
20000254  macCoordAction1                                                           
2000025c  macMain                                                                   
20000268  macData                                                                   
20000278  macBeaconDeviceAction                                                     
20000288  macCoordAction3                                                           
20000298  macDataTxDelay                                                            
200002a8  macDeviceAction2                                                          
200002bc  macStateTbl                                                               
200002d0  macMgmtAction2                                                            
200002e4  macScanAction                                                             
200002fc  macCoordAction2                                                           
20000318  macReset                                                                  
20000334  macBeaconMargin                                                           
20000354  macBeacon                                                                 
20000374  macActionSet                                                              
20000398  macMgmtAction1                                                            
200003c0  macCoord                                                                  
200003ec  macDevice                                                                 
20000418  macBeaconDevice                                                           
2000044c  macBeaconPayload                                                          
20000480  macDeviceAction1                                                          
200004b8  macBeaconCoord                                                            
200004f4  macSecurityPib                                                            
20000534  macScan                                                                   
20000588  fhObject                                                                  
200005f4  macPib                                                                    
2000067c  enhancedAckBuf                                                            
2000077b  AppTaskId                                                                 
2000078c  pMacCbackQueryRetransmit                                                  
20000790  pMacCbackCheckPending                                                     
20000794  macSem                                                                    
200007ec  macTask                                                                   
20000c40  macUser0Cfg                                                               
20000c70  appTask                                                                   
20000cc0  Main_user1Cfg                                                             
200010a0  macAddrSize                                                               
200010a4  FHNT_Dbg                                                                  
200010ac  FH_txTiming                                                               
200010b4  FHNT_tempTable                                                            
200010bc  FH_FSM                                                                    
200010c8  FHNT_hnd                                                                  
20001100  FHFSM_Dbg                                                                 
20001144  FHIE_channelPlan                                                          
20001198  FHNT_tableOpt                                                             
20001214  FH_hnd                                                                    
2000129c  FHPIB_db                                                                  
20001328  taskCnt                                                                   
20001338  heapmgrMemFreeTotal                                                       
20001344  HEAPMGR_SIZE                                                              
20001348  taskTbl                                                                   
200014b0  pinUpperBound                                                             
200014b4  pinLowerBound                                                             
20001548  pinHandleTable                                                            
200015c4  PowerCC26XX_module                                                        
200016d8  Ssf_resetReseason                                                         
200016dc  Ssf_resetCount                                                            
200017dc  RF_cmdNop                                                                 
200017ec  RF_cmdFs                                                                  
20001804  RF_cmdPropCs                                                              
20001820  RF_cmdPropCsSlotted                                                       
2000183c  RF_cmdPropTxAdv                                                           
2000185c  RF_cmdPropRadioDivSetup                                                   
20001884  RF_cmdPropRxAdv                                                           
200018b6  Sensor_events                                                             
200018c8  tempSensor                                                                
20001908  Sensor_msgStats                                                           
20001980  macCfg                                                                    
20001990  macMRFSKGenPhyTable                                                       
20001a30  initBroadcastMsg                                                          
20001a32  parentFound                                                               
20001a3a  Jdllc_events                                                              
20001a5c  Jdllc_statistics                                                          
20001bc8  macReqAccessTimeCnt                                                       
20001bc9  reqAccessAlloc                                                            
20001bcc  rxCmdHandle                                                               
20001bce  fsCmdHandle                                                               
20001bd4  lastPostCmd                                                               
20001bd8  macSfdDetectCback                                                         
20001be0  macTxTimestamp                                                            
20001be4  pMacRadioConfig                                                           
20001be8  macRfDrvTblPtr                                                            
20001bec  pRfPropTable                                                              
20001bf0  pRfPropTableOld                                                           
20001bf4  pMacRfAntSwitchSel                                                        
20001bf8  pMacRfAntPwrSel                                                           
20001c08  macRxOutputSubG                                                           
20001c14  macFrmFilter                                                              
20001c2c  CryptoResourceCC26XX_accessSemaphore                                      
20001c48  CryptoResourceCC26XX_operationSemaphore                                   
20001c64  CryptoResourceCC26XX_hwi                                                  
20001cd8  ti_sysbios_gates_GateMutex_Object__table__V                               
20001d2c  ti_sysbios_knl_Task_Object__table__V                                      
20001dc0  ti_sysbios_family_arm_cc26xx_Timer_Object__table__V                       
20001e8d  appTaskId                                                                 
20001e94  appEvents                                                                 
20001e9c  ApiMac_extAddr                                                            
20001ea4  appSem                                                                    
20001ec8  RF_handle                                                                 
20001ecc  macPhyTxPower                                                             
20001ed8  RF_params                                                                 
20001ef4  txCmdHandle                                                               
20001ef8  pMacEnhancedAck                                                           
20001efc  macRadioAckFrame                                                          
20001f04  macAckTimer                                                               
20001f24  gpioPinConfigs                                                            
20001f54  ti_sysbios_knl_Swi_Module_State_0_readyQ__A                               
20001f84  ti_sysbios_knl_Swi_Object__table__V                                       
20001fb4  ti_sysbios_knl_Task_Module_State_0_readyQ__A                              
20001fe4  macSpecUsecsPerSymbol                                                     
20001fe8  macPrevPeriodRatCount                                                     
20001fec  macSymbolTimerRollover                                                    
20001ff0  macSymbolTimerTrigger                                                     
2000200c  macTxSlottedDelayFactor                                                   
2000200d  macTxType                                                                 
2000200e  macTxBe                                                                   
2000200f  txAckReq                                                                  
20002012  txSeqn                                                                    
20002014  macTxCsmaBackoffDelay                                                     
20002018  macCsmaRtcTimerId                                                         
2000201c  macAckDbg                                                                 
20002030  ti_sysbios_knl_Clock_Object__table__V                                     
20002050  xdc_runtime_Error_IgnoreBlock                                             
2000208c  ti_sysbios_family_arm_m3_Hwi_Object__table__V                             
200020a4  gpioCallbackFunctions                                                     
200020b4  rfPatchTable                                                              
200020c4  lastRatChanA                                                              
200020c5  lastRatChanB                                                              
200020c6  macRxCmdActive                                                            
200020c7  macTxCmdActive                                                            
200020c8  macFsCmdActive                                                            
200020ca  macReqAccessCnt                                                           
200020cc  macReqAccErrCnt                                                           
200020ce  numRfCmd                                                                  
200020cf  numRxCmd                                                                  
200020d0  numRxPostCmd                                                              
200020d1  bInSwi                                                                    
200020d2  macRadioYielded                                                           
200020d3  uartEnabled                                                               
200020e0  ti_sysbios_heaps_HeapCallback_Object__table__V                            
200020f0  sector_addr                                                               
200020f4  _lock                                                                     
200020f8  _unlock                                                                   
200020fc  pOverridesTable                                                           
20002104  ti_sysbios_family_arm_cc26xx_Seconds_Module__state__V                     
2000210c  ti_sysbios_family_arm_m3_Hwi_Module__root__V                              
20002114  ti_sysbios_gates_GateHwi_Module__root__V                                  
2000211c  ti_sysbios_gates_GateMutex_Module__root__V                                
20002124  ti_sysbios_hal_Hwi_Module__root__V                                        
2000212c  ti_sysbios_heaps_HeapCallback_Module__root__V                             
20002134  ti_sysbios_heaps_HeapMem_Module__root__V                                  
2000213c  ti_sysbios_knl_Clock_Module__root__V                                      
20002144  ti_sysbios_knl_Mailbox_Module__root__V                                    
2000214c  ti_sysbios_knl_Queue_Module__root__V                                      
20002154  ti_sysbios_knl_Semaphore_Module__root__V                                  
2000215c  ti_sysbios_knl_Swi_Module__root__V                                        
20002164  ti_sysbios_knl_Task_Module__root__V                                       
2000216c  xdc_runtime_Registry_Module__state__V                                     
20002174  rxFhRsl                                                                   
20002175  macTxSlottedDelay                                                         
20002176  macUnitBackoffPeriod                                                      
20002177  macPhyChannel                                                             
2000217c  main_func_sp                                                              
20002180  ti_sysbios_family_arm_m3_Hwi_Module_State_0_excContext__A                 
20002184  ti_sysbios_family_arm_m3_Hwi_Module_State_0_excStack__A                   
20002188  ti_sysbios_knl_Task_Module_State_0_idleTask__A                            
2000218c  ti_sysbios_family_arm_m3_Hwi_Module_State_0_excActive__A                  
20002570  ti_sysbios_knl_Task_Instance_State_0_stack__A                             
20002770  uartCC26XXObjects                                                         
2000289c  i2cCC26xxObjects                                                          
2000297c  ti_sysbios_family_arm_m3_Hwi_dispatchTable                                
20002a44  ClockP_tickPeriod                                                         
20002b70  cryptoCC26XXObjects                                                       
20002b9c  temperatureMutex                                                          
20002bc8  macRxFilter                                                               
20002bc9  rxPromiscuousMode                                                         
20002bcc  rxSeqNum                                                                  
20002bd4  macRxDataEntryOffset                                                      
20002bdc  rxRadioBufferPtr                                                          
20002be8  macRxDataEntryQueue                                                       
20002bf0  uartCC26XXRingBuffer                                                      
20002c10  semConsole                                                                
20002c78  displayUartObject                                                         
20002c84  PowerCC26XX_taskKey                                                       
20002c88  PowerCC26XX_swiKey                                                        
20002c94  temperatureC                                                              
20002c98  temperatureF                                                              
20002c9f  driverlib_release_0_55724                                                 
20002ca0  macPwr                                                                    
20002ca1  macRxActive                                                               
20002ca2  macRxEnableFlags                                                          
20002ca3  macRxOutgoingAckFlag                                                      
20002ca4  macSymbolTimerImpending                                                   
20002ca5  macTxActive                                                               
20002ca6  heapStart                                                                 
20004b00  __stack                                                                   
20004b00  heapEnd                                                                   
20005000  __STACK_END                                                               
20005000  __STACK_TOP                                                               
e000e000  ti_sysbios_family_arm_m3_Hwi_nvic                                         
ffffffff  __TI_pprof_out_hndl                                                       
ffffffff  __TI_prof_data_size                                                       
ffffffff  __TI_prof_data_start                                                      
ffffffff  __binit__                                                                 
ffffffff  __c_args__                                                                
ffffffff  binit                                                                     
UNDEFED   SHT$$INIT_ARRAY$$Base                                                     
UNDEFED   SHT$$INIT_ARRAY$$Limit                                                    

[1595 symbols]
