******************************************************************************
                  TI ARM Linker Unix v18.12.3                  
******************************************************************************
>> Linked Fri Dec 13 01:52:40 2019

OUTPUT FILE NAME:   <collector_CC1350_LAUNCHXL_tirtos_ccs.out>
ENTRY POINT SYMBOL: "ResetISR"  address: 000147bd


MEMORY CONFIGURATION

         name            origin    length      used     unused   attr    fill
----------------------  --------  ---------  --------  --------  ----  --------
  FLASH                 00000000   0001e000  0001819c  00005e64  R  X
  FLASH_NV              0001e000   00001000  00001000  00000000  RW X
  FLASH_LAST            0001f000   00001000  00001000  00000000  R  X
  SRAM                  20000000   00005000  0000354e  00001ab2  RW X


SEGMENT ALLOCATION MAP

run origin  load origin   length   init length attrs members
----------  ----------- ---------- ----------- ----- -------
00000000    00000000    000181a8   000181a8    r-x
  00000000    00000000    0000003c   0000003c    r-- .resetVecs
  0000003c    0000003c    00000c3a   00000c3a    r-- .const
  00000c78    00000c78    00000388   00000388    r-x .text.1
  00001000    00001000    0000003c   0000003c    r-- .const:ti_sysbios_knl_Task_Object__PARAMS__C
  0000103c    0000103c    00000034   00000034    r-- .const:ti_sysbios_knl_Mailbox_Object__PARAMS__C
  00001070    00001070    00000030   00000030    r-- .const:ti_sysbios_family_arm_m3_Hwi_Object__PARAMS__C
  000010a0    000010a0    0000002c   0000002c    r-- .const:ti_sysbios_hal_Hwi_Object__PARAMS__C
  000010cc    000010cc    00000028   00000028    r-- .const:ti_sysbios_heaps_HeapMem_Module__FXNS__C
  000010f4    000010f4    00000028   00000028    r-- .const:ti_sysbios_knl_Swi_Object__PARAMS__C
  0000111c    0000111c    00000024   00000024    r-- .const:ti_sysbios_gates_GateHwi_Module__FXNS__C
  00001140    00001140    00000024   00000024    r-- .const:ti_sysbios_gates_GateMutex_Module__FXNS__C
  00001164    00001164    00000024   00000024    r-- .const:ti_sysbios_heaps_HeapMem_Object__PARAMS__C
  00001188    00001188    00000024   00000024    r-- .const:ti_sysbios_knl_Clock_Object__PARAMS__C
  000011ac    000011ac    00000024   00000024    r-- .const:ti_sysbios_knl_Semaphore_Object__PARAMS__C
  000011d0    000011d0    00000020   00000020    r-- .const:ti_sysbios_family_arm_m3_Hwi_Object__DESC__C
  000011f0    000011f0    00000020   00000020    r-- .const:ti_sysbios_gates_GateHwi_Object__DESC__C
  00001210    00001210    00000020   00000020    r-- .const:ti_sysbios_gates_GateMutex_Object__DESC__C
  00001230    00001230    00000020   00000020    r-- .const:ti_sysbios_hal_Hwi_Object__DESC__C
  00001250    00001250    00000020   00000020    r-- .const:ti_sysbios_heaps_HeapMem_Object__DESC__C
  00001270    00001270    00000020   00000020    r-- .const:ti_sysbios_knl_Clock_Object__DESC__C
  00001290    00001290    00000020   00000020    r-- .const:ti_sysbios_knl_Mailbox_Object__DESC__C
  000012b0    000012b0    00000020   00000020    r-- .const:ti_sysbios_knl_Queue_Object__DESC__C
  000012d0    000012d0    00000020   00000020    r-- .const:ti_sysbios_knl_Semaphore_Object__DESC__C
  000012f0    000012f0    00000020   00000020    r-- .const:ti_sysbios_knl_Swi_Object__DESC__C
  00001310    00001310    00000020   00000020    r-- .const:ti_sysbios_knl_Task_Object__DESC__C
  00001330    00001330    00000018   00000018    r-- .const:ti_sysbios_gates_GateHwi_Object__PARAMS__C
  00001348    00001348    00000018   00000018    r-- .const:ti_sysbios_gates_GateMutex_Object__PARAMS__C
  00001360    00001360    00000018   00000018    r-- .const:ti_sysbios_knl_Queue_Object__PARAMS__C
  00001378    00001378    00000008   00000008    r-- .const:ti_sysbios_knl_Idle_funcList__C
  00001380    00001380    00000004   00000004    r-x .text.2
  00001384    00001384    00000004   00000004    r-- .const:ti_sysbios_family_arm_cc26xx_Timer_startupNeeded__C
  00001388    00001388    00000004   00000004    r-- .const:ti_sysbios_family_arm_m3_Hwi_E_alreadyDefined__C
  0000138c    0000138c    00000004   00000004    r-- .const:ti_sysbios_family_arm_m3_Hwi_E_hwiLimitExceeded__C
  00001390    00001390    00000004   00000004    r-- .const:ti_sysbios_family_arm_m3_Hwi_NUM_INTERRUPTS__C
  00001394    00001394    00000004   00000004    r-- .const:ti_sysbios_family_arm_m3_Hwi_Object__count__C
  00001398    00001398    00000004   00000004    r-- .const:ti_sysbios_family_arm_m3_Hwi_Object__table__C
  0000139c    0000139c    00000004   00000004    r-- .const:ti_sysbios_family_arm_m3_Hwi_ccr__C
  000013a0    000013a0    00000004   00000004    r-- .const:ti_sysbios_family_arm_m3_Hwi_excHandlerFunc__C
  000013a4    000013a4    00000004   00000004    r-- .const:ti_sysbios_family_arm_m3_Hwi_nullIsrFunc__C
  000013a8    000013a8    00000004   00000004    r-- .const:ti_sysbios_family_arm_m3_Hwi_numSparseInterrupts__C
  000013ac    000013ac    00000004   00000004    r-- .const:ti_sysbios_family_arm_m3_Hwi_priGroup__C
  000013b0    000013b0    00000004   00000004    r-- .const:ti_sysbios_family_arm_m3_TaskSupport_stackAlignment__C
  000013b4    000013b4    00000004   00000004    r-- .const:ti_sysbios_heaps_HeapMem_E_memory__C
  000013b8    000013b8    00000004   00000004    r-- .const:ti_sysbios_heaps_HeapMem_Module__gateObj__C
  000013bc    000013bc    00000004   00000004    r-- .const:ti_sysbios_heaps_HeapMem_Object__count__C
  000013c0    000013c0    00000004   00000004    r-- .const:ti_sysbios_heaps_HeapMem_Object__table__C
  000013c4    000013c4    00000004   00000004    r-- .const:ti_sysbios_heaps_HeapMem_reqAlign__C
  000013c8    000013c8    00000004   00000004    r-- .const:ti_sysbios_knl_Clock_serviceMargin__C
  000013cc    000013cc    00000004   00000004    r-- .const:ti_sysbios_knl_Mailbox_Object__count__C
  000013d0    000013d0    00000004   00000004    r-- .const:ti_sysbios_knl_Mailbox_Object__table__C
  000013d4    000013d4    00000004   00000004    r-- .const:ti_sysbios_knl_Mailbox_maxTypeAlign__C
  000013d8    000013d8    00000004   00000004    r-- .const:ti_sysbios_knl_Queue_Object__count__C
  000013dc    000013dc    00000004   00000004    r-- .const:ti_sysbios_knl_Queue_Object__table__C
  000013e0    000013e0    00000004   00000004    r-- .const:ti_sysbios_knl_Swi_Object__count__C
  000013e4    000013e4    00000004   00000004    r-- .const:ti_sysbios_knl_Swi_Object__table__C
  000013e8    000013e8    00000004   00000004    r-- .const:ti_sysbios_knl_Swi_numPriorities__C
  000013ec    000013ec    00000004   00000004    r-- .const:ti_sysbios_knl_Task_Object__count__C
  000013f0    000013f0    00000004   00000004    r-- .const:ti_sysbios_knl_Task_Object__table__C
  000013f4    000013f4    00000004   00000004    r-- .const:ti_sysbios_knl_Task_allBlockedFunc__C
  000013f8    000013f8    00000004   00000004    r-- .const:ti_sysbios_knl_Task_defaultStackHeap__C
  000013fc    000013fc    00000004   00000004    r-- .const:ti_sysbios_knl_Task_defaultStackSize__C
  00001400    00001400    00000004   00000004    r-- .const:ti_sysbios_knl_Task_numConstructedTasks__C
  00001404    00001404    00000002   00000002    r-x .text.3
  00001406    00001406    00000002   00000002    r-- .const:ti_sysbios_family_arm_cc26xx_Timer_Module__id__C
  00001408    00001408    00000002   00000002    r-- .const:ti_sysbios_family_arm_cc26xx_TimestampProvider_useClockTimer__C
  0000140a    0000140a    00000002   00000002    r-- .const:ti_sysbios_family_arm_m3_Hwi_Module__id__C
  0000140c    0000140c    00000002   00000002    r-- .const:ti_sysbios_gates_GateHwi_Module__id__C
  0000140e    0000140e    00000002   00000002    r-- .const:ti_sysbios_gates_GateMutex_Module__id__C
  00001410    00001410    00000002   00000002    r-- .const:ti_sysbios_heaps_HeapMem_Module__id__C
  00001412    00001412    00000002   00000002    r-- .const:ti_sysbios_knl_Task_initStackFlag__C
  00001414    00001414    00000001   00000001    r-- .const:ti_sysbios_knl_Clock_tickMode__C
  00001418    00001418    00000008   00000008    r-- .const:xdc_runtime_Startup_firstFxns__C
  00001420    00001420    00000008   00000008    r-- .const:xdc_runtime_Startup_lastFxns__C
  00001428    00001428    00000004   00000004    r-- .const:xdc_runtime_Assert_E_assertFailed__C
  0000142c    0000142c    00000004   00000004    r-- .const:xdc_runtime_Error_E_memory__C
  00001430    00001430    00000004   00000004    r-- .const:xdc_runtime_Error_policyFxn__C
  00001434    00001434    00000004   00000004    r-- .const:xdc_runtime_IGateProvider_Interface__BASE__C
  00001438    00001438    00000004   00000004    r-- .const:xdc_runtime_IHeap_Interface__BASE__C
  0000143c    0000143c    00000004   00000004    r-- .const:xdc_runtime_IModule_Interface__BASE__C
  00001440    00001440    00000004   00000004    r-- .const:xdc_runtime_Main_Module__diagsEnabled__C
  00001444    00001444    00000004   00000004    r-- .const:xdc_runtime_Main_Module__diagsIncluded__C
  00001448    00001448    00000004   00000004    r-- .const:xdc_runtime_Main_Module__diagsMask__C
  0000144c    0000144c    00000004   00000004    r-- .const:xdc_runtime_Memory_defaultHeapInstance__C
  00001450    00001450    00000004   00000004    r-- .const:xdc_runtime_Startup_execImpl__C
  00001454    00001454    00000004   00000004    r-- .const:xdc_runtime_Startup_maxPasses__C
  00001458    00001458    00000004   00000004    r-- .const:xdc_runtime_Startup_sfxnRts__C
  0000145c    0000145c    00000004   00000004    r-- .const:xdc_runtime_Startup_sfxnTab__C
  00001460    00001460    00000004   00000004    r-- .const:xdc_runtime_Startup_startModsFxn__C
  00001464    00001464    00000004   00000004    r-- .const:xdc_runtime_SysCallback_abortFxn__C
  00001468    00001468    00000004   00000004    r-- .const:xdc_runtime_SysCallback_exitFxn__C
  0000146c    0000146c    00000004   00000004    r-- .const:xdc_runtime_System_abortFxn__C
  00001470    00001470    00000004   00000004    r-- .const:xdc_runtime_System_exitFxn__C
  00001474    00001474    00000004   00000004    r-- .const:xdc_runtime_System_maxAtexitHandlers__C
  00001478    00001478    00000004   00000004    r-- .const:xdc_runtime_Text_charTab__C
  0000147c    0000147c    00000004   00000004    r-- .const:xdc_runtime_Text_nameEmpty__C
  00001480    00001480    00000004   00000004    r-- .const:xdc_runtime_Text_nameStatic__C
  00001484    00001484    00000004   00000004    r-- .const:xdc_runtime_Text_nameUnknown__C
  00001488    00001488    00000002   00000002    r-- .const:xdc_runtime_Main_Module__id__C
  0000148a    0000148a    00000002   00000002    r-- .const:xdc_runtime_Memory_Module__id__C
  0000148c    0000148c    00000002   00000002    r-- .const:xdc_runtime_Text_charCnt__C
  0000148e    0000148e    00000002   00000002    r-- .const:xdc_runtime_Text_isLoaded__C
  00001490    00001490    00000001   00000001    r-- .const:xdc_runtime_Error_policy__C
  00001494    00001494    00000004   00000004    r-- .const:ti_sysbios_rom_ROM_AONRTCChannelEnable
  00001498    00001498    00000004   00000004    r-- .const:ti_sysbios_rom_ROM_AONRTCCompareValueSet
  0000149c    0000149c    00000004   00000004    r-- .const:ti_sysbios_rom_ROM_AONRTCCurrentCompareValueGet
  000014a0    000014a0    00000004   00000004    r-- .const:ti_sysbios_rom_ROM_AONRTCEventClear
  000014a4    000014a4    00000004   00000004    r-- .const:ti_sysbios_rom_ROM_ti_sysbios_family_arm_cc26xx_Timer_getCount64__E
  000014a8    000014a8    00000004   00000004    r-- .const:ti_sysbios_rom_ROM_ti_sysbios_family_arm_cc26xx_Timer_getCurrentTick__E
  000014ac    000014ac    00000004   00000004    r-- .const:ti_sysbios_rom_ROM_ti_sysbios_family_arm_cc26xx_Timer_getMaxTicks__E
  000014b0    000014b0    00000004   00000004    r-- .const:ti_sysbios_rom_ROM_ti_sysbios_family_arm_cc26xx_Timer_initDevice__I
  000014b4    000014b4    00000004   00000004    r-- .const:ti_sysbios_rom_ROM_ti_sysbios_family_arm_cc26xx_Timer_setNextTick__E
  000014b8    000014b8    00000004   00000004    r-- .const:ti_sysbios_rom_ROM_ti_sysbios_family_arm_cc26xx_Timer_setThreshold__I
  000014bc    000014bc    00000004   00000004    r-- .const:ti_sysbios_rom_ROM_ti_sysbios_family_arm_cc26xx_Timer_start__E
  000014c0    000014c0    00000004   00000004    r-- .const:ti_sysbios_rom_ROM_ti_sysbios_family_arm_cc26xx_TimestampProvider_get32__E
  000014c4    000014c4    00000004   00000004    r-- .const:ti_sysbios_rom_ROM_xdc_runtime_Startup_getState__I
  000014c8    000014c8    00000004   00000004    r-- .const:ti_sysbios_rom_ROM_xdc_runtime_System_SupportProxy_abort__E
  000014cc    000014cc    00000004   00000004    r-- .const:ti_sysbios_rom_ROM_xdc_runtime_System_SupportProxy_exit__E
  000014d0    000014d0    00000004   00000004    r-- .const:ti_sysbios_gates_GateMutex_Instance_State_sem__O
  000014d4    000014d4    00000004   00000004    r-- .const:ti_sysbios_knl_Clock_Module_State_clockQ__O
  000014d8    000014d8    00000004   00000004    r-- .const:ti_sysbios_knl_Mailbox_Instance_State_dataQue__O
  000014dc    000014dc    00000004   00000004    r-- .const:ti_sysbios_knl_Mailbox_Instance_State_dataSem__O
  000014e0    000014e0    00000004   00000004    r-- .const:ti_sysbios_knl_Mailbox_Instance_State_freeQue__O
  000014e4    000014e4    00000004   00000004    r-- .const:ti_sysbios_knl_Mailbox_Instance_State_freeSem__O
  000014e8    000014e8    00000004   00000004    r-- .const:ti_sysbios_knl_Semaphore_Instance_State_pendQ__O
  000014ec    000014ec    00000004   00000004    r-- .const:ti_sysbios_knl_Task_Module_State_inactiveQ__O
  000014f0    000014f0    00000bfc   00000bfc    r-- config_const
  000020ec    000020ec    00015c18   00015c18    r-x .text.4
  00017d08    00017d08    000004a0   000004a0    r-- .cinit
0001e000    0001e000    00002000   00002000    r-x
  0001e000    0001e000    00001000   00001000    r-- .TI.bound:NV_FLASH
  0001f000    0001f000    00000fa8   00000fa8    r-x .text.5
  0001ffa8    0001ffa8    00000058   00000058    r-- .ccfg
20000100    20000100    00002f8a   00000000    rw-
  20000100    20000100    00000044   00000000    rw- .data:ti_sysbios_knl_Task_Module__state__V
  20000144    20000144    00000034   00000000    rw- .data:ti_sysbios_family_arm_m3_Hwi_Module__state__V
  20000178    20000178    0000002c   00000000    rw- .data:ti_sysbios_knl_Clock_Module__state__V
  200001a4    200001a4    00000024   00000000    rw- .data:ti_sysbios_BIOS_Module__state__V
  200001c8    200001c8    0000001c   00000000    rw- .data:ti_sysbios_knl_Swi_Module__state__V
  200001e4    200001e4    00000008   00000000    rw- .data:ti_sysbios_family_arm_cc26xx_Timer_Module__state__V
  200001ec    200001ec    00000004   00000000    rw- .data:ti_sysbios_family_arm_cc26xx_TimestampProvider_Module__state__V
  200001f0    200001f0    00000008   00000000    rw- .data:xdc_runtime_Startup_Module__state__V
  200001f8    200001f8    00000008   00000000    rw- .data:xdc_runtime_System_Module__state__V
  20000200    20000200    00000004   00000000    rw- .data:xdc_runtime_Memory_Module__state__V
  20000208    20000208    00002507   00000000    rw- .data
  20002710    20002710    0000097a   00000000    rw- .bss
20004b00    20004b00    00000500   00000000    rw-
  20004b00    20004b00    00000500   00000000    rw- .stack


SECTION ALLOCATION MAP

 output                                  attributes/
section   page    origin      length       input sections
--------  ----  ----------  ----------   ----------------
.const     0    0000003c    00000c3a     
                  0000003c    000003e0     mac_cfg.obj (.const:$O7$$)
                  0000041c    00000234     maclib_secure_cc13x0.a : hmac_global.obj (.const:$O24$$)
                  00000650    000000fa                            : fh_global.obj (.const:FH_stateMatrix)
                  0000074a    00000002     cllc.obj (.const:keyUsageList$20)
                  0000074c    000000b4     cllc.obj (.const:$O14$$)
                  00000800    0000006e     maclib_secure_cc13x0.a : hmac_global.obj (.const:macIdleSt)
                  0000086e    0000006e                            : hmac_global.obj (.const:macScanningSt)
                  000008dc    0000004c     drivers_cc13x0.aem3 : PowerCC26XX.oem3 (.const:resourceDB)
                  00000928    00000048     app_pem3.oem3 (.const:.string)
                  00000970    00000044     drivers_cc13x0.aem3 : UARTCC26XX.oem3 (.const:$O1$$)
                  000009b4    00000034     CC1350_LAUNCHXL.obj (.const:BoardGpioInitTable)
                  000009e8    00000030     drivers_cc13x0.aem3 : Random.oem3 (.const:$O1$$)
                  00000a18    00000028                         : UARTCC26XX.oem3 (.const:UARTCC26XX_fxnTable)
                  00000a40    00000028     app_pem3.oem3 (.const:ti_sysbios_heaps_HeapCallback_Module__FXNS__C)
                  00000a68    00000028     CC1350_LAUNCHXL.obj (.const:uartCC26XXHWAttrs)
                  00000a90    00000028     app_pem3.oem3 (.const:xdc_runtime_Startup_sfxnTab__A)
                  00000ab8    00000024     drivers_cc13x0.aem3 : UART.oem3 (.const:UART_defaultParams)
                  00000adc    00000020     cllc.obj (.const:keyDeviceList$20)
                  00000afc    00000020     app_pem3.oem3 (.const:ti_sysbios_heaps_HeapCallback_Object__DESC__C)
                  00000b1c    0000001c     rf_multiMode_cc13x0.aem3 : RFCC26XX_multiMode.oem3 (.const:RF_defaultParams)
                  00000b38    0000001c     app_pem3.oem3 (.const:ti_sysbios_heaps_HeapCallback_Object__PARAMS__C)
                  00000b54    00000018     CC1350_LAUNCHXL.obj (.const:PowerCC26XX_config)
                  00000b6c    00000018     driverlib.lib : rfc.obj (.const:rfc_defaultIrqAddr$80)
                  00000b84    00000014     app_pem3.oem3 (.const:xdc_runtime_Startup_sfxnRts__A)
                  00000b98    00000013     macTask.obj (.const:.string:msacbackSizeTable)
                  00000bab    00000012     CC1350_LAUNCHXL.obj (.const)
                  00000bbd    00000001     app_pem3.oem3 (.const:xdc_runtime_Text_charTab__A)
                  00000bbe    00000002     app_pem3.oem3 (.const:xdc_runtime_Text_registryModsLastId__C)
                  00000bc0    00000010     drivers_cc13x0.aem3 : TRNG.oem3 (.const:TRNG_defaultParams)
                  00000bd0    00000010     CC1350_LAUNCHXL.obj (.const:cryptoCC26XXHWAttrs)
                  00000be0    0000000c     CC1350_LAUNCHXL.obj (.const:RFCC26XX_hwAttrs)
                  00000bec    0000000c     CC1350_LAUNCHXL.obj (.const:UART_config)
                  00000bf8    0000000c     app_pem3.oem3 (.const:xdc_runtime_Startup_firstFxns__A)
                  00000c04    00000008     maclib_secure_cc13x0.a : mac_rx.obj (.const:$O30$$)
                  00000c0c    00000008     main.obj (.const:.string:dummyExtAddr$26)
                  00000c14    00000008     maclib_secure_cc13x0.a : fh_global.obj (.const:.string:fhSupFrameTypes)
                  00000c1c    00000008     CC1350_LAUNCHXL.obj (.const:CryptoCC26XX_config)
                  00000c24    00000008     CC1350_LAUNCHXL.obj (.const:PINCC26XX_hwAttrs)
                  00000c2c    00000008     app_pem3.oem3 (.const:ti_sysbios_knl_Idle_funcList__A)
                  00000c34    00000004     app_pem3.oem3 (.const:ti_sysbios_family_arm_cc26xx_Timer_funcHookCH1__C)
                  00000c38    00000004     app_pem3.oem3 (.const:ti_sysbios_family_arm_cc26xx_Timer_funcHookCH2__C)
                  00000c3c    00000004     app_pem3.oem3 (.const:ti_sysbios_heaps_HeapCallback_Object__count__C)
                  00000c40    00000004     app_pem3.oem3 (.const:ti_sysbios_heaps_HeapCallback_allocInstFxn__C)
                  00000c44    00000004     app_pem3.oem3 (.const:ti_sysbios_heaps_HeapCallback_createInstFxn__C)
                  00000c48    00000004     app_pem3.oem3 (.const:ti_sysbios_heaps_HeapCallback_deleteInstFxn__C)
                  00000c4c    00000004     app_pem3.oem3 (.const:ti_sysbios_heaps_HeapCallback_freeInstFxn__C)
                  00000c50    00000004     app_pem3.oem3 (.const:ti_sysbios_heaps_HeapCallback_getStatsInstFxn__C)
                  00000c54    00000004     app_pem3.oem3 (.const:ti_sysbios_heaps_HeapCallback_initInstFxn__C)
                  00000c58    00000004     app_pem3.oem3 (.const:ti_sysbios_heaps_HeapCallback_isBlockingInstFxn__C)
                  00000c5c    00000004     app_pem3.oem3 (.const:ti_sysbios_knl_Clock_tickPeriod__C)
                  00000c60    00000004     app_pem3.oem3 (.const:ti_sysbios_knl_Clock_triggerClock__C)
                  00000c64    00000004     app_pem3.oem3 (.const:xdc_runtime_SysCallback_putchFxn__C)
                  00000c68    00000004     app_pem3.oem3 (.const:xdc_runtime_SysCallback_readyFxn__C)
                  00000c6c    00000004     app_pem3.oem3 (.const:xdc_runtime_System_extendFxn__C)
                  00000c70    00000004     app_pem3.oem3 (.const:xdc_runtime_Text_visitRopeFxn__C)
                  00000c74    00000002     app_pem3.oem3 (.const:xdc_runtime_Text_unnamedModsLastId__C)

config_const 
*          0    000014f0    00000bfc     
                  000014f0    00000ab4     mac_user_config.obj (.const:$O18$$)
                  00001fa4    0000006c     mac_user_config.obj (.const:macRfDriverTable)
                  00002010    00000055     mac_user_config.obj (.const:txPowerTable_subg_CC1310)
                  00002065    00000050     mac_user_config.obj (.const:txPowerTable_subg_CC1350)
                  000020b5    00000001     mac_user_config.obj (.const)
                  000020b6    00000002     --HOLE-- [fill = 0]
                  000020b8    00000028     mac_user_config.obj (.const:macCryptoDriverTable)
                  000020e0    0000000c     mac_user_config.obj (.const:macTxPwrTbl)

.cinit     0    00017d08    000004a0     
                  00017d08    00000368     (.cinit..data.load) [load image, compression = lzss]
                  00018070    00000027     (.cinit..data:ti_sysbios_family_arm_m3_Hwi_Module__state__V.load) [load image, compression = lzss]
                  00018097    00000021     (.cinit..data:ti_sysbios_knl_Task_Module__state__V.load) [load image, compression = lzss]
                  000180b8    0000001f     (.cinit..data:ti_sysbios_BIOS_Module__state__V.load) [load image, compression = lzss]
                  000180d7    0000001d     (.cinit..data:ti_sysbios_knl_Clock_Module__state__V.load) [load image, compression = lzss]
                  000180f4    00000010     (.cinit..data:ti_sysbios_knl_Swi_Module__state__V.load) [load image, compression = lzss]
                  00018104    0000000c     (__TI_handler_table)
                  00018110    0000000b     (.cinit..data:ti_sysbios_family_arm_cc26xx_Timer_Module__state__V.load) [load image, compression = lzss]
                  0001811b    00000005     --HOLE-- [fill = 0]
                  00018120    00000008     (.cinit..bss.load) [load image, compression = zero_init]
                  00018128    00000008     (.cinit..data:xdc_runtime_Memory_Module__state__V.load) [load image, compression = lzss]
                  00018130    00000007     (.cinit..data:ti_sysbios_family_arm_cc26xx_TimestampProvider_Module__state__V.load) [load image, compression = lzss]
                  00018137    00000007     (.cinit..data:xdc_runtime_Startup_Module__state__V.load) [load image, compression = lzss]
                  0001813e    00000007     (.cinit..data:xdc_runtime_System_Module__state__V.load) [load image, compression = lzss]
                  00018145    00000003     --HOLE-- [fill = 0]
                  00018148    00000060     (__TI_cinit_table)

.init_array 
*          0    00000000    00000000     UNINITIALIZED

.const:ti_sysbios_knl_Task_Object__PARAMS__C 
*          0    00001000    0000003c     
                  00001000    0000003c     app_pem3.oem3 (.const:ti_sysbios_knl_Task_Object__PARAMS__C)

.const:ti_sysbios_knl_Mailbox_Object__PARAMS__C 
*          0    0000103c    00000034     
                  0000103c    00000034     app_pem3.oem3 (.const:ti_sysbios_knl_Mailbox_Object__PARAMS__C)

.const:ti_sysbios_family_arm_m3_Hwi_Object__PARAMS__C 
*          0    00001070    00000030     
                  00001070    00000030     app_pem3.oem3 (.const:ti_sysbios_family_arm_m3_Hwi_Object__PARAMS__C)

.const:ti_sysbios_hal_Hwi_Object__PARAMS__C 
*          0    000010a0    0000002c     
                  000010a0    0000002c     app_pem3.oem3 (.const:ti_sysbios_hal_Hwi_Object__PARAMS__C)

.const:ti_sysbios_heaps_HeapMem_Module__FXNS__C 
*          0    000010cc    00000028     
                  000010cc    00000028     app_pem3.oem3 (.const:ti_sysbios_heaps_HeapMem_Module__FXNS__C)

.const:ti_sysbios_knl_Swi_Object__PARAMS__C 
*          0    000010f4    00000028     
                  000010f4    00000028     app_pem3.oem3 (.const:ti_sysbios_knl_Swi_Object__PARAMS__C)

.const:ti_sysbios_gates_GateHwi_Module__FXNS__C 
*          0    0000111c    00000024     
                  0000111c    00000024     app_pem3.oem3 (.const:ti_sysbios_gates_GateHwi_Module__FXNS__C)

.const:ti_sysbios_gates_GateMutex_Module__FXNS__C 
*          0    00001140    00000024     
                  00001140    00000024     app_pem3.oem3 (.const:ti_sysbios_gates_GateMutex_Module__FXNS__C)

.const:ti_sysbios_heaps_HeapMem_Object__PARAMS__C 
*          0    00001164    00000024     
                  00001164    00000024     app_pem3.oem3 (.const:ti_sysbios_heaps_HeapMem_Object__PARAMS__C)

.const:ti_sysbios_knl_Clock_Object__PARAMS__C 
*          0    00001188    00000024     
                  00001188    00000024     app_pem3.oem3 (.const:ti_sysbios_knl_Clock_Object__PARAMS__C)

.const:ti_sysbios_knl_Semaphore_Object__PARAMS__C 
*          0    000011ac    00000024     
                  000011ac    00000024     app_pem3.oem3 (.const:ti_sysbios_knl_Semaphore_Object__PARAMS__C)

.const:ti_sysbios_family_arm_m3_Hwi_Object__DESC__C 
*          0    000011d0    00000020     
                  000011d0    00000020     app_pem3.oem3 (.const:ti_sysbios_family_arm_m3_Hwi_Object__DESC__C)

.const:ti_sysbios_gates_GateHwi_Object__DESC__C 
*          0    000011f0    00000020     
                  000011f0    00000020     app_pem3.oem3 (.const:ti_sysbios_gates_GateHwi_Object__DESC__C)

.const:ti_sysbios_gates_GateMutex_Object__DESC__C 
*          0    00001210    00000020     
                  00001210    00000020     app_pem3.oem3 (.const:ti_sysbios_gates_GateMutex_Object__DESC__C)

.const:ti_sysbios_hal_Hwi_Object__DESC__C 
*          0    00001230    00000020     
                  00001230    00000020     app_pem3.oem3 (.const:ti_sysbios_hal_Hwi_Object__DESC__C)

.const:ti_sysbios_heaps_HeapMem_Object__DESC__C 
*          0    00001250    00000020     
                  00001250    00000020     app_pem3.oem3 (.const:ti_sysbios_heaps_HeapMem_Object__DESC__C)

.const:ti_sysbios_knl_Clock_Object__DESC__C 
*          0    00001270    00000020     
                  00001270    00000020     app_pem3.oem3 (.const:ti_sysbios_knl_Clock_Object__DESC__C)

.const:ti_sysbios_knl_Mailbox_Object__DESC__C 
*          0    00001290    00000020     
                  00001290    00000020     app_pem3.oem3 (.const:ti_sysbios_knl_Mailbox_Object__DESC__C)

.const:ti_sysbios_knl_Queue_Object__DESC__C 
*          0    000012b0    00000020     
                  000012b0    00000020     app_pem3.oem3 (.const:ti_sysbios_knl_Queue_Object__DESC__C)

.const:ti_sysbios_knl_Semaphore_Object__DESC__C 
*          0    000012d0    00000020     
                  000012d0    00000020     app_pem3.oem3 (.const:ti_sysbios_knl_Semaphore_Object__DESC__C)

.const:ti_sysbios_knl_Swi_Object__DESC__C 
*          0    000012f0    00000020     
                  000012f0    00000020     app_pem3.oem3 (.const:ti_sysbios_knl_Swi_Object__DESC__C)

.const:ti_sysbios_knl_Task_Object__DESC__C 
*          0    00001310    00000020     
                  00001310    00000020     app_pem3.oem3 (.const:ti_sysbios_knl_Task_Object__DESC__C)

.const:ti_sysbios_gates_GateHwi_Object__PARAMS__C 
*          0    00001330    00000018     
                  00001330    00000018     app_pem3.oem3 (.const:ti_sysbios_gates_GateHwi_Object__PARAMS__C)

.const:ti_sysbios_gates_GateMutex_Object__PARAMS__C 
*          0    00001348    00000018     
                  00001348    00000018     app_pem3.oem3 (.const:ti_sysbios_gates_GateMutex_Object__PARAMS__C)

.const:ti_sysbios_knl_Queue_Object__PARAMS__C 
*          0    00001360    00000018     
                  00001360    00000018     app_pem3.oem3 (.const:ti_sysbios_knl_Queue_Object__PARAMS__C)

.const:ti_sysbios_knl_Idle_funcList__C 
*          0    00001378    00000008     
                  00001378    00000008     app_pem3.oem3 (.const:ti_sysbios_knl_Idle_funcList__C)

.const:ti_sysbios_family_arm_cc26xx_Timer_startupNeeded__C 
*          0    00001384    00000004     
                  00001384    00000004     app_pem3.oem3 (.const:ti_sysbios_family_arm_cc26xx_Timer_startupNeeded__C)

.const:ti_sysbios_family_arm_m3_Hwi_E_alreadyDefined__C 
*          0    00001388    00000004     
                  00001388    00000004     app_pem3.oem3 (.const:ti_sysbios_family_arm_m3_Hwi_E_alreadyDefined__C)

.const:ti_sysbios_family_arm_m3_Hwi_E_hwiLimitExceeded__C 
*          0    0000138c    00000004     
                  0000138c    00000004     app_pem3.oem3 (.const:ti_sysbios_family_arm_m3_Hwi_E_hwiLimitExceeded__C)

.const:ti_sysbios_family_arm_m3_Hwi_NUM_INTERRUPTS__C 
*          0    00001390    00000004     
                  00001390    00000004     app_pem3.oem3 (.const:ti_sysbios_family_arm_m3_Hwi_NUM_INTERRUPTS__C)

.const:ti_sysbios_family_arm_m3_Hwi_Object__count__C 
*          0    00001394    00000004     
                  00001394    00000004     app_pem3.oem3 (.const:ti_sysbios_family_arm_m3_Hwi_Object__count__C)

.const:ti_sysbios_family_arm_m3_Hwi_Object__table__C 
*          0    00001398    00000004     
                  00001398    00000004     app_pem3.oem3 (.const:ti_sysbios_family_arm_m3_Hwi_Object__table__C)

.const:ti_sysbios_family_arm_m3_Hwi_ccr__C 
*          0    0000139c    00000004     
                  0000139c    00000004     app_pem3.oem3 (.const:ti_sysbios_family_arm_m3_Hwi_ccr__C)

.const:ti_sysbios_family_arm_m3_Hwi_excHandlerFunc__C 
*          0    000013a0    00000004     
                  000013a0    00000004     app_pem3.oem3 (.const:ti_sysbios_family_arm_m3_Hwi_excHandlerFunc__C)

.const:ti_sysbios_family_arm_m3_Hwi_nullIsrFunc__C 
*          0    000013a4    00000004     
                  000013a4    00000004     app_pem3.oem3 (.const:ti_sysbios_family_arm_m3_Hwi_nullIsrFunc__C)

.const:ti_sysbios_family_arm_m3_Hwi_numSparseInterrupts__C 
*          0    000013a8    00000004     
                  000013a8    00000004     app_pem3.oem3 (.const:ti_sysbios_family_arm_m3_Hwi_numSparseInterrupts__C)

.const:ti_sysbios_family_arm_m3_Hwi_priGroup__C 
*          0    000013ac    00000004     
                  000013ac    00000004     app_pem3.oem3 (.const:ti_sysbios_family_arm_m3_Hwi_priGroup__C)

.const:ti_sysbios_family_arm_m3_TaskSupport_stackAlignment__C 
*          0    000013b0    00000004     
                  000013b0    00000004     app_pem3.oem3 (.const:ti_sysbios_family_arm_m3_TaskSupport_stackAlignment__C)

.const:ti_sysbios_heaps_HeapMem_E_memory__C 
*          0    000013b4    00000004     
                  000013b4    00000004     app_pem3.oem3 (.const:ti_sysbios_heaps_HeapMem_E_memory__C)

.const:ti_sysbios_heaps_HeapMem_Module__gateObj__C 
*          0    000013b8    00000004     
                  000013b8    00000004     app_pem3.oem3 (.const:ti_sysbios_heaps_HeapMem_Module__gateObj__C)

.const:ti_sysbios_heaps_HeapMem_Object__count__C 
*          0    000013bc    00000004     
                  000013bc    00000004     app_pem3.oem3 (.const:ti_sysbios_heaps_HeapMem_Object__count__C)

.const:ti_sysbios_heaps_HeapMem_Object__table__C 
*          0    000013c0    00000004     
                  000013c0    00000004     app_pem3.oem3 (.const:ti_sysbios_heaps_HeapMem_Object__table__C)

.const:ti_sysbios_heaps_HeapMem_reqAlign__C 
*          0    000013c4    00000004     
                  000013c4    00000004     app_pem3.oem3 (.const:ti_sysbios_heaps_HeapMem_reqAlign__C)

.const:ti_sysbios_knl_Clock_serviceMargin__C 
*          0    000013c8    00000004     
                  000013c8    00000004     app_pem3.oem3 (.const:ti_sysbios_knl_Clock_serviceMargin__C)

.const:ti_sysbios_knl_Mailbox_Object__count__C 
*          0    000013cc    00000004     
                  000013cc    00000004     app_pem3.oem3 (.const:ti_sysbios_knl_Mailbox_Object__count__C)

.const:ti_sysbios_knl_Mailbox_Object__table__C 
*          0    000013d0    00000004     
                  000013d0    00000004     app_pem3.oem3 (.const:ti_sysbios_knl_Mailbox_Object__table__C)

.const:ti_sysbios_knl_Mailbox_maxTypeAlign__C 
*          0    000013d4    00000004     
                  000013d4    00000004     app_pem3.oem3 (.const:ti_sysbios_knl_Mailbox_maxTypeAlign__C)

.const:ti_sysbios_knl_Queue_Object__count__C 
*          0    000013d8    00000004     
                  000013d8    00000004     app_pem3.oem3 (.const:ti_sysbios_knl_Queue_Object__count__C)

.const:ti_sysbios_knl_Queue_Object__table__C 
*          0    000013dc    00000004     
                  000013dc    00000004     app_pem3.oem3 (.const:ti_sysbios_knl_Queue_Object__table__C)

.const:ti_sysbios_knl_Swi_Object__count__C 
*          0    000013e0    00000004     
                  000013e0    00000004     app_pem3.oem3 (.const:ti_sysbios_knl_Swi_Object__count__C)

.const:ti_sysbios_knl_Swi_Object__table__C 
*          0    000013e4    00000004     
                  000013e4    00000004     app_pem3.oem3 (.const:ti_sysbios_knl_Swi_Object__table__C)

.const:ti_sysbios_knl_Swi_numPriorities__C 
*          0    000013e8    00000004     
                  000013e8    00000004     app_pem3.oem3 (.const:ti_sysbios_knl_Swi_numPriorities__C)

.const:ti_sysbios_knl_Task_Object__count__C 
*          0    000013ec    00000004     
                  000013ec    00000004     app_pem3.oem3 (.const:ti_sysbios_knl_Task_Object__count__C)

.const:ti_sysbios_knl_Task_Object__table__C 
*          0    000013f0    00000004     
                  000013f0    00000004     app_pem3.oem3 (.const:ti_sysbios_knl_Task_Object__table__C)

.const:ti_sysbios_knl_Task_allBlockedFunc__C 
*          0    000013f4    00000004     
                  000013f4    00000004     app_pem3.oem3 (.const:ti_sysbios_knl_Task_allBlockedFunc__C)

.const:ti_sysbios_knl_Task_defaultStackHeap__C 
*          0    000013f8    00000004     
                  000013f8    00000004     app_pem3.oem3 (.const:ti_sysbios_knl_Task_defaultStackHeap__C)

.const:ti_sysbios_knl_Task_defaultStackSize__C 
*          0    000013fc    00000004     
                  000013fc    00000004     app_pem3.oem3 (.const:ti_sysbios_knl_Task_defaultStackSize__C)

.const:ti_sysbios_knl_Task_numConstructedTasks__C 
*          0    00001400    00000004     
                  00001400    00000004     app_pem3.oem3 (.const:ti_sysbios_knl_Task_numConstructedTasks__C)

.const:ti_sysbios_family_arm_cc26xx_Timer_Module__id__C 
*          0    00001406    00000002     
                  00001406    00000002     app_pem3.oem3 (.const:ti_sysbios_family_arm_cc26xx_Timer_Module__id__C)

.const:ti_sysbios_family_arm_cc26xx_TimestampProvider_useClockTimer__C 
*          0    00001408    00000002     
                  00001408    00000002     app_pem3.oem3 (.const:ti_sysbios_family_arm_cc26xx_TimestampProvider_useClockTimer__C)

.const:ti_sysbios_family_arm_m3_Hwi_Module__id__C 
*          0    0000140a    00000002     
                  0000140a    00000002     app_pem3.oem3 (.const:ti_sysbios_family_arm_m3_Hwi_Module__id__C)

.const:ti_sysbios_gates_GateHwi_Module__id__C 
*          0    0000140c    00000002     
                  0000140c    00000002     app_pem3.oem3 (.const:ti_sysbios_gates_GateHwi_Module__id__C)

.const:ti_sysbios_gates_GateMutex_Module__id__C 
*          0    0000140e    00000002     
                  0000140e    00000002     app_pem3.oem3 (.const:ti_sysbios_gates_GateMutex_Module__id__C)

.const:ti_sysbios_heaps_HeapMem_Module__id__C 
*          0    00001410    00000002     
                  00001410    00000002     app_pem3.oem3 (.const:ti_sysbios_heaps_HeapMem_Module__id__C)

.const:ti_sysbios_knl_Task_initStackFlag__C 
*          0    00001412    00000002     
                  00001412    00000002     app_pem3.oem3 (.const:ti_sysbios_knl_Task_initStackFlag__C)

.const:ti_sysbios_knl_Clock_tickMode__C 
*          0    00001414    00000001     
                  00001414    00000001     app_pem3.oem3 (.const:ti_sysbios_knl_Clock_tickMode__C)

.const:xdc_runtime_Startup_firstFxns__C 
*          0    00001418    00000008     
                  00001418    00000008     app_pem3.oem3 (.const:xdc_runtime_Startup_firstFxns__C)

.const:xdc_runtime_Startup_lastFxns__C 
*          0    00001420    00000008     
                  00001420    00000008     app_pem3.oem3 (.const:xdc_runtime_Startup_lastFxns__C)

.const:xdc_runtime_Assert_E_assertFailed__C 
*          0    00001428    00000004     
                  00001428    00000004     app_pem3.oem3 (.const:xdc_runtime_Assert_E_assertFailed__C)

.const:xdc_runtime_Error_E_memory__C 
*          0    0000142c    00000004     
                  0000142c    00000004     app_pem3.oem3 (.const:xdc_runtime_Error_E_memory__C)

.const:xdc_runtime_Error_policyFxn__C 
*          0    00001430    00000004     
                  00001430    00000004     app_pem3.oem3 (.const:xdc_runtime_Error_policyFxn__C)

.const:xdc_runtime_IGateProvider_Interface__BASE__C 
*          0    00001434    00000004     
                  00001434    00000004     app_pem3.oem3 (.const:xdc_runtime_IGateProvider_Interface__BASE__C)

.const:xdc_runtime_IHeap_Interface__BASE__C 
*          0    00001438    00000004     
                  00001438    00000004     app_pem3.oem3 (.const:xdc_runtime_IHeap_Interface__BASE__C)

.const:xdc_runtime_IModule_Interface__BASE__C 
*          0    0000143c    00000004     
                  0000143c    00000004     app_pem3.oem3 (.const:xdc_runtime_IModule_Interface__BASE__C)

.const:xdc_runtime_Main_Module__diagsEnabled__C 
*          0    00001440    00000004     
                  00001440    00000004     app_pem3.oem3 (.const:xdc_runtime_Main_Module__diagsEnabled__C)

.const:xdc_runtime_Main_Module__diagsIncluded__C 
*          0    00001444    00000004     
                  00001444    00000004     app_pem3.oem3 (.const:xdc_runtime_Main_Module__diagsIncluded__C)

.const:xdc_runtime_Main_Module__diagsMask__C 
*          0    00001448    00000004     
                  00001448    00000004     app_pem3.oem3 (.const:xdc_runtime_Main_Module__diagsMask__C)

.const:xdc_runtime_Memory_defaultHeapInstance__C 
*          0    0000144c    00000004     
                  0000144c    00000004     app_pem3.oem3 (.const:xdc_runtime_Memory_defaultHeapInstance__C)

.const:xdc_runtime_Startup_execImpl__C 
*          0    00001450    00000004     
                  00001450    00000004     app_pem3.oem3 (.const:xdc_runtime_Startup_execImpl__C)

.const:xdc_runtime_Startup_maxPasses__C 
*          0    00001454    00000004     
                  00001454    00000004     app_pem3.oem3 (.const:xdc_runtime_Startup_maxPasses__C)

.const:xdc_runtime_Startup_sfxnRts__C 
*          0    00001458    00000004     
                  00001458    00000004     app_pem3.oem3 (.const:xdc_runtime_Startup_sfxnRts__C)

.const:xdc_runtime_Startup_sfxnTab__C 
*          0    0000145c    00000004     
                  0000145c    00000004     app_pem3.oem3 (.const:xdc_runtime_Startup_sfxnTab__C)

.const:xdc_runtime_Startup_startModsFxn__C 
*          0    00001460    00000004     
                  00001460    00000004     app_pem3.oem3 (.const:xdc_runtime_Startup_startModsFxn__C)

.const:xdc_runtime_SysCallback_abortFxn__C 
*          0    00001464    00000004     
                  00001464    00000004     app_pem3.oem3 (.const:xdc_runtime_SysCallback_abortFxn__C)

.const:xdc_runtime_SysCallback_exitFxn__C 
*          0    00001468    00000004     
                  00001468    00000004     app_pem3.oem3 (.const:xdc_runtime_SysCallback_exitFxn__C)

.const:xdc_runtime_System_abortFxn__C 
*          0    0000146c    00000004     
                  0000146c    00000004     app_pem3.oem3 (.const:xdc_runtime_System_abortFxn__C)

.const:xdc_runtime_System_exitFxn__C 
*          0    00001470    00000004     
                  00001470    00000004     app_pem3.oem3 (.const:xdc_runtime_System_exitFxn__C)

.const:xdc_runtime_System_maxAtexitHandlers__C 
*          0    00001474    00000004     
                  00001474    00000004     app_pem3.oem3 (.const:xdc_runtime_System_maxAtexitHandlers__C)

.const:xdc_runtime_Text_charTab__C 
*          0    00001478    00000004     
                  00001478    00000004     app_pem3.oem3 (.const:xdc_runtime_Text_charTab__C)

.const:xdc_runtime_Text_nameEmpty__C 
*          0    0000147c    00000004     
                  0000147c    00000004     app_pem3.oem3 (.const:xdc_runtime_Text_nameEmpty__C)

.const:xdc_runtime_Text_nameStatic__C 
*          0    00001480    00000004     
                  00001480    00000004     app_pem3.oem3 (.const:xdc_runtime_Text_nameStatic__C)

.const:xdc_runtime_Text_nameUnknown__C 
*          0    00001484    00000004     
                  00001484    00000004     app_pem3.oem3 (.const:xdc_runtime_Text_nameUnknown__C)

.const:xdc_runtime_Main_Module__id__C 
*          0    00001488    00000002     
                  00001488    00000002     app_pem3.oem3 (.const:xdc_runtime_Main_Module__id__C)

.const:xdc_runtime_Memory_Module__id__C 
*          0    0000148a    00000002     
                  0000148a    00000002     app_pem3.oem3 (.const:xdc_runtime_Memory_Module__id__C)

.const:xdc_runtime_Text_charCnt__C 
*          0    0000148c    00000002     
                  0000148c    00000002     app_pem3.oem3 (.const:xdc_runtime_Text_charCnt__C)

.const:xdc_runtime_Text_isLoaded__C 
*          0    0000148e    00000002     
                  0000148e    00000002     app_pem3.oem3 (.const:xdc_runtime_Text_isLoaded__C)

.const:xdc_runtime_Error_policy__C 
*          0    00001490    00000001     
                  00001490    00000001     app_pem3.oem3 (.const:xdc_runtime_Error_policy__C)

.const:ti_sysbios_rom_ROM_AONRTCChannelEnable 
*          0    00001494    00000004     
                  00001494    00000004     app_pem3.oem3 (.const:ti_sysbios_rom_ROM_AONRTCChannelEnable)

.const:ti_sysbios_rom_ROM_AONRTCCompareValueSet 
*          0    00001498    00000004     
                  00001498    00000004     app_pem3.oem3 (.const:ti_sysbios_rom_ROM_AONRTCCompareValueSet)

.const:ti_sysbios_rom_ROM_AONRTCCurrentCompareValueGet 
*          0    0000149c    00000004     
                  0000149c    00000004     app_pem3.oem3 (.const:ti_sysbios_rom_ROM_AONRTCCurrentCompareValueGet)

.const:ti_sysbios_rom_ROM_AONRTCEventClear 
*          0    000014a0    00000004     
                  000014a0    00000004     app_pem3.oem3 (.const:ti_sysbios_rom_ROM_AONRTCEventClear)

.const:ti_sysbios_rom_ROM_ti_sysbios_family_arm_cc26xx_Timer_getCount64__E 
*          0    000014a4    00000004     
                  000014a4    00000004     app_pem3.oem3 (.const:ti_sysbios_rom_ROM_ti_sysbios_family_arm_cc26xx_Timer_getCount64__E)

.const:ti_sysbios_rom_ROM_ti_sysbios_family_arm_cc26xx_Timer_getCurrentTick__E 
*          0    000014a8    00000004     
                  000014a8    00000004     app_pem3.oem3 (.const:ti_sysbios_rom_ROM_ti_sysbios_family_arm_cc26xx_Timer_getCurrentTick__E)

.const:ti_sysbios_rom_ROM_ti_sysbios_family_arm_cc26xx_Timer_getMaxTicks__E 
*          0    000014ac    00000004     
                  000014ac    00000004     app_pem3.oem3 (.const:ti_sysbios_rom_ROM_ti_sysbios_family_arm_cc26xx_Timer_getMaxTicks__E)

.const:ti_sysbios_rom_ROM_ti_sysbios_family_arm_cc26xx_Timer_initDevice__I 
*          0    000014b0    00000004     
                  000014b0    00000004     app_pem3.oem3 (.const:ti_sysbios_rom_ROM_ti_sysbios_family_arm_cc26xx_Timer_initDevice__I)

.const:ti_sysbios_rom_ROM_ti_sysbios_family_arm_cc26xx_Timer_setNextTick__E 
*          0    000014b4    00000004     
                  000014b4    00000004     app_pem3.oem3 (.const:ti_sysbios_rom_ROM_ti_sysbios_family_arm_cc26xx_Timer_setNextTick__E)

.const:ti_sysbios_rom_ROM_ti_sysbios_family_arm_cc26xx_Timer_setThreshold__I 
*          0    000014b8    00000004     
                  000014b8    00000004     app_pem3.oem3 (.const:ti_sysbios_rom_ROM_ti_sysbios_family_arm_cc26xx_Timer_setThreshold__I)

.const:ti_sysbios_rom_ROM_ti_sysbios_family_arm_cc26xx_Timer_start__E 
*          0    000014bc    00000004     
                  000014bc    00000004     app_pem3.oem3 (.const:ti_sysbios_rom_ROM_ti_sysbios_family_arm_cc26xx_Timer_start__E)

.const:ti_sysbios_rom_ROM_ti_sysbios_family_arm_cc26xx_TimestampProvider_get32__E 
*          0    000014c0    00000004     
                  000014c0    00000004     app_pem3.oem3 (.const:ti_sysbios_rom_ROM_ti_sysbios_family_arm_cc26xx_TimestampProvider_get32__E)

.const:ti_sysbios_rom_ROM_xdc_runtime_Startup_getState__I 
*          0    000014c4    00000004     
                  000014c4    00000004     app_pem3.oem3 (.const:ti_sysbios_rom_ROM_xdc_runtime_Startup_getState__I)

.const:ti_sysbios_rom_ROM_xdc_runtime_System_SupportProxy_abort__E 
*          0    000014c8    00000004     
                  000014c8    00000004     app_pem3.oem3 (.const:ti_sysbios_rom_ROM_xdc_runtime_System_SupportProxy_abort__E)

.const:ti_sysbios_rom_ROM_xdc_runtime_System_SupportProxy_exit__E 
*          0    000014cc    00000004     
                  000014cc    00000004     app_pem3.oem3 (.const:ti_sysbios_rom_ROM_xdc_runtime_System_SupportProxy_exit__E)

.const:ti_sysbios_gates_GateMutex_Instance_State_sem__O 
*          0    000014d0    00000004     
                  000014d0    00000004     app_pem3.oem3 (.const:ti_sysbios_gates_GateMutex_Instance_State_sem__O)

.const:ti_sysbios_knl_Clock_Module_State_clockQ__O 
*          0    000014d4    00000004     
                  000014d4    00000004     app_pem3.oem3 (.const:ti_sysbios_knl_Clock_Module_State_clockQ__O)

.const:ti_sysbios_knl_Mailbox_Instance_State_dataQue__O 
*          0    000014d8    00000004     
                  000014d8    00000004     app_pem3.oem3 (.const:ti_sysbios_knl_Mailbox_Instance_State_dataQue__O)

.const:ti_sysbios_knl_Mailbox_Instance_State_dataSem__O 
*          0    000014dc    00000004     
                  000014dc    00000004     app_pem3.oem3 (.const:ti_sysbios_knl_Mailbox_Instance_State_dataSem__O)

.const:ti_sysbios_knl_Mailbox_Instance_State_freeQue__O 
*          0    000014e0    00000004     
                  000014e0    00000004     app_pem3.oem3 (.const:ti_sysbios_knl_Mailbox_Instance_State_freeQue__O)

.const:ti_sysbios_knl_Mailbox_Instance_State_freeSem__O 
*          0    000014e4    00000004     
                  000014e4    00000004     app_pem3.oem3 (.const:ti_sysbios_knl_Mailbox_Instance_State_freeSem__O)

.const:ti_sysbios_knl_Semaphore_Instance_State_pendQ__O 
*          0    000014e8    00000004     
                  000014e8    00000004     app_pem3.oem3 (.const:ti_sysbios_knl_Semaphore_Instance_State_pendQ__O)

.const:ti_sysbios_knl_Task_Module_State_inactiveQ__O 
*          0    000014ec    00000004     
                  000014ec    00000004     app_pem3.oem3 (.const:ti_sysbios_knl_Task_Module_State_inactiveQ__O)

.ccfg      0    0001ffa8    00000058     
                  0001ffa8    00000058     ccfg.obj (.ccfg:retain)

.data:ti_sysbios_knl_Task_Module__state__V 
*          0    20000100    00000044     UNINITIALIZED
                  20000100    00000044     app_pem3.oem3 (.data:ti_sysbios_knl_Task_Module__state__V)

.data:ti_sysbios_family_arm_m3_Hwi_Module__state__V 
*          0    20000144    00000034     UNINITIALIZED
                  20000144    00000034     app_pem3.oem3 (.data:ti_sysbios_family_arm_m3_Hwi_Module__state__V)

.data:ti_sysbios_knl_Clock_Module__state__V 
*          0    20000178    0000002c     UNINITIALIZED
                  20000178    0000002c     app_pem3.oem3 (.data:ti_sysbios_knl_Clock_Module__state__V)

.data:ti_sysbios_BIOS_Module__state__V 
*          0    200001a4    00000024     UNINITIALIZED
                  200001a4    00000024     app_pem3.oem3 (.data:ti_sysbios_BIOS_Module__state__V)

.data:ti_sysbios_knl_Swi_Module__state__V 
*          0    200001c8    0000001c     UNINITIALIZED
                  200001c8    0000001c     app_pem3.oem3 (.data:ti_sysbios_knl_Swi_Module__state__V)

.data:ti_sysbios_family_arm_cc26xx_Timer_Module__state__V 
*          0    200001e4    00000008     UNINITIALIZED
                  200001e4    00000008     app_pem3.oem3 (.data:ti_sysbios_family_arm_cc26xx_Timer_Module__state__V)

.data:ti_sysbios_family_arm_cc26xx_TimestampProvider_Module__state__V 
*          0    200001ec    00000004     UNINITIALIZED
                  200001ec    00000004     app_pem3.oem3 (.data:ti_sysbios_family_arm_cc26xx_TimestampProvider_Module__state__V)

.data:xdc_runtime_Startup_Module__state__V 
*          0    200001f0    00000008     UNINITIALIZED
                  200001f0    00000008     app_pem3.oem3 (.data:xdc_runtime_Startup_Module__state__V)

.data:xdc_runtime_System_Module__state__V 
*          0    200001f8    00000008     UNINITIALIZED
                  200001f8    00000008     app_pem3.oem3 (.data:xdc_runtime_System_Module__state__V)

.data:xdc_runtime_Memory_Module__state__V 
*          0    20000200    00000004     UNINITIALIZED
                  20000200    00000004     app_pem3.oem3 (.data:xdc_runtime_Memory_Module__state__V)

.data      0    20000208    00002507     UNINITIALIZED
                  20000208    00000570     maclib_secure_cc13x0.a : hmac_global.obj (.data:$O23$$)
                  20000778    000004c4     macTask.obj (.data:$O17$$)
                  20000c3c    000004c4     main.obj (.data:$O19$$)
                  20001100    00000408     uart_printf.obj (.data:$O20$$)
                  20001508    000002f8     cllc.obj (.data:$O13$$)
                  20001800    00000288     maclib_secure_cc13x0.a : fh_global.obj (.data:$O33$$)
                  20001a88    00000188     osal_port.obj (.data:$O21$$)
                  20001c10    0000012c     csf.obj (.data:$O16$$)
                  20001d3c    00000114     drivers_cc13x0.aem3 : PINCC26XX.oem3 (.data:$O1$$)
                  20001e50    00000114                         : PowerCC26XX.oem3 (.data:PowerCC26XX_module)
                  20001f64    000000d8     mac_settings.obj (.data:$O8$$)
                  2000203c    000000b0     mac_cfg.obj (.data:$O6$$)
                  200020ec    0000009c     collector.obj (.data:$O15$$)
                  20002188    00000064     mac_user_config.obj (.data:pOverrides_fsk_CC1350$24)
                  200021ec    00000004     maclib_secure_cc13x0.a : lmac_global.obj (.data:$O25$$)
                  200021f0    00000060                            : mac.obj (.data:$O26$$)
                  20002250    00000058     drivers_cc13x0.aem3 : CryptoResourceCC26XX.oem3 (.data:$O1$$)
                  200022a8    00000058                         : TRNGCC26XX.oem3 (.data:$O1$$)
                  20002300    0000004c     app_pem3.oem3 (.data:ti_sysbios_knl_Task_Object__table__V)
                  2000234c    00000048     board_key.obj (.data:$O3$$)
                  20002394    00000004     hal_appasrt.obj (.data)
                  20002398    00000048     app_pem3.oem3 (.data:ti_sysbios_family_arm_cc26xx_Timer_Object__table__V)
                  200023e0    00000044     board_led.obj (.data:$O4$$)
                  20002424    00000038     app_pem3.oem3 (.data:ti_sysbios_gates_GateMutex_Object__table__V)
                  2000245c    00000034     api_mac.obj (.data:$O12$$)
                  20002490    00000034     maclib_secure_cc13x0.a : mac_radio.obj (.data:$O27$$)
                  200024c4    00000030                            : mac_radio_tx.obj (.data:$O28$$)
                  200024f4    00000030     app_pem3.oem3 (.data:ti_sysbios_knl_Swi_Module_State_0_readyQ__A)
                  20002524    00000030     app_pem3.oem3 (.data:ti_sysbios_knl_Swi_Object__table__V)
                  20002554    00000030     app_pem3.oem3 (.data:ti_sysbios_knl_Task_Module_State_0_readyQ__A)
                  20002584    00000028     maclib_secure_cc13x0.a : mac_symbol_timer.obj (.data:$O31$$)
                  200025ac    00000024                            : mac_tx.obj (.data:$O32$$)
                  200025d0    00000020     app_pem3.oem3 (.data:ti_sysbios_knl_Clock_Object__table__V)
                  200025f0    00000020     app_pem3.oem3 (.data:xdc_runtime_Error_IgnoreBlock)
                  20002610    0000001c     board_gpio.obj (.data:$O2$$)
                  2000262c    00000018     app_pem3.oem3 (.data:ti_sysbios_family_arm_m3_Hwi_Object__table__V)
                  20002644    00000010     mac_user_config.obj (.data:rfPatchTable)
                  20002654    0000000d     maclib_secure_cc13x0.a : mac.obj (.data)
                  20002661    00000002                            : lmac_global.obj (.data)
                  20002663    00000001     drivers_cc13x0.aem3 : CryptoCC26XX.oem3 (.data)
                  20002664    0000000c     osal_port_timers.obj (.data:$O22$$)
                  20002670    0000000c     app_pem3.oem3 (.data:ti_sysbios_heaps_HeapCallback_Object__table__V)
                  2000267c    00000008     nvocop.obj (.data:$O10$$)
                  20002684    00000008     rtsv7M3_T_le_eabi.lib : _lock.c.obj (.data:$O34$$)
                  2000268c    00000008     mac_user_config.obj (.data:pOverridesTable)
                  20002694    00000008     app_pem3.oem3 (.data:ti_sysbios_family_arm_m3_Hwi_Module__root__V)
                  2000269c    00000008     app_pem3.oem3 (.data:ti_sysbios_gates_GateHwi_Module__root__V)
                  200026a4    00000008     app_pem3.oem3 (.data:ti_sysbios_gates_GateMutex_Module__root__V)
                  200026ac    00000008     app_pem3.oem3 (.data:ti_sysbios_hal_Hwi_Module__root__V)
                  200026b4    00000008     app_pem3.oem3 (.data:ti_sysbios_heaps_HeapCallback_Module__root__V)
                  200026bc    00000008     app_pem3.oem3 (.data:ti_sysbios_heaps_HeapMem_Module__root__V)
                  200026c4    00000008     app_pem3.oem3 (.data:ti_sysbios_knl_Clock_Module__root__V)
                  200026cc    00000008     app_pem3.oem3 (.data:ti_sysbios_knl_Mailbox_Module__root__V)
                  200026d4    00000008     app_pem3.oem3 (.data:ti_sysbios_knl_Queue_Module__root__V)
                  200026dc    00000008     app_pem3.oem3 (.data:ti_sysbios_knl_Semaphore_Module__root__V)
                  200026e4    00000008     app_pem3.oem3 (.data:ti_sysbios_knl_Swi_Module__root__V)
                  200026ec    00000008     app_pem3.oem3 (.data:ti_sysbios_knl_Task_Module__root__V)
                  200026f4    00000008     app_pem3.oem3 (.data:xdc_runtime_Registry_Module__state__V)
                  200026fc    00000004     rtsv7M3_T_le_eabi.lib : stkdepth_vars.c.obj (.data)
                  20002700    00000004     app_pem3.oem3 (.data:ti_sysbios_family_arm_m3_Hwi_Module_State_0_excContext__A)
                  20002704    00000004     app_pem3.oem3 (.data:ti_sysbios_family_arm_m3_Hwi_Module_State_0_excStack__A)
                  20002708    00000004     app_pem3.oem3 (.data:ti_sysbios_knl_Task_Module_State_0_idleTask__A)
                  2000270c    00000002     app_pem3.oem3 (.data:ti_sysbios_family_arm_m3_Hwi_Module_State_0_excActive__A)
                  2000270e    00000001     drivers_cc13x0.aem3 : UART.oem3 (.data)

.bss       0    20002710    0000097a     UNINITIALIZED
                  20002710    000003d8     rf_multiMode_cc13x0.aem3 : RFCC26XX_multiMode.oem3 (.bss:$O1$$)
                  20002ae8    00000200     app_pem3.oem3 (.bss:taskStackSection)
                  20002ce8    0000012c     (.common:uartCC26XXObjects)
                  20002e14    000000c8     (.common:ti_sysbios_family_arm_m3_Hwi_dispatchTable)
                  20002edc    00000004     (.common:ClockP_tickPeriod)
                  20002ee0    000000a8     maclib_secure_cc13x0.a : mac_radio.obj (.bss:RF_object$52)
                  20002f88    0000002c     (.common:cryptoCC26XXObjects)
                  20002fb4    00000028                            : mac_rx.obj (.bss:$O29$$)
                  20002fdc    00000028     board_lcd.obj (.bss:lcdBuf$5)
                  20003004    00000020     (.common:uartCC26XXRingBuffer)
                  20003024    00000014     rf_multiMode_cc13x0.aem3 : RFCC26XX_multiMode.oem3 (.bss:RF_ratSyncCmd)
                  20003038    00000014     driverlib.lib : osc.obj (.bss:oscHfGlobals$79)
                  2000304c    00000014     drivers_cc13x0.aem3 : Random.oem3 (.bss:state)
                  20003060    00000010     maclib_secure_cc13x0.a : mac_radio.obj (.bss:rfPropTableLocal$52)
                  20003070    00000008     dpl_cc13x0.aem3 : PowerCC26XX_tirtos.oem3 (.bss:$O1$$)
                  20003078    00000008     driverlib.lib : sys_ctrl.obj (.bss:powerQualGlobals$83)
                  20003080    00000001     drivers_cc13x0.aem3 : CryptoCC26XX.oem3 (.bss)
                  20003081    00000001     maclib_secure_cc13x0.a : mac_tx.obj (.bss)
                  20003082    00000001     rf_multiMode_cc13x0.aem3 : RFCC26XX_multiMode.oem3 (.bss)
                  20003083    00000001     (.common:driverlib_release_0_55724)
                  20003084    00000001     (.common:macPwr)
                  20003085    00000001     (.common:macRxActive)
                  20003086    00000001     (.common:macRxEnableFlags)
                  20003087    00000001     (.common:macRxOutgoingAckFlag)
                  20003088    00000001     (.common:macSymbolTimerImpending)
                  20003089    00000001     (.common:macTxActive)

.vtable    0    2000308a    00000000     UNINITIALIZED

.vtable_ram 
*          0    2000308a    00000000     UNINITIALIZED

vtable_ram 
*          0    2000308a    00000000     UNINITIALIZED

.sysmem    0    2000308a    00000000     UNINITIALIZED

.nonretenvar 
*          0    2000308a    00000000     UNINITIALIZED

.stack     0    20004b00    00000500     UNINITIALIZED
                  20004b00    00000500     --HOLE--

.bootVecs 
*          0    00000000    00000008     DSECT
                  00000000    00000008     boot.aem3 : boot.oem3 (.bootVecs)

.resetVecs 
*          0    00000000    0000003c     
                  00000000    0000003c     app_pem3.oem3 (.resetVecs)

.vecs      0    20000000    000000c8     NOLOAD SECTION
                  20000000    000000c8     app_pem3.oem3 (.vecs)

xdc.meta   0    00000000    000000fd     COPY SECTION
                  00000000    000000fd     app_pem3.oem3 (xdc.meta)

xdc.noload 
*          0    00000000    00000000     COPY SECTION

.TI.bound:NV_FLASH 
*          0    0001e000    00001000     
                  0001e000    00001000     nvocop.obj (.TI.bound:NV_FLASH)

.text.1    0    00000c78    00000388     
                  00000c78    0000036e     api_mac.obj (.text:processIncomingICallMsg$19)
                  00000fe6    0000001a     api_mac.obj (.text:copyApiMacAddrToMacAddr)

.text.2    0    00001380    00000004     
                  00001380    00000004     api_mac.obj (.text:ApiMac_mlmeGetReqUint16)

.text.3    0    00001404    00000002     
                  00001404    00000002     maclib_secure_cc13x0.a : fh_data.obj (.text:FHDATA_startEDFETimer)

.text.4    0    000020ec    00015c18     
                  000020ec    0000063c     main.obj (.text:appTaskFxn)
                  00002728    00000624     macTask.obj (.text:macTaskFxn$23)
                  00002d4c    000004a0     driverlib.lib : setup.obj (.text:TrimAfterColdResetWakeupFromShutDown$81)
                  000031ec    0000048c     rf_multiMode_cc13x0.aem3 : RFCC26XX_multiMode.oem3 (.text:RF_fsmActiveState)
                  00003678    00000448     maclib_secure_cc13x0.a : fh_ie.obj (.text:FHIE_parsePie)
                  00003ac0    000003c8     api_mac.obj (.text:ApiMac_init)
                  00003e88    000003c0     maclib_secure_cc13x0.a : mac_radio.obj (.text:macRadioInitSubG)
                  00004248    000003b8                            : mac_hl_patch.obj (.text:macWrapperAddDevice)
                  00004600    00000390                            : mac_mgmt.obj (.text:macBuildHeader)
                  00004990    00000320     rom_sysbios.aem3 : rom_sysbios.obj (.text:xdc_runtime_System_doPrint__I)
                  00004cb0    0000030c     drivers_cc13x0.aem3 : PowerCC26XX_calibrateRCOSC.oem3 (.text:PowerCC26XX_auxISR)
                  00004fbc    000002ec     maclib_secure_cc13x0.a : mac_pwr.obj (.text:macPwrVote)
                  000052a8    000002d4                            : mac_radio_tx.obj (.text:macRadioTxGoSubG$53)
                  0000557c    000002c4                            : fh_api.obj (.text:FHAPI_getTxParams_old)
                  00005840    000002be                            : fh_ie.obj (.text:FHIE_gen)
                  00005afe    000002b8                            : fh_ie.obj (.text:FHIE_genPieContent)
                  00005db6    00000002                            : fh_util.obj (.text:FHUTIL_noAction)
                  00005db8    00000288     api_mac.obj (.text:ApiMac_mcpsDataReq)
                  00006040    00000288     rf_multiMode_cc13x0.aem3 : RFCC26XX_multiMode.oem3 (.text:RF_scheduleCmd)
                  000062c8    00000270     maclib_secure_cc13x0.a : fh_api.obj (.text:FHAPI_start)
                  00006538    00000264                            : mac_security_pib.obj (.text:MAC_MlmeSetSecurityReq)
                  0000679c    00000260     collector.obj (.text:processSensorData$21)
                  000069fc    0000023c     maclib_secure_cc13x0.a : fh_api.obj (.text:FHAPI_completeRxCb)
                  00006c38    0000023c     driverlib.lib : sys_ctrl.obj (.text:NOROM_SysCtrlSetRechargeBeforePowerDown)
                  00006e74    0000022c     drivers_cc13x0.aem3 : CryptoCC26XX.oem3 (.text:cryptoTransactionExecute)
                  000070a0    00000228     maclib_secure_cc13x0.a : mac_hl_patch.obj (.text:macIncomingFrameSecurityMaterialRetrieval)
                  000072c8    00000224     drivers_cc13x0.aem3 : PowerCC26XX.oem3 (.text:Power_sleep)
                  000074ec    00000214     maclib_secure_cc13x0.a : mac_mgmt.obj (.text:macBuildCommonReq)
                  00007700    000001dc                            : fh_api.obj (.text:FHAPI_sendData)
                  000078dc    000001d8     rf_multiMode_cc13x0.aem3 : RFCC26XX_multiMode.oem3 (.text:RF_open)
                  00007ab4    000001cc     maclib_secure_cc13x0.a : fh_ie.obj (.text:FHIE_extractPie)
                  00007c80    000001cc                            : mac_scan.obj (.text:macApiScanReq)
                  00007e4c    000001c4                            : mac_coord.obj (.text:macBuildBeacon)
                  00008010    000001b8                            : mac_security_pib.obj (.text:MAC_MlmeGetSecurityReq)
                  000081c8    000001b0     drivers_cc13x0.aem3 : PINCC26XX.oem3 (.text:PIN_init)
                  00008378    000001ac     maclib_secure_cc13x0.a : fh_ie.obj (.text:FHIE_parseCommonInformation)
                  00008524    000001ac                            : mac_data.obj (.text:macApiDataReq)
                  000086d0    000001ac                            : mac_hl_patch.obj (.text:macWrapperAddKeyInitFCtr)
                  0000887c    00000198                            : fh_nt.obj (.text:FHNT_getEntry)
                  00008a14    00000198                            : mac_tx.obj (.text:macTxFrame)
                  00008bac    00000190     drivers_cc13x0.aem3 : PowerCC26XX_calibrateRCOSC.oem3 (.text:PowerCC26XX_doCalibrate)
                  00008d3c    00000184     maclib_secure_cc13x0.a : mac_ie_build.obj (.text:macBuildPayloadIes)
                  00008ec0    0000017c                            : mac_data.obj (.text:macTxCompleteCallback)
                  0000903c    00000178     driverlib.lib : crypto.obj (.text:NOROM_CRYPTOCcmInvAuthDecrypt)
                  000091b4    00000178     rf_multiMode_cc13x0.aem3 : RFCC26XX_multiMode.oem3 (.text:RF_getInfo)
                  0000932c    00000174     maclib_secure_cc13x0.a : fh_pib.obj (.text:FHPIB_set)
                  000094a0    00000170     driverlib.lib : crypto.obj (.text:NOROM_CRYPTOCcmAuthEncrypt)
                  00009610    00000164     drivers_cc13x0.aem3 : UARTCC26XX.oem3 (.text:UARTCC26XX_open)
                  00009774    00000160     maclib_secure_cc13x0.a : mac_pib.obj (.text:MAC_MlmeSetReq)
                  000098d4    0000015c                            : mac_radio_tx.obj (.text:macRadioCsmaTxCbSubG$53)
                  00009a30    0000015c                            : mac_mgmt.obj (.text:macTxCsmaDelay)
                  00009b8c    00000158                            : mac_hl_patch.obj (.text:macWrapperDeleteDevice)
                  00009ce4    00000154     rf_multiMode_cc13x0.aem3 : RFCC26XX_multiMode.oem3 (.text:RF_fsmSetupState)
                  00009e38    00000154     maclib_secure_cc13x0.a : mac_hl_patch.obj (.text:macScanNextChan)
                  00009f8c    00000150                            : fh_api.obj (.text:FHAPI_completeTxCb)
                  0000a0dc    00000148     drivers_cc13x0.aem3 : UARTCC26XX.oem3 (.text:UARTCC26XX_hwiIntFxn)
                  0000a224    00000148     maclib_secure_cc13x0.a : mac_mgmt.obj (.text:macApiDisassociateReq)
                  0000a36c    00000140     nvocop.obj (.text:compactPage$16)
                  0000a4ac    00000140     maclib_secure_cc13x0.a : mac_coord.obj (.text:macApiAssociateRsp)
                  0000a5ec    0000013c     rf_multiMode_cc13x0.aem3 : RFCC26XX_multiMode.oem3 (.text:RF_ratSetupChannel)
                  0000a728    00000136     drivers_cc13x0.aem3 : UARTCC26XX.oem3 (.text:UARTCC26XX_read)
                  0000a85e    00000002     rf_multiMode_cc13x0.aem3 : RFCC26XX_multiMode.oem3 (.text:RF_defaultCallback)
                  0000a860    00000134                              : RFCC26XX_multiMode.oem3 (.text:RF_abortCmd)
                  0000a994    00000130     maclib_secure_cc13x0.a : mac_beacon_coord.obj (.text:macTxBeaconCompleteCallback)
                  0000aac4    00000128     collector.obj (.text:generateTrackingRequests$21)
                  0000abec    00000124     rf_multiMode_cc13x0.aem3 : RFCC26XX_multiMode.oem3 (.text:RF_dispatchNextCmd)
                  0000ad10    00000124     maclib_secure_cc13x0.a : mac_mgmt.obj (.text:macApiWSAsyncReq)
                  0000ae34    00000120                            : mac.obj (.text:macSendReceiveCmdSubG)
                  0000af54    00000118     rf_multiMode_cc13x0.aem3 : RFCC26XX_multiMode.oem3 (.text:RF_radioOpDoneCb)
                  0000b06c    00000118     maclib_secure_cc13x0.a : mac_data.obj (.text:macAllocTxBuffer)
                  0000b184    00000114                            : fh_nt.obj (.text:FHNT_purgeTimerIsrCb)
                  0000b298    00000114     drivers_cc13x0.aem3 : PowerCC26XX.oem3 (.text:Power_init)
                  0000b3ac    00000110     rf_multiMode_cc13x0.aem3 : RFCC26XX_multiMode.oem3 (.text:RF_close)
                  0000b4bc    00000110     collector.obj (.text:dataCnfCB$21)
                  0000b5cc    0000010c     csf.obj (.text:Csf_deviceUpdate)
                  0000b6d8    00000108     app_pem3.oem3 (.text:xdc_runtime_System_printfExtend__I)
                  0000b7e0    00000104     maclib_secure_cc13x0.a : mac_radio_tx.obj (.text:macRadioTxPrepCsmaSlottedSubG)
                  0000b8e4    00000104                            : mac_radio_tx.obj (.text:macRadioTxPrepCsmaUnslottedSubG)
                  0000b9e8    00000100                            : mac.obj (.text:macRatCb_B)
                  0000bae8    00000100                            : mac.obj (.text:macSetupRATChanCompare)
                  0000bbe8    000000fc     collector.obj (.text:dataIndCB$21)
                  0000bce4    000000f8     maclib_secure_cc13x0.a : fh_ie.obj (.text:FHIE_genCommonInformation)
                  0000bddc    000000f8                            : fh_nt.obj (.text:FHNT_getRemoveEntryFromTemp)
                  0000bed4    000000f8                            : mac_mgmt.obj (.text:macSetDefaultsByPhyID)
                  0000bfcc    000000f0                            : fh_mgr.obj (.text:FHMGR_bcTimerIsrCb)
                  0000c0bc    000000f0     macTask.obj (.text:MAC_CbackEvent)
                  0000c1ac    000000f0     driverlib.lib : rfc.obj (.text:NOROM_RFCOverrideUpdate)
                  0000c29c    000000f0                   : setup.obj (.text:NOROM_SetupTrimDevice)
                  0000c38c    000000f0     drivers_cc13x0.aem3 : PINCC26XX.oem3 (.text:PINCC26XX_setIoCfg)
                  0000c47c    000000f0     maclib_secure_cc13x0.a : mac_beacon_coord.obj (.text:macBeaconStartContinue)
                  0000c56c    000000ec                            : fh_api.obj (.text:FHAPI_getTxParams)
                  0000c658    000000e8                            : fh_ie.obj (.text:FHIE_parseHie)
                  0000c740    000000e8     rf_multiMode_cc13x0.aem3 : RFCC26XX_multiMode.oem3 (.text:RF_fsmPowerUpState)
                  0000c828    000000e4     dpl_cc13x0.aem3 : PowerCC26XX_tirtos.oem3 (.text:PowerCC26XX_standbyPolicy)
                  0000c90c    000000e2     drivers_cc13x0.aem3 : UARTCC26XX.oem3 (.text:UARTCC26XX_write)
                  0000c9ee    00000002     rtsv7M3_T_le_eabi.lib : _lock.c.obj (.text:_nop)
                  0000c9f0    000000e0     collector.obj (.text:Collector_sendConfigRequest)
                  0000cad0    000000e0     rf_multiMode_cc13x0.aem3 : RFCC26XX_multiMode.oem3 (.text:RF_requestAccess)
                  0000cbb0    000000e0     drivers_cc13x0.aem3 : TRNGCC26XX.oem3 (.text:TRNG_generateEntropy)
                  0000cc90    000000e0     maclib_secure_cc13x0.a : mac_beacon.obj (.text:macBeaconSetSched)
                  0000cd70    000000dc                            : mac_radio_tx.obj (.text:macRadioTxAck$53)
                  0000ce4c    000000d8                            : mac_hl_patch.obj (.text:macApiBeaconStartReq)
                  0000cf24    000000d8                            : mac_mgmt.obj (.text:macCommStatusInd)
                  0000cffc    000000d8                            : mac_coord.obj (.text:macIndirectSend)
                  0000d0d4    000000d4                            : fh_nt.obj (.text:FHNT_addTempEUI)
                  0000d1a8    000000d4     driverlib.lib : rfc.obj (.text:NOROM_RFCRfTrimRead)
                  0000d27c    000000d4     rf_multiMode_cc13x0.aem3 : RFCC26XX_multiMode.oem3 (.text:RF_pendCmd)
                  0000d350    000000d4     maclib_secure_cc13x0.a : mac_radio_tx.obj (.text:macRadioLbtTxCb)
                  0000d424    000000d4                            : mac_scan.obj (.text:macScanRxBeacon)
                  0000d4f8    000000d0                            : mac_main.obj (.text:macSendDataMsg)
                  0000d5c8    000000cc     driverlib.lib : crypto.obj (.text:NOROM_CRYPTOAesCbc)
                  0000d694    000000cc     nvocop.obj (.text:NVOCOP_writeItem)
                  0000d760    000000cc     rf_multiMode_cc13x0.aem3 : RFCC26XX_multiMode.oem3 (.text:RF_swiHw)
                  0000d82c    000000cc     maclib_secure_cc13x0.a : mac_hl_patch.obj (.text:macOutgoingFrameKeyDescRetrieval)
                  0000d8f8    000000c8                            : mac_ie_build.obj (.text:macBuildHeaderIes)
                  0000d9c0    000000c8                            : mac_hl_patch.obj (.text:macCcmStarTransform)
                  0000da88    000000c4                            : fh_data.obj (.text:FHDATA_procASYNCReq)
                  0000db4c    000000c4     rf_multiMode_cc13x0.aem3 : RFCC26XX_multiMode.oem3 (.text:RF_control)
                  0000dc10    000000c4     drivers_cc13x0.aem3 : TRNGCC26XX.oem3 (.text:TRNGCC26XX_basicHwiFxn)
                  0000dcd4    000000c4     maclib_secure_cc13x0.a : mac_data.obj (.text:macDataTxSend)
                  0000dd98    000000c0                            : mac_coord.obj (.text:macCoordReset)
                  0000de58    000000c0                            : mac_coord.obj (.text:macStartBegin)
                  0000df18    000000be                            : fh_ie.obj (.text:FHIE_getLen)
                  0000dfd6    00000002     drivers_cc13x0.aem3 : PowerCC26XX.oem3 (.text:emptyClockFunc)
                  0000dfd8    000000bc                         : PowerCC26XX.oem3 (.text:Power_releaseDependency)
                  0000e094    000000bc     maclib_secure_cc13x0.a : mac_mgmt.obj (.text:macBuildBeaconNotifyInd)
                  0000e150    000000bc                            : mac_coord.obj (.text:macIndirectExpire)
                  0000e20c    000000bc                            : mac.obj (.text:macRatCb_A)
                  0000e2c8    000000ba                            : mac_scan.obj (.text:MAC_MlmeScanReq)
                  0000e382    000000b8                            : fh_ie.obj (.text:FHIE_getPieContentLen)
                  0000e43a    00000002     drivers_cc13x0.aem3 : CryptoResourceCC26XX.oem3 (.text:errorSpin)
                  0000e43c    000000b8     maclib_secure_cc13x0.a : fh_nt.obj (.text:FHNT_AddDeviceCB)
                  0000e4f4    000000b8     collector.obj (.text:cllcStartedCB$21)
                  0000e5ac    000000b8     maclib_secure_cc13x0.a : mac.obj (.text:macSendFsCmd)
                  0000e664    000000b8                            : mac_tx.obj (.text:macTxFrameIsr)
                  0000e71c    000000b4     drivers_cc13x0.aem3 : PowerCC26XX.oem3 (.text:Power_setDependency)
                  0000e7d0    000000b0     rf_multiMode_cc13x0.aem3 : RFCC26XX_multiMode.oem3 (.text:RF_hwiCpe0Active)
                  0000e880    000000b0     cllc.obj (.text:assocIndCb$20)
                  0000e930    000000b0     maclib_secure_cc13x0.a : mac_data.obj (.text:macDataTxEnqueue)
                  0000e9e0    000000b0                            : mac_rx.obj (.text:rxPostRxUpdates$54)
                  0000ea90    000000ac                            : mac_coord.obj (.text:macStartSetParams)
                  0000eb3c    000000ac                            : mac_tx.obj (.text:macTxChannelBusyCallback)
                  0000ebe8    000000ac     api_mac.obj (.text:processBeaconNotifyInd$19)
                  0000ec94    000000aa     maclib_secure_cc13x0.a : fh_ie.obj (.text:FHIE_genExcludedChannelRanges)
                  0000ed3e    00000002     drivers_cc13x0.aem3 : TRNGCC26XX.oem3 (.text:errorSpin)
                  0000ed40    000000a8     rf_multiMode_cc13x0.aem3 : RFCC26XX_multiMode.oem3 (.text:RF_ratRestartChannels)
                  0000ede8    000000a8     maclib_secure_cc13x0.a : mac_radio_tx.obj (.text:macRadioTxPrepLbt)
                  0000ee90    000000a6     rom_sysbios.aem3 : rom_sysbios.obj (.text:xdc_runtime_Text_putSite__E)
                  0000ef36    00000002     maclib_secure_cc13x0.a : mac_pwr.obj (.text:macApiPwrOnReq)
                  0000ef38    000000a4     driverlib.lib : crypto.obj (.text:NOROM_CRYPTOAesEcb)
                  0000efdc    000000a4     drivers_cc13x0.aem3 : UARTCC26XX.oem3 (.text:UARTCC26XX_initHw)
                  0000f080    000000a4                         : PowerCC26XX.oem3 (.text:switchXOSCHFclockFunc)
                  0000f124    000000a0     csf.obj (.text:Csf_getDevice)
                  0000f1c4    000000a0     maclib_secure_cc13x0.a : fh_ie.obj (.text:FHIE_getChannelPlan)
                  0000f264    000000a0     drivers_cc13x0.aem3 : PINCC26XX.oem3 (.text:PIN_open)
                  0000f304    000000a0     auto_init.aem3 : auto_init.oem3 (.text)
                  0000f3a4    000000a0     nvocop.obj (.text:findItemOffset$16)
                  0000f444    000000a0     maclib_secure_cc13x0.a : mac_hl_patch.obj (.text:macApiStartReq)
                  0000f4e4    000000a0                            : mac_tx.obj (.text:txCsmaPrep$58)
                  0000f584    000000a0     nvocop.obj (.text:writeItem$16)
                  0000f624    0000009c     maclib_secure_cc13x0.a : fh_api.obj (.text:FHAPI_reset)
                  0000f6c0    0000009c     rf_multiMode_cc13x0.aem3 : RFCC26XX_multiMode.oem3 (.text:RF_calculateDispatchTime)
                  0000f75c    0000009c     csf.obj (.text:findBlackListIndex$22)
                  0000f7f8    0000009c     rtsv7M3_T_le_eabi.lib : memcpy_t2.asm.obj (.text)
                  0000f894    00000098     nvocop.obj (.text:NVOCOP_deleteItem)
                  0000f92c    00000098     drivers_cc13x0.aem3 : UARTCC26XX.oem3 (.text:UARTCC26XX_initIO)
                  0000f9c4    00000098     maclib_secure_cc13x0.a : mac_coord.obj (.text:macBuildRealign)
                  0000fa5c    00000098                            : mac_mgmt.obj (.text:macRxBeacon)
                  0000faf4    00000098                            : mac_symbol_timer.obj (.text:macSymbolTimerInit)
                  0000fb8c    00000098     rom_sysbios.aem3 : rom_sysbios.obj (.text:ti_sysbios_knl_Clock_workFuncDynamic__E)
                  0000fc24    00000098                      : rom_sysbios.obj (.text:xdc_runtime_Text_putMod__E)
                  0000fcbc    00000096     rtsv7M3_T_le_eabi.lib : ull_div_t2.asm.obj (.text)
                  0000fd52    00000002     maclib_secure_cc13x0.a : mac.obj (.text:macClientSwitchCb)
                  0000fd54    00000094     cllc.obj (.text:Cllc_init)
                  0000fde8    00000094     drivers_cc13x0.aem3 : CryptoCC26XX.oem3 (.text:CryptoCC26XX_allocateKey)
                  0000fe7c    00000094     csf.obj (.text:Csf_updateFrameCounter)
                  0000ff10    00000094     maclib_secure_cc13x0.a : fh_nt.obj (.text:FHNT_getNTIndexFromTempIndex)
                  0000ffa4    00000094     driverlib.lib : crypto.obj (.text:NOROM_CRYPTOAesLoadKey)
                  00010038    00000094     board_led.obj (.text:board_led_blinkTimeoutCB$6)
                  000100cc    00000094     cllc.obj (.text:disassocIndCb$20)
                  00010160    00000094     maclib_secure_cc13x0.a : mac_main.obj (.text:macCbackForEvent)
                  000101f4    00000094                            : mac_hl_patch.obj (.text:macCcmDecrypt)
                  00010288    00000094                            : mac_hl_patch.obj (.text:macCcmStarInverseTransform)
                  0001031c    00000094     collector.obj (.text:sendMsg$21)
                  000103b0    00000090     drivers_cc13x0.aem3 : CryptoCC26XX.oem3 (.text:CryptoCC26XX_open)
                  00010440    00000090     maclib_secure_cc13x0.a : fh_data.obj (.text:FHDATA_getPktFromQueue)
                  000104d0    00000090                            : fh_mgr.obj (.text:FHMGR_updateRadioBCChannel)
                  00010560    00000090     rf_multiMode_cc13x0.aem3 : RFCC26XX_multiMode.oem3 (.text:RF_discardPendCmd)
                  000105f0    00000090     maclib_secure_cc13x0.a : mac_data.obj (.text:macDataTxComplete)
[...]
1001ca6d  ti_sysbios_knl_Task_swapReturn                                            
1001ca97  ti_sysbios_rom_cortexm_cc13xx_CC13xx_getRevision__E                       
20000000  ti_sysbios_family_arm_m3_Hwi_ramVectors                                   
20000100  ti_sysbios_knl_Task_Module__state__V                                      
20000144  ti_sysbios_family_arm_m3_Hwi_Module__state__V                             
20000178  ti_sysbios_knl_Clock_Module__state__V                                     
200001a4  ti_sysbios_BIOS_Module__state__V                                          
200001c8  ti_sysbios_knl_Swi_Module__state__V                                       
200001e4  ti_sysbios_family_arm_cc26xx_Timer_Module__state__V                       
200001ec  ti_sysbios_family_arm_cc26xx_TimestampProvider_Module__state__V           
200001f0  xdc_runtime_Startup_Module__state__V                                      
200001f8  xdc_runtime_System_Module__state__V                                       
20000200  xdc_runtime_Memory_Module__state__V                                       
20000208  macTaskId                                                                 
20000209  macMgmt                                                                   
2000020a  macPanCoordinator                                                         
2000020b  csmPhy                                                                    
2000020c  macCryptoDrvTblPtr                                                        
20000210  Crypto_handle                                                             
20000214  pMacDataTx                                                                
20000218  macDataTxIndirect                                                         
2000021c  macDataRequeueIndirect                                                    
20000220  macDataRxBeaconCritical                                                   
20000224  macDataTxBeaconComplete                                                   
20000228  macDataSetSched                                                           
2000022c  macDataCheckSched                                                         
20000230  macDataCheckTxTime                                                        
20000234  macDataBeaconRequeue                                                      
20000238  timerUnalignedQ                                                           
2000023c  timerAlignedQ                                                             
20000240  macTimerRollover                                                          
20000244  macTimerNewRollover                                                       
20000248  macTimerActive                                                            
2000024c  macBeaconCoordAction1                                                     
20000254  macCoordAction1                                                           
2000025c  macMain                                                                   
20000268  macData                                                                   
20000278  macBeaconDeviceAction                                                     
20000288  macCoordAction3                                                           
20000298  macDataTxDelay                                                            
200002a8  macDeviceAction2                                                          
200002bc  macStateTbl                                                               
200002d0  macMgmtAction2                                                            
200002e4  macScanAction                                                             
200002fc  macCoordAction2                                                           
20000318  macReset                                                                  
20000334  macBeaconMargin                                                           
20000354  macBeacon                                                                 
20000374  macActionSet                                                              
20000398  macMgmtAction1                                                            
200003c0  macCoord                                                                  
200003ec  macDevice                                                                 
20000418  macBeaconDevice                                                           
2000044c  macBeaconPayload                                                          
20000480  macDeviceAction1                                                          
200004b8  macBeaconCoord                                                            
200004f4  macSecurityPib                                                            
20000534  macScan                                                                   
20000588  fhObject                                                                  
200005f4  macPib                                                                    
2000067c  enhancedAckBuf                                                            
2000077b  AppTaskId                                                                 
2000078c  pMacCbackQueryRetransmit                                                  
20000790  pMacCbackCheckPending                                                     
20000794  macSem                                                                    
200007ec  macTask                                                                   
20000c3d  Main_assertReason                                                         
20000c40  uartParams                                                                
20000c64  macUser0Cfg                                                               
20000c94  appTask                                                                   
20000ce4  Main_user1Cfg                                                             
20001104  hUart                                                                     
2000150a  Cllc_events                                                               
2000154c  Cllc_statistics                                                           
200015a8  Cllc_associatedDevList                                                    
20001800  macAddrSize                                                               
20001804  FHNT_Dbg                                                                  
2000180c  FH_txTiming                                                               
20001814  FHNT_tempTable                                                            
2000181c  FH_FSM                                                                    
20001828  FHNT_hnd                                                                  
20001860  FHFSM_Dbg                                                                 
200018a4  FHIE_channelPlan                                                          
200018f8  FHNT_tableOpt                                                             
20001974  FH_hnd                                                                    
200019fc  FHPIB_db                                                                  
20001a88  taskCnt                                                                   
20001a98  heapmgrMemFreeTotal                                                       
20001aa4  HEAPMGR_SIZE                                                              
20001aa8  taskTbl                                                                   
20001c11  Csf_keys                                                                  
20001c12  savedCllcState                                                            
20001c13  permitJoining                                                             
20001c14  Csf_events                                                                
20001d3c  pinUpperBound                                                             
20001d40  pinLowerBound                                                             
20001dd4  pinHandleTable                                                            
20001e50  PowerCC26XX_module                                                        
20001f64  RF_cmdNop                                                                 
20001f74  RF_cmdFs                                                                  
20001f8c  RF_cmdPropCs                                                              
20001fa8  RF_cmdPropCsSlotted                                                       
20001fc4  RF_cmdPropTxAdv                                                           
20001fe4  RF_cmdPropRadioDivSetup                                                   
2000200c  RF_cmdPropRxAdv                                                           
2000203c  macCfg                                                                    
2000204c  macMRFSKGenPhyTable                                                       
200020f0  Collector_events                                                          
20002104  Collector_statistics                                                      
20002140  Collector_macCallbacks                                                    
200021ec  macTxSlottedDelay                                                         
200021ed  rxFhRsl                                                                   
200021ee  macUnitBackoffPeriod                                                      
200021ef  macPhyChannel                                                             
200021f0  macReqAccessTimeCnt                                                       
200021f1  reqAccessAlloc                                                            
200021f4  rxCmdHandle                                                               
200021f6  fsCmdHandle                                                               
200021fc  lastPostCmd                                                               
20002200  macSfdDetectCback                                                         
20002208  macTxTimestamp                                                            
2000220c  pMacRadioConfig                                                           
20002210  macRfDrvTblPtr                                                            
20002214  pRfPropTable                                                              
20002218  pRfPropTableOld                                                           
2000221c  pMacRfAntSwitchSel                                                        
20002220  pMacRfAntPwrSel                                                           
20002230  macRxOutputSubG                                                           
2000223c  macFrmFilter                                                              
20002254  CryptoResourceCC26XX_accessSemaphore                                      
20002270  CryptoResourceCC26XX_operationSemaphore                                   
2000228c  CryptoResourceCC26XX_hwi                                                  
20002300  ti_sysbios_knl_Task_Object__table__V                                      
20002398  ti_sysbios_family_arm_cc26xx_Timer_Object__table__V                       
20002424  ti_sysbios_gates_GateMutex_Object__table__V                               
2000245d  appTaskId                                                                 
20002464  appEvents                                                                 
2000246c  ApiMac_extAddr                                                            
20002474  appSem                                                                    
20002498  RF_handle                                                                 
2000249c  macPhyTxPower                                                             
200024a8  RF_params                                                                 
200024c4  txCmdHandle                                                               
200024c8  pMacEnhancedAck                                                           
200024cc  macRadioAckFrame                                                          
200024d4  macAckTimer                                                               
200024f4  ti_sysbios_knl_Swi_Module_State_0_readyQ__A                               
20002524  ti_sysbios_knl_Swi_Object__table__V                                       
20002554  ti_sysbios_knl_Task_Module_State_0_readyQ__A                              
20002584  macSpecUsecsPerSymbol                                                     
20002588  macPrevPeriodRatCount                                                     
2000258c  macSymbolTimerRollover                                                    
20002590  macSymbolTimerTrigger                                                     
200025ac  macTxSlottedDelayFactor                                                   
200025ad  macTxType                                                                 
200025ae  macTxBe                                                                   
200025af  txAckReq                                                                  
200025b2  txSeqn                                                                    
200025b4  macTxCsmaBackoffDelay                                                     
200025b8  macCsmaRtcTimerId                                                         
200025bc  macAckDbg                                                                 
200025d0  ti_sysbios_knl_Clock_Object__table__V                                     
200025f0  xdc_runtime_Error_IgnoreBlock                                             
2000262c  ti_sysbios_family_arm_m3_Hwi_Object__table__V                             
20002644  rfPatchTable                                                              
20002654  lastRatChanA                                                              
20002655  lastRatChanB                                                              
20002656  macRxCmdActive                                                            
20002657  macTxCmdActive                                                            
20002658  macFsCmdActive                                                            
2000265a  macReqAccessCnt                                                           
2000265c  macReqAccErrCnt                                                           
2000265e  numRfCmd                                                                  
2000265f  numRxCmd                                                                  
20002660  numRxPostCmd                                                              
20002661  bInSwi                                                                    
20002662  macRadioYielded                                                           
20002670  ti_sysbios_heaps_HeapCallback_Object__table__V                            
20002680  sector_addr                                                               
20002684  _lock                                                                     
20002688  _unlock                                                                   
2000268c  pOverridesTable                                                           
20002694  ti_sysbios_family_arm_m3_Hwi_Module__root__V                              
2000269c  ti_sysbios_gates_GateHwi_Module__root__V                                  
200026a4  ti_sysbios_gates_GateMutex_Module__root__V                                
200026ac  ti_sysbios_hal_Hwi_Module__root__V                                        
200026b4  ti_sysbios_heaps_HeapCallback_Module__root__V                             
200026bc  ti_sysbios_heaps_HeapMem_Module__root__V                                  
200026c4  ti_sysbios_knl_Clock_Module__root__V                                      
200026cc  ti_sysbios_knl_Mailbox_Module__root__V                                    
200026d4  ti_sysbios_knl_Queue_Module__root__V                                      
200026dc  ti_sysbios_knl_Semaphore_Module__root__V                                  
200026e4  ti_sysbios_knl_Swi_Module__root__V                                        
200026ec  ti_sysbios_knl_Task_Module__root__V                                       
200026f4  xdc_runtime_Registry_Module__state__V                                     
200026fc  main_func_sp                                                              
20002700  ti_sysbios_family_arm_m3_Hwi_Module_State_0_excContext__A                 
20002704  ti_sysbios_family_arm_m3_Hwi_Module_State_0_excStack__A                   
20002708  ti_sysbios_knl_Task_Module_State_0_idleTask__A                            
2000270c  ti_sysbios_family_arm_m3_Hwi_Module_State_0_excActive__A                  
20002ae8  ti_sysbios_knl_Task_Instance_State_0_stack__A                             
20002ce8  uartCC26XXObjects                                                         
20002e14  ti_sysbios_family_arm_m3_Hwi_dispatchTable                                
20002edc  ClockP_tickPeriod                                                         
20002f88  cryptoCC26XXObjects                                                       
20002fb4  macRxFilter                                                               
20002fb5  rxPromiscuousMode                                                         
20002fb8  rxSeqNum                                                                  
20002fc0  macRxDataEntryOffset                                                      
20002fc8  rxRadioBufferPtr                                                          
20002fd4  macRxDataEntryQueue                                                       
20003004  uartCC26XXRingBuffer                                                      
20003070  PowerCC26XX_taskKey                                                       
20003074  PowerCC26XX_swiKey                                                        
20003083  driverlib_release_0_55724                                                 
20003084  macPwr                                                                    
20003085  macRxActive                                                               
20003086  macRxEnableFlags                                                          
20003087  macRxOutgoingAckFlag                                                      
20003088  macSymbolTimerImpending                                                   
20003089  macTxActive                                                               
2000308a  heapStart                                                                 
20004b00  __stack                                                                   
20004b00  heapEnd                                                                   
20005000  __STACK_END                                                               
20005000  __STACK_TOP                                                               
e000e000  ti_sysbios_family_arm_m3_Hwi_nvic                                         
ffffffff  __TI_pprof_out_hndl                                                       
ffffffff  __TI_prof_data_size                                                       
ffffffff  __TI_prof_data_start                                                      
ffffffff  __binit__                                                                 
ffffffff  __c_args__                                                                
ffffffff  binit                                                                     
UNDEFED   SHT$$INIT_ARRAY$$Base                                                     
UNDEFED   SHT$$INIT_ARRAY$$Limit                                                    

[1480 symbols]
