<?xml version="1.0" encoding="ISO-8859-1" ?>
<link_info>
   <banner>TI ARM Linker Unix v18.12.2.LTS</banner>
   <copyright>Copyright (c) 1996-2018 Texas Instruments Incorporated</copyright>
   <link_time>0x5de76a06</link_time>
   <link_errors>0x0</link_errors>
   <output_file>hello.out</output_file>
   <entry_point>
      <name>_c_int00_noargs</name>
      <address>0x2f55</address>
   </entry_point>
   <input_file_list>
      <input_file id="fl-2">
         <path>./</path>
         <kind>object</kind>
         <file>hello.obj</file>
         <name>hello.obj</name>
      </input_file>
      <input_file id="fl-3">
         <path>./</path>
         <kind>object</kind>
         <file>startup_ccs.obj</file>
         <name>startup_ccs.obj</name>
      </input_file>
      <input_file id="fl-4">
         <path>./drivers/</path>
         <kind>object</kind>
         <file>cfal96x64x16.obj</file>
         <name>cfal96x64x16.obj</name>
      </input_file>
      <input_file id="fl-5">
         <path>./utils/</path>
         <kind>object</kind>
         <file>uartstdio.obj</file>
         <name>uartstdio.obj</name>
      </input_file>
      <input_file id="fl-d">
         <kind>object</kind>
         <file>&lt;internal&gt;</file>
         <name>&lt;internal&gt;</name>
      </input_file>
      <input_file id="fl-c3">
         <path>/Users/alexchen/Documents/ti/ccs/tools/compiler/ti-cgt-arm_18.12.2.LTS/lib/</path>
         <kind>archive</kind>
         <file>rtsv7M4_T_le_v4SPD16_eabi.lib</file>
         <name>e_atan2f.c.obj</name>
      </input_file>
      <input_file id="fl-c4">
         <path>/Users/alexchen/Documents/ti/ccs/tools/compiler/ti-cgt-arm_18.12.2.LTS/lib/</path>
         <kind>archive</kind>
         <file>rtsv7M4_T_le_v4SPD16_eabi.lib</file>
         <name>s_atanf.c.obj</name>
      </input_file>
      <input_file id="fl-c5">
         <path>/Users/alexchen/Documents/ti/ccs/tools/compiler/ti-cgt-arm_18.12.2.LTS/lib/</path>
         <kind>archive</kind>
         <file>rtsv7M4_T_le_v4SPD16_eabi.lib</file>
         <name>sprintf.c.obj</name>
      </input_file>
      <input_file id="fl-c6">
         <path>/Users/alexchen/Documents/ti/ccs/tools/compiler/ti-cgt-arm_18.12.2.LTS/lib/</path>
         <kind>archive</kind>
         <file>rtsv7M4_T_le_v4SPD16_eabi.lib</file>
         <name>fd_add_t2.asm.obj</name>
      </input_file>
      <input_file id="fl-c7">
         <path>/Users/alexchen/Documents/ti/ccs/tools/compiler/ti-cgt-arm_18.12.2.LTS/lib/</path>
         <kind>archive</kind>
         <file>rtsv7M4_T_le_v4SPD16_eabi.lib</file>
         <name>fd_div_t2.asm.obj</name>
      </input_file>
      <input_file id="fl-c8">
         <path>/Users/alexchen/Documents/ti/ccs/tools/compiler/ti-cgt-arm_18.12.2.LTS/lib/</path>
         <kind>archive</kind>
         <file>rtsv7M4_T_le_v4SPD16_eabi.lib</file>
         <name>fd_mul_t2.asm.obj</name>
      </input_file>
      <input_file id="fl-c9">
         <path>/Users/alexchen/Documents/ti/ccs/tools/compiler/ti-cgt-arm_18.12.2.LTS/lib/</path>
         <kind>archive</kind>
         <file>rtsv7M4_T_le_v4SPD16_eabi.lib</file>
         <name>fd_tos_t2.asm.obj</name>
      </input_file>
      <input_file id="fl-ca">
         <path>/Users/alexchen/Documents/ti/ccs/tools/compiler/ti-cgt-arm_18.12.2.LTS/lib/</path>
         <kind>archive</kind>
         <file>rtsv7M4_T_le_v4SPD16_eabi.lib</file>
         <name>fs_tod_t2.asm.obj</name>
      </input_file>
      <input_file id="fl-cb">
         <path>/Users/alexchen/Documents/ti/ccs/tools/compiler/ti-cgt-arm_18.12.2.LTS/lib/</path>
         <kind>archive</kind>
         <file>rtsv7M4_T_le_v4SPD16_eabi.lib</file>
         <name>memcpy_t2.asm.obj</name>
      </input_file>
      <input_file id="fl-cc">
         <path>/Users/alexchen/Documents/ti/ccs/tools/compiler/ti-cgt-arm_18.12.2.LTS/lib/</path>
         <kind>archive</kind>
         <file>rtsv7M4_T_le_v4SPD16_eabi.lib</file>
         <name>u_divt2.asm.obj</name>
      </input_file>
      <input_file id="fl-cd">
         <path>/Users/alexchen/Documents/ti/ccs/tools/compiler/ti-cgt-arm_18.12.2.LTS/lib/</path>
         <kind>archive</kind>
         <file>rtsv7M4_T_le_v4SPD16_eabi.lib</file>
         <name>copy_zero_init.c.obj</name>
      </input_file>
      <input_file id="fl-ce">
         <path>/Users/alexchen/Documents/ti/ccs/tools/compiler/ti-cgt-arm_18.12.2.LTS/lib/</path>
         <kind>archive</kind>
         <file>rtsv7M4_T_le_v4SPD16_eabi.lib</file>
         <name>copy_decompress_none.c.obj</name>
      </input_file>
      <input_file id="fl-cf">
         <path>/Users/alexchen/Documents/ti/ccs/tools/compiler/ti-cgt-arm_18.12.2.LTS/lib/</path>
         <kind>archive</kind>
         <file>rtsv7M4_T_le_v4SPD16_eabi.lib</file>
         <name>copy_decompress_lzss.c.obj</name>
      </input_file>
      <input_file id="fl-d0">
         <path>/Users/alexchen/Documents/ti/ccs/tools/compiler/ti-cgt-arm_18.12.2.LTS/lib/</path>
         <kind>archive</kind>
         <file>rtsv7M4_T_le_v4SPD16_eabi.lib</file>
         <name>boot_cortex_m.c.obj</name>
      </input_file>
      <input_file id="fl-d1">
         <path>/Users/alexchen/Documents/ti/ccs/tools/compiler/ti-cgt-arm_18.12.2.LTS/lib/</path>
         <kind>archive</kind>
         <file>rtsv7M4_T_le_v4SPD16_eabi.lib</file>
         <name>_printfi.c.obj</name>
      </input_file>
      <input_file id="fl-d2">
         <path>/Users/alexchen/Documents/ti/ccs/tools/compiler/ti-cgt-arm_18.12.2.LTS/lib/</path>
         <kind>archive</kind>
         <file>rtsv7M4_T_le_v4SPD16_eabi.lib</file>
         <name>s_frexp.c.obj</name>
      </input_file>
      <input_file id="fl-d3">
         <path>/Users/alexchen/Documents/ti/ccs/tools/compiler/ti-cgt-arm_18.12.2.LTS/lib/</path>
         <kind>archive</kind>
         <file>rtsv7M4_T_le_v4SPD16_eabi.lib</file>
         <name>s_scalbn.c.obj</name>
      </input_file>
      <input_file id="fl-d4">
         <path>/Users/alexchen/Documents/ti/ccs/tools/compiler/ti-cgt-arm_18.12.2.LTS/lib/</path>
         <kind>archive</kind>
         <file>rtsv7M4_T_le_v4SPD16_eabi.lib</file>
         <name>div0.asm.obj</name>
      </input_file>
      <input_file id="fl-d5">
         <path>/Users/alexchen/Documents/ti/ccs/tools/compiler/ti-cgt-arm_18.12.2.LTS/lib/</path>
         <kind>archive</kind>
         <file>rtsv7M4_T_le_v4SPD16_eabi.lib</file>
         <name>ull_div_t2.asm.obj</name>
      </input_file>
      <input_file id="fl-d6">
         <path>/Users/alexchen/Documents/ti/ccs/tools/compiler/ti-cgt-arm_18.12.2.LTS/lib/</path>
         <kind>archive</kind>
         <file>rtsv7M4_T_le_v4SPD16_eabi.lib</file>
         <name>memset_t2.asm.obj</name>
      </input_file>
      <input_file id="fl-d7">
         <path>/Users/alexchen/Documents/ti/ccs/tools/compiler/ti-cgt-arm_18.12.2.LTS/lib/</path>
         <kind>archive</kind>
         <file>rtsv7M4_T_le_v4SPD16_eabi.lib</file>
         <name>fd_cmp_t2.asm.obj</name>
      </input_file>
      <input_file id="fl-d8">
         <path>/Users/alexchen/Documents/ti/ccs/tools/compiler/ti-cgt-arm_18.12.2.LTS/lib/</path>
         <kind>archive</kind>
         <file>rtsv7M4_T_le_v4SPD16_eabi.lib</file>
         <name>fd_toi_t2.asm.obj</name>
      </input_file>
      <input_file id="fl-d9">
         <path>/Users/alexchen/Documents/ti/ccs/tools/compiler/ti-cgt-arm_18.12.2.LTS/lib/</path>
         <kind>archive</kind>
         <file>rtsv7M4_T_le_v4SPD16_eabi.lib</file>
         <name>i_tofd_t2.asm.obj</name>
      </input_file>
      <input_file id="fl-da">
         <path>/Users/alexchen/Documents/ti/ccs/tools/compiler/ti-cgt-arm_18.12.2.LTS/lib/</path>
         <kind>archive</kind>
         <file>rtsv7M4_T_le_v4SPD16_eabi.lib</file>
         <name>autoinit.c.obj</name>
      </input_file>
      <input_file id="fl-db">
         <path>/Users/alexchen/Documents/ti/ccs/tools/compiler/ti-cgt-arm_18.12.2.LTS/lib/</path>
         <kind>archive</kind>
         <file>rtsv7M4_T_le_v4SPD16_eabi.lib</file>
         <name>pre_init.c.obj</name>
      </input_file>
      <input_file id="fl-dc">
         <path>/Users/alexchen/Documents/ti/ccs/tools/compiler/ti-cgt-arm_18.12.2.LTS/lib/</path>
         <kind>archive</kind>
         <file>rtsv7M4_T_le_v4SPD16_eabi.lib</file>
         <name>cpy_tbl.c.obj</name>
      </input_file>
      <input_file id="fl-dd">
         <path>/Users/alexchen/Documents/ti/ccs/tools/compiler/ti-cgt-arm_18.12.2.LTS/lib/</path>
         <kind>archive</kind>
         <file>rtsv7M4_T_le_v4SPD16_eabi.lib</file>
         <name>exit.c.obj</name>
      </input_file>
      <input_file id="fl-de">
         <path>/Users/alexchen/Documents/ti/ccs/tools/compiler/ti-cgt-arm_18.12.2.LTS/lib/</path>
         <kind>archive</kind>
         <file>rtsv7M4_T_le_v4SPD16_eabi.lib</file>
         <name>_lock.c.obj</name>
      </input_file>
      <input_file id="fl-df">
         <path>/Users/alexchen/Documents/ti/ccs/tools/compiler/ti-cgt-arm_18.12.2.LTS/lib/</path>
         <kind>archive</kind>
         <file>rtsv7M4_T_le_v4SPD16_eabi.lib</file>
         <name>args_main.c.obj</name>
      </input_file>
      <input_file id="fl-e0">
         <path>/Users/alexchen/Documents/ti/ccs/tools/compiler/ti-cgt-arm_18.12.2.LTS/lib/</path>
         <kind>archive</kind>
         <file>rtsv7M4_T_le_v4SPD16_eabi.lib</file>
         <name>atoi.c.obj</name>
      </input_file>
      <input_file id="fl-e1">
         <path>/Users/alexchen/Documents/ti/ccs/tools/compiler/ti-cgt-arm_18.12.2.LTS/lib/</path>
         <kind>archive</kind>
         <file>rtsv7M4_T_le_v4SPD16_eabi.lib</file>
         <name>ctype.c.obj</name>
      </input_file>
      <input_file id="fl-e2">
         <path>/Users/alexchen/Documents/ti/ccs/tools/compiler/ti-cgt-arm_18.12.2.LTS/lib/</path>
         <kind>archive</kind>
         <file>rtsv7M4_T_le_v4SPD16_eabi.lib</file>
         <name>ltoa.c.obj</name>
      </input_file>
      <input_file id="fl-e3">
         <path>/Users/alexchen/Documents/ti/ccs/tools/compiler/ti-cgt-arm_18.12.2.LTS/lib/</path>
         <kind>archive</kind>
         <file>rtsv7M4_T_le_v4SPD16_eabi.lib</file>
         <name>memccpy.c.obj</name>
      </input_file>
      <input_file id="fl-e4">
         <path>/Users/alexchen/Documents/ti/ccs/tools/compiler/ti-cgt-arm_18.12.2.LTS/lib/</path>
         <kind>archive</kind>
         <file>rtsv7M4_T_le_v4SPD16_eabi.lib</file>
         <name>strchr.c.obj</name>
      </input_file>
      <input_file id="fl-e5">
         <path>/Users/alexchen/Documents/ti/ccs/tools/compiler/ti-cgt-arm_18.12.2.LTS/lib/</path>
         <kind>archive</kind>
         <file>rtsv7M4_T_le_v4SPD16_eabi.lib</file>
         <name>strlen.c.obj</name>
      </input_file>
      <input_file id="fl-e6">
         <path>/Users/alexchen/Documents/ti/ccs/tools/compiler/ti-cgt-arm_18.12.2.LTS/lib/</path>
         <kind>archive</kind>
         <file>rtsv7M4_T_le_v4SPD16_eabi.lib</file>
         <name>errno.c.obj</name>
      </input_file>
      <input_file id="fl-e7">
         <path>/Users/alexchen/Documents/ti/ccs/tools/compiler/ti-cgt-arm_18.12.2.LTS/lib/</path>
         <kind>archive</kind>
         <file>rtsv7M4_T_le_v4SPD16_eabi.lib</file>
         <name>wcslen.c.obj</name>
      </input_file>
      <input_file id="fl-e8">
         <path>/Users/alexchen/Documents/ti/ccs/tools/compiler/ti-cgt-arm_18.12.2.LTS/lib/</path>
         <kind>archive</kind>
         <file>rtsv7M4_T_le_v4SPD16_eabi.lib</file>
         <name>s_copysign.c.obj</name>
      </input_file>
      <input_file id="fl-e9">
         <path>/Users/alexchen/ti/tivaware_c_series_2_1_4_178/driverlib/ccs/Debug/</path>
         <kind>archive</kind>
         <file>driverlib.lib</file>
         <name>gpio.obj</name>
      </input_file>
      <input_file id="fl-ea">
         <path>/Users/alexchen/ti/tivaware_c_series_2_1_4_178/driverlib/ccs/Debug/</path>
         <kind>archive</kind>
         <file>driverlib.lib</file>
         <name>i2c.obj</name>
      </input_file>
      <input_file id="fl-eb">
         <path>/Users/alexchen/ti/tivaware_c_series_2_1_4_178/driverlib/ccs/Debug/</path>
         <kind>archive</kind>
         <file>driverlib.lib</file>
         <name>interrupt.obj</name>
      </input_file>
      <input_file id="fl-ec">
         <path>/Users/alexchen/ti/tivaware_c_series_2_1_4_178/driverlib/ccs/Debug/</path>
         <kind>archive</kind>
         <file>driverlib.lib</file>
         <name>sysctl.obj</name>
      </input_file>
      <input_file id="fl-ed">
         <path>/Users/alexchen/ti/tivaware_c_series_2_1_4_178/driverlib/ccs/Debug/</path>
         <kind>archive</kind>
         <file>driverlib.lib</file>
         <name>uart.obj</name>
      </input_file>
      <input_file id="fl-ee">
         <path>/Users/alexchen/ti/tivaware_c_series_2_1_4_178/driverlib/ccs/Debug/</path>
         <kind>archive</kind>
         <file>driverlib.lib</file>
         <name>cpu.obj</name>
      </input_file>
   </input_file_list>
   <object_component_list>
      <object_component id="oc-f">
         <name>.intvecs</name>
         <load_address>0x0</load_address>
         <run_address>0x0</run_address>
         <size>0x26c</size>
         <input_file_ref idref="fl-3"/>
      </object_component>
      <object_component id="oc-1e7">
         <name>.text:__TI_printfi</name>
         <load_address>0x26c</load_address>
         <run_address>0x26c</run_address>
         <size>0xa4e</size>
         <input_file_ref idref="fl-d1"/>
      </object_component>
      <object_component id="oc-30">
         <name>.text:FaultISR</name>
         <load_address>0xcba</load_address>
         <run_address>0xcba</run_address>
         <size>0x2</size>
         <input_file_ref idref="fl-3"/>
      </object_component>
      <object_component id="oc-ad">
         <name>.text:main</name>
         <load_address>0xcbc</load_address>
         <run_address>0xcbc</run_address>
         <size>0x2a8</size>
         <input_file_ref idref="fl-2"/>
      </object_component>
      <object_component id="oc-2a6">
         <name>.text:_pconv_a</name>
         <load_address>0xf64</load_address>
         <run_address>0xf64</run_address>
         <size>0x270</size>
         <input_file_ref idref="fl-d1"/>
      </object_component>
      <object_component id="oc-1be">
         <name>.text:UARTvprintf</name>
         <load_address>0x11d4</load_address>
         <run_address>0x11d4</run_address>
         <size>0x1ee</size>
         <input_file_ref idref="fl-5"/>
      </object_component>
      <object_component id="oc-36">
         <name>.text:IntDefaultHandler</name>
         <load_address>0x13c2</load_address>
         <run_address>0x13c2</run_address>
         <size>0x2</size>
         <input_file_ref idref="fl-3"/>
      </object_component>
      <object_component id="oc-f9">
         <name>.text:ComplementaryFilter</name>
         <load_address>0x13c4</load_address>
         <run_address>0x13c4</run_address>
         <size>0x1ec</size>
         <input_file_ref idref="fl-2"/>
      </object_component>
      <object_component id="oc-294">
         <name>.text:_pconv_g</name>
         <load_address>0x15b0</load_address>
         <run_address>0x15b0</run_address>
         <size>0x1d0</size>
         <input_file_ref idref="fl-d1"/>
      </object_component>
      <object_component id="oc-1d5">
         <name>.text</name>
         <load_address>0x1780</load_address>
         <run_address>0x1780</run_address>
         <size>0x1b6</size>
         <input_file_ref idref="fl-c6"/>
      </object_component>
      <object_component id="oc-2a">
         <name>.text:NmiSR</name>
         <load_address>0x1936</load_address>
         <run_address>0x1936</run_address>
         <size>0x2</size>
         <input_file_ref idref="fl-3"/>
      </object_component>
      <object_component id="oc-1df">
         <name>.text:atan2f</name>
         <load_address>0x1938</load_address>
         <run_address>0x1938</run_address>
         <size>0x158</size>
         <input_file_ref idref="fl-c3"/>
      </object_component>
      <object_component id="oc-270">
         <name>.text:atanf</name>
         <load_address>0x1a90</load_address>
         <run_address>0x1a90</run_address>
         <size>0x150</size>
         <input_file_ref idref="fl-c4"/>
      </object_component>
      <object_component id="oc-2a0">
         <name>.text:_pconv_e</name>
         <load_address>0x1be0</load_address>
         <run_address>0x1be0</run_address>
         <size>0x13c</size>
         <input_file_ref idref="fl-d1"/>
      </object_component>
      <object_component id="oc-1cb">
         <name>.text</name>
         <load_address>0x1d1c</load_address>
         <run_address>0x1d1c</run_address>
         <size>0x136</size>
         <input_file_ref idref="fl-c7"/>
      </object_component>
      <object_component id="oc-23f">
         <name>.text:GPIOPadConfigSet</name>
         <load_address>0x1e52</load_address>
         <run_address>0x1e52</run_address>
         <size>0x132</size>
         <input_file_ref idref="fl-e9"/>
      </object_component>
      <object_component id="oc-34e">
         <name>.text:fcvt</name>
         <load_address>0x1f84</load_address>
         <run_address>0x1f84</run_address>
         <size>0x124</size>
         <input_file_ref idref="fl-d1"/>
      </object_component>
      <object_component id="oc-191">
         <name>.text:SysCtlClockGet</name>
         <load_address>0x20a8</load_address>
         <run_address>0x20a8</run_address>
         <size>0x110</size>
         <input_file_ref idref="fl-ec"/>
      </object_component>
      <object_component id="oc-362">
         <name>.text:scalbn</name>
         <load_address>0x21b8</load_address>
         <run_address>0x21b8</run_address>
         <size>0x110</size>
         <input_file_ref idref="fl-d3"/>
      </object_component>
      <object_component id="oc-1d0">
         <name>.text</name>
         <load_address>0x22c8</load_address>
         <run_address>0x22c8</run_address>
         <size>0xfc</size>
         <input_file_ref idref="fl-c8"/>
      </object_component>
      <object_component id="oc-e7">
         <name>.text:I2CSend</name>
         <load_address>0x23c4</load_address>
         <run_address>0x23c4</run_address>
         <size>0xc8</size>
         <input_file_ref idref="fl-2"/>
      </object_component>
      <object_component id="oc-289">
         <name>.text:_ltostr</name>
         <load_address>0x248c</load_address>
         <run_address>0x248c</run_address>
         <size>0xb1</size>
         <input_file_ref idref="fl-d1"/>
      </object_component>
      <object_component id="oc-4a">
         <name>.text</name>
         <load_address>0x253e</load_address>
         <run_address>0x253e</run_address>
         <size>0x9c</size>
         <input_file_ref idref="fl-cb"/>
      </object_component>
      <object_component id="oc-325">
         <name>.text</name>
         <load_address>0x25da</load_address>
         <run_address>0x25da</run_address>
         <size>0x96</size>
         <input_file_ref idref="fl-d5"/>
      </object_component>
      <object_component id="oc-28f">
         <name>.text:__aeabi_cdcmple</name>
         <load_address>0x2670</load_address>
         <run_address>0x2670</run_address>
         <size>0x86</size>
         <input_file_ref idref="fl-d7"/>
      </object_component>
      <object_component id="oc-32c">
         <name>.text:__aeabi_cdrcmple</name>
         <load_address>0x26f6</load_address>
         <run_address>0x26f6</run_address>
         <size>0x86</size>
         <input_file_ref idref="fl-d7"/>
      </object_component>
      <object_component id="oc-a1">
         <name>.text</name>
         <load_address>0x277c</load_address>
         <run_address>0x277c</run_address>
         <size>0x7a</size>
         <input_file_ref idref="fl-d6"/>
      </object_component>
      <object_component id="oc-347">
         <name>.text:_mcpy</name>
         <load_address>0x27f6</load_address>
         <run_address>0x27f6</run_address>
         <size>0x6e</size>
         <input_file_ref idref="fl-d1"/>
      </object_component>
      <object_component id="oc-1da">
         <name>.text</name>
         <load_address>0x2864</load_address>
         <run_address>0x2864</run_address>
         <size>0x6e</size>
         <input_file_ref idref="fl-c9"/>
      </object_component>
      <object_component id="oc-30d">
         <name>.text</name>
         <load_address>0x28d2</load_address>
         <run_address>0x28d2</run_address>
         <size>0x2</size>
         <input_file_ref idref="fl-d4"/>
      </object_component>
      <object_component id="oc-e1">
         <name>.text:InitI2C0</name>
         <load_address>0x28d4</load_address>
         <run_address>0x28d4</run_address>
         <size>0x6c</size>
         <input_file_ref idref="fl-2"/>
      </object_component>
      <object_component id="oc-12">
         <name>.text:decompress:lzss:__TI_decompress_lzss</name>
         <load_address>0x2940</load_address>
         <run_address>0x2940</run_address>
         <size>0x68</size>
         <input_file_ref idref="fl-cf"/>
      </object_component>
      <object_component id="oc-db">
         <name>.text:ConfigureUART</name>
         <load_address>0x29a8</load_address>
         <run_address>0x29a8</run_address>
         <size>0x64</size>
         <input_file_ref idref="fl-2"/>
      </object_component>
      <object_component id="oc-35c">
         <name>.text:frexp</name>
         <load_address>0x2a0c</load_address>
         <run_address>0x2a0c</run_address>
         <size>0x64</size>
         <input_file_ref idref="fl-d2"/>
      </object_component>
      <object_component id="oc-16c">
         <name>.text:UARTStdioConfig</name>
         <load_address>0x2a70</load_address>
         <run_address>0x2a70</run_address>
         <size>0x60</size>
         <input_file_ref idref="fl-5"/>
      </object_component>
      <object_component id="oc-1b7">
         <name>.text:I2CReceive</name>
         <load_address>0x2ad0</load_address>
         <run_address>0x2ad0</run_address>
         <size>0x58</size>
         <input_file_ref idref="fl-2"/>
      </object_component>
      <object_component id="oc-29a">
         <name>.text:_pconv_f</name>
         <load_address>0x2b28</load_address>
         <run_address>0x2b28</run_address>
         <size>0x56</size>
         <input_file_ref idref="fl-d1"/>
      </object_component>
      <object_component id="oc-336">
         <name>.text:ltoa</name>
         <load_address>0x2b7e</load_address>
         <run_address>0x2b7e</run_address>
         <size>0x54</size>
         <input_file_ref idref="fl-e2"/>
      </object_component>
      <object_component id="oc-341">
         <name>.text:_ecpy</name>
         <load_address>0x2bd2</load_address>
         <run_address>0x2bd2</run_address>
         <size>0x52</size>
         <input_file_ref idref="fl-d1"/>
      </object_component>
      <object_component id="oc-179">
         <name>.text:SysCtlPeripheralReset</name>
         <load_address>0x2c24</load_address>
         <run_address>0x2c24</run_address>
         <size>0x50</size>
         <input_file_ref idref="fl-ec"/>
      </object_component>
      <object_component id="oc-197">
         <name>.text:I2CMasterInitExpClk</name>
         <load_address>0x2c74</load_address>
         <run_address>0x2c74</run_address>
         <size>0x4c</size>
         <input_file_ref idref="fl-ea"/>
      </object_component>
      <object_component id="oc-283">
         <name>.text:atoi</name>
         <load_address>0x2cc0</load_address>
         <run_address>0x2cc0</run_address>
         <size>0x4c</size>
         <input_file_ref idref="fl-e0"/>
      </object_component>
      <object_component id="oc-17f">
         <name>.text:GPIOPinConfigure</name>
         <load_address>0x2d0c</load_address>
         <run_address>0x2d0c</run_address>
         <size>0x48</size>
         <input_file_ref idref="fl-e9"/>
      </object_component>
      <object_component id="oc-25e">
         <name>.text:UARTwrite</name>
         <load_address>0x2d54</load_address>
         <run_address>0x2d54</run_address>
         <size>0x48</size>
         <input_file_ref idref="fl-5"/>
      </object_component>
      <object_component id="oc-331">
         <name>.text</name>
         <load_address>0x2d9c</load_address>
         <run_address>0x2d9c</run_address>
         <size>0x48</size>
         <input_file_ref idref="fl-d8"/>
      </object_component>
      <object_component id="oc-12d">
         <name>.text:__TI_auto_init_nobinit_nopinit:__TI_auto_init_nobinit_nopinit</name>
         <load_address>0x2de4</load_address>
         <run_address>0x2de4</run_address>
         <size>0x44</size>
         <input_file_ref idref="fl-da"/>
      </object_component>
      <object_component id="oc-264">
         <name>.text</name>
         <load_address>0x2e28</load_address>
         <run_address>0x2e28</run_address>
         <size>0x40</size>
         <input_file_ref idref="fl-cc"/>
      </object_component>
      <object_component id="oc-104">
         <name>.text:sprintf</name>
         <load_address>0x2e68</load_address>
         <run_address>0x2e68</run_address>
         <size>0x40</size>
         <input_file_ref idref="fl-c5"/>
      </object_component>
      <object_component id="oc-354">
         <name>.text:_fcpy</name>
         <load_address>0x2ea8</load_address>
         <run_address>0x2ea8</run_address>
         <size>0x3e</size>
         <input_file_ref idref="fl-d1"/>
      </object_component>
      <object_component id="oc-ff">
         <name>.text</name>
         <load_address>0x2ee6</load_address>
         <run_address>0x2ee6</run_address>
         <size>0x38</size>
         <input_file_ref idref="fl-ca"/>
      </object_component>
      <object_component id="oc-173">
         <name>.text:SysCtlPeripheralEnable</name>
         <load_address>0x2f20</load_address>
         <run_address>0x2f20</run_address>
         <size>0x34</size>
         <input_file_ref idref="fl-ec"/>
      </object_component>
      <object_component id="oc-68">
         <name>.text:_c_int00_noargs:_c_int00_noargs</name>
         <load_address>0x2f54</load_address>
         <run_address>0x2f54</run_address>
         <size>0x34</size>
         <input_file_ref idref="fl-d0"/>
      </object_component>
      <object_component id="oc-33c">
         <name>.text</name>
         <load_address>0x2f88</load_address>
         <run_address>0x2f88</run_address>
         <size>0x2e</size>
         <input_file_ref idref="fl-d9"/>
      </object_component>
      <object_component id="oc-239">
         <name>.text:GPIODirModeSet</name>
         <load_address>0x2fb6</load_address>
         <run_address>0x2fb6</run_address>
         <size>0x2a</size>
         <input_file_ref idref="fl-e9"/>
      </object_component>
      <object_component id="oc-56">
         <name>.text:decompress:ZI:__TI_zero_init_nomemset:__TI_zero_init_nomemset</name>
         <load_address>0x2fe0</load_address>
         <run_address>0x2fe0</run_address>
         <size>0x1c</size>
         <input_file_ref idref="fl-cd"/>
      </object_component>
      <object_component id="oc-2ac">
         <name>.text:memccpy</name>
         <load_address>0x2ffc</load_address>
         <run_address>0x2ffc</run_address>
         <size>0x1c</size>
         <input_file_ref idref="fl-e3"/>
      </object_component>
      <object_component id="oc-f3">
         <name>.text:UARTprintf</name>
         <load_address>0x3018</load_address>
         <run_address>0x3018</run_address>
         <size>0x1a</size>
         <input_file_ref idref="fl-5"/>
      </object_component>
      <object_component id="oc-3b5">
         <name>.text:copysign</name>
         <load_address>0x3032</load_address>
         <run_address>0x3032</run_address>
         <size>0x1a</size>
         <input_file_ref idref="fl-e8"/>
      </object_component>
      <object_component id="oc-1ed">
         <name>.text:_outs</name>
         <load_address>0x304c</load_address>
         <run_address>0x304c</run_address>
         <size>0x18</size>
         <input_file_ref idref="fl-c5"/>
      </object_component>
      <object_component id="oc-368">
         <name>.text:strchr</name>
         <load_address>0x3064</load_address>
         <run_address>0x3064</run_address>
         <size>0x16</size>
         <input_file_ref idref="fl-e4"/>
      </object_component>
      <object_component id="oc-27d">
         <name>.text:strlen</name>
         <load_address>0x307a</load_address>
         <run_address>0x307a</run_address>
         <size>0x14</size>
         <input_file_ref idref="fl-e5"/>
      </object_component>
      <object_component id="oc-18b">
         <name>.text:GPIOPinTypeI2C</name>
         <load_address>0x308e</load_address>
         <run_address>0x308e</run_address>
         <size>0x12</size>
         <input_file_ref idref="fl-e9"/>
      </object_component>
      <object_component id="oc-185">
         <name>.text:GPIOPinTypeI2CSCL</name>
         <load_address>0x30a0</load_address>
         <run_address>0x30a0</run_address>
         <size>0x12</size>
         <input_file_ref idref="fl-e9"/>
      </object_component>
      <object_component id="oc-2b2">
         <name>.text:wcslen</name>
         <load_address>0x30b2</load_address>
         <run_address>0x30b2</run_address>
         <size>0x12</size>
         <input_file_ref idref="fl-e7"/>
      </object_component>
      <object_component id="oc-ed">
         <name>.text:ReadAccel</name>
         <load_address>0x30c4</load_address>
         <run_address>0x30c4</run_address>
         <size>0xe</size>
         <input_file_ref idref="fl-2"/>
      </object_component>
      <object_component id="oc-18">
         <name>.text:decompress:none:__TI_decompress_none</name>
         <load_address>0x30d2</load_address>
         <run_address>0x30d2</run_address>
         <size>0xe</size>
         <input_file_ref idref="fl-ce"/>
      </object_component>
      <object_component id="oc-24b">
         <name>.text:I2CMasterEnable</name>
         <load_address>0x30e0</load_address>
         <run_address>0x30e0</run_address>
         <size>0xa</size>
         <input_file_ref idref="fl-ea"/>
      </object_component>
      <object_component id="oc-1f3">
         <name>.text:_outc</name>
         <load_address>0x30ea</load_address>
         <run_address>0x30ea</run_address>
         <size>0xa</size>
         <input_file_ref idref="fl-c5"/>
      </object_component>
      <object_component id="oc-1b0">
         <name>.text:I2CMasterBusy</name>
         <load_address>0x30f4</load_address>
         <run_address>0x30f4</run_address>
         <size>0x8</size>
         <input_file_ref idref="fl-ea"/>
      </object_component>
      <object_component id="oc-19e">
         <name>.text:I2CMasterSlaveAddrSet</name>
         <load_address>0x30fc</load_address>
         <run_address>0x30fc</run_address>
         <size>0x8</size>
         <input_file_ref idref="fl-ea"/>
      </object_component>
      <object_component id="oc-2b8">
         <name>.text:__aeabi_errno_addr</name>
         <load_address>0x3104</load_address>
         <run_address>0x3104</run_address>
         <size>0x8</size>
         <input_file_ref idref="fl-e6"/>
      </object_component>
      <object_component id="oc-24">
         <name>.text:ResetISR</name>
         <load_address>0x310c</load_address>
         <run_address>0x310c</run_address>
         <size>0x6</size>
         <input_file_ref idref="fl-3"/>
      </object_component>
      <object_component id="oc-10a">
         <name>.text:SysCtlDelay</name>
         <load_address>0x3112</load_address>
         <run_address>0x3112</run_address>
         <size>0x6</size>
         <input_file_ref idref="fl-ec"/>
      </object_component>
      <object_component id="oc-166">
         <name>.text:UARTClockSourceSet</name>
         <load_address>0x3118</load_address>
         <run_address>0x3118</run_address>
         <size>0x6</size>
         <input_file_ref idref="fl-ed"/>
      </object_component>
      <object_component id="oc-1aa">
         <name>.text:I2CMasterControl</name>
         <load_address>0x311e</load_address>
         <run_address>0x311e</run_address>
         <size>0x4</size>
         <input_file_ref idref="fl-ea"/>
      </object_component>
      <object_component id="oc-257">
         <name>.text:I2CMasterDataGet</name>
         <load_address>0x3122</load_address>
         <run_address>0x3122</run_address>
         <size>0x4</size>
         <input_file_ref idref="fl-ea"/>
      </object_component>
      <object_component id="oc-1a4">
         <name>.text:I2CMasterDataPut</name>
         <load_address>0x3126</load_address>
         <run_address>0x3126</run_address>
         <size>0x4</size>
         <input_file_ref idref="fl-ea"/>
      </object_component>
      <object_component id="oc-a7">
         <name>.text:_system_pre_init</name>
         <load_address>0x312a</load_address>
         <run_address>0x312a</run_address>
         <size>0x4</size>
         <input_file_ref idref="fl-db"/>
      </object_component>
      <object_component id="oc-121">
         <name>.text:abort:abort</name>
         <load_address>0x312e</load_address>
         <run_address>0x312e</run_address>
         <size>0x4</size>
         <input_file_ref idref="fl-dd"/>
      </object_component>
      <object_component id="oc-320">
         <name>.const:.string:_ctypes_</name>
         <load_address>0x3134</load_address>
         <run_address>0x3134</run_address>
         <size>0x101</size>
         <input_file_ref idref="fl-e1"/>
      </object_component>
      <object_component id="oc-234">
         <name>.const:g_pui32GPIOBaseAddrs</name>
         <load_address>0x3238</load_address>
         <run_address>0x3238</run_address>
         <size>0x90</size>
         <input_file_ref idref="fl-e9"/>
      </object_component>
      <object_component id="oc-247">
         <name>.const:g_pui32Xtals</name>
         <load_address>0x32c8</load_address>
         <run_address>0x32c8</run_address>
         <size>0x6c</size>
         <input_file_ref idref="fl-ec"/>
      </object_component>
      <object_component id="oc-313">
         <name>.const:$O1$$</name>
         <load_address>0x3334</load_address>
         <run_address>0x3334</run_address>
         <size>0x34</size>
         <input_file_ref idref="fl-c4"/>
      </object_component>
      <object_component id="oc-227">
         <name>.const:g_ui32UARTBase</name>
         <load_address>0x3368</load_address>
         <run_address>0x3368</run_address>
         <size>0xc</size>
         <input_file_ref idref="fl-5"/>
      </object_component>
      <object_component id="oc-224">
         <name>.const:g_ui32UARTPeriph</name>
         <load_address>0x3374</load_address>
         <run_address>0x3374</run_address>
         <size>0xc</size>
         <input_file_ref idref="fl-5"/>
      </object_component>
      <object_component id="oc-405">
         <name>__TI_handler_table</name>
         <load_address>0x3380</load_address>
         <run_address>0x3380</run_address>
         <size>0xc</size>
      </object_component>
      <object_component id="oc-408">
         <name>.cinit..bss.load</name>
         <load_address>0x3390</load_address>
         <run_address>0x3390</run_address>
         <size>0x8</size>
      </object_component>
      <object_component id="oc-407">
         <name>.cinit..data.load</name>
         <load_address>0x3398</load_address>
         <run_address>0x3398</run_address>
         <size>0x8</size>
      </object_component>
      <object_component id="oc-406">
         <name>__TI_cinit_table</name>
         <load_address>0x33a0</load_address>
         <run_address>0x33a0</run_address>
         <size>0x10</size>
      </object_component>
      <object_component id="oc-10b">
         <name>.data</name>
         <load_address>0x20004024</load_address>
         <run_address>0x20004024</run_address>
         <size>0x8</size>
         <input_file_ref idref="fl-2"/>
      </object_component>
      <object_component id="oc-22a">
         <name>.data</name>
         <load_address>0x2000402c</load_address>
         <run_address>0x2000402c</run_address>
         <size>0x5</size>
         <input_file_ref idref="fl-5"/>
      </object_component>
      <object_component id="oc-378">
         <name>.data</name>
         <load_address>0x20004034</load_address>
         <run_address>0x20004034</run_address>
         <size>0x4</size>
         <input_file_ref idref="fl-e6"/>
      </object_component>
      <object_component id="oc-11f">
         <name>.common:AXH</name>
         <uninitialized>true</uninitialized>
         <run_address>0x20004002</run_address>
         <size>0x2</size>
      </object_component>
      <object_component id="oc-11e">
         <name>.common:AXL</name>
         <uninitialized>true</uninitialized>
         <run_address>0x20004004</run_address>
         <size>0x2</size>
      </object_component>
      <object_component id="oc-113">
         <name>.common:AX</name>
         <uninitialized>true</uninitialized>
         <run_address>0x20004000</run_address>
         <size>0x2</size>
      </object_component>
      <object_component id="oc-11d">
         <name>.common:AYH</name>
         <uninitialized>true</uninitialized>
         <run_address>0x20004008</run_address>
         <size>0x2</size>
      </object_component>
      <object_component id="oc-11c">
         <name>.common:AYL</name>
         <uninitialized>true</uninitialized>
         <run_address>0x2000400a</run_address>
         <size>0x2</size>
      </object_component>
      <object_component id="oc-112">
         <name>.common:AY</name>
         <uninitialized>true</uninitialized>
         <run_address>0x20004006</run_address>
         <size>0x2</size>
      </object_component>
      <object_component id="oc-11b">
         <name>.common:AZH</name>
         <uninitialized>true</uninitialized>
         <run_address>0x2000400e</run_address>
         <size>0x2</size>
      </object_component>
      <object_component id="oc-11a">
         <name>.common:AZL</name>
         <uninitialized>true</uninitialized>
         <run_address>0x20004010</run_address>
         <size>0x2</size>
      </object_component>
      <object_component id="oc-111">
         <name>.common:AZ</name>
         <uninitialized>true</uninitialized>
         <run_address>0x2000400c</run_address>
         <size>0x2</size>
      </object_component>
      <object_component id="oc-119">
         <name>.common:GXH</name>
         <uninitialized>true</uninitialized>
         <run_address>0x20004014</run_address>
         <size>0x2</size>
      </object_component>
      <object_component id="oc-118">
         <name>.common:GXL</name>
         <uninitialized>true</uninitialized>
         <run_address>0x20004016</run_address>
         <size>0x2</size>
      </object_component>
      <object_component id="oc-110">
         <name>.common:GX</name>
         <uninitialized>true</uninitialized>
         <run_address>0x20004012</run_address>
         <size>0x2</size>
      </object_component>
      <object_component id="oc-117">
         <name>.common:GYH</name>
         <uninitialized>true</uninitialized>
         <run_address>0x2000401a</run_address>
         <size>0x2</size>
      </object_component>
      <object_component id="oc-116">
         <name>.common:GYL</name>
         <uninitialized>true</uninitialized>
         <run_address>0x2000401c</run_address>
         <size>0x2</size>
      </object_component>
      <object_component id="oc-10f">
         <name>.common:GY</name>
         <uninitialized>true</uninitialized>
         <run_address>0x20004018</run_address>
         <size>0x2</size>
      </object_component>
      <object_component id="oc-115">
         <name>.common:GZH</name>
         <uninitialized>true</uninitialized>
         <run_address>0x20004020</run_address>
         <size>0x2</size>
      </object_component>
      <object_component id="oc-114">
         <name>.common:GZL</name>
         <uninitialized>true</uninitialized>
         <run_address>0x20004022</run_address>
         <size>0x2</size>
      </object_component>
      <object_component id="oc-10e">
         <name>.common:GZ</name>
         <uninitialized>true</uninitialized>
         <run_address>0x2000401e</run_address>
         <size>0x2</size>
      </object_component>
      <object_component id="oc-21">
         <name>.stack</name>
         <uninitialized>true</uninitialized>
         <run_address>0x20000000</run_address>
         <size>0x4</size>
         <input_file_ref idref="fl-d0"/>
      </object_component>
      <object_component id="oc-409">
         <name>.stack</name>
         <uninitialized>true</uninitialized>
         <run_address>0x20000000</run_address>
         <size>0x0</size>
      </object_component>
      <object_component id="oc-c9">
         <name>.debug_info</name>
         <load_address>0x0</load_address>
         <run_address>0x0</run_address>
         <size>0xa6f</size>
         <input_file_ref idref="fl-2"/>
      </object_component>
      <object_component id="oc-10c">
         <name>.debug_info</name>
         <load_address>0xa6f</load_address>
         <run_address>0xa6f</run_address>
         <size>0xd1</size>
         <input_file_ref idref="fl-2"/>
      </object_component>
      <object_component id="oc-dc">
         <name>.debug_info</name>
         <load_address>0xb40</load_address>
         <run_address>0xb40</run_address>
         <size>0x154</size>
         <input_file_ref idref="fl-2"/>
      </object_component>
      <object_component id="oc-e2">
         <name>.debug_info</name>
         <load_address>0xc94</load_address>
         <run_address>0xc94</run_address>
         <size>0x1d8</size>
         <input_file_ref idref="fl-2"/>
      </object_component>
      <object_component id="oc-e8">
         <name>.debug_info</name>
         <load_address>0xe6c</load_address>
         <run_address>0xe6c</run_address>
         <size>0x27d</size>
         <input_file_ref idref="fl-2"/>
      </object_component>
      <object_component id="oc-1b8">
         <name>.debug_info</name>
         <load_address>0x10e9</load_address>
         <run_address>0x10e9</run_address>
         <size>0x205</size>
         <input_file_ref idref="fl-2"/>
      </object_component>
      <object_component id="oc-ee">
         <name>.debug_info</name>
         <load_address>0x12ee</load_address>
         <run_address>0x12ee</run_address>
         <size>0x139</size>
         <input_file_ref idref="fl-2"/>
      </object_component>
      <object_component id="oc-ae">
         <name>.debug_info</name>
         <load_address>0x1427</load_address>
         <run_address>0x1427</run_address>
         <size>0x318</size>
         <input_file_ref idref="fl-2"/>
      </object_component>
      <object_component id="oc-fa">
         <name>.debug_info</name>
         <load_address>0x173f</load_address>
         <run_address>0x173f</run_address>
         <size>0x4d1</size>
         <input_file_ref idref="fl-2"/>
      </object_component>
      <object_component id="oc-82">
         <name>.debug_info</name>
         <load_address>0x1c10</load_address>
         <run_address>0x1c10</run_address>
         <size>0x26b</size>
         <input_file_ref idref="fl-2"/>
      </object_component>
      <object_component id="oc-161">
         <name>.debug_info</name>
         <load_address>0x1e7b</load_address>
         <run_address>0x1e7b</run_address>
         <size>0x6bd</size>
         <input_file_ref idref="fl-2"/>
      </object_component>
      <object_component id="oc-c4">
         <name>.debug_info</name>
         <load_address>0x2538</load_address>
         <run_address>0x2538</run_address>
         <size>0x8b</size>
         <input_file_ref idref="fl-2"/>
      </object_component>
      <object_component id="oc-bf">
         <name>.debug_info</name>
         <load_address>0x25c3</load_address>
         <run_address>0x25c3</run_address>
         <size>0x297</size>
         <input_file_ref idref="fl-2"/>
      </object_component>
      <object_component id="oc-87">
         <name>.debug_info</name>
         <load_address>0x285a</load_address>
         <run_address>0x285a</run_address>
         <size>0xbb</size>
         <input_file_ref idref="fl-2"/>
      </object_component>
      <object_component id="oc-1c6">
         <name>.debug_info</name>
         <load_address>0x2915</load_address>
         <run_address>0x2915</run_address>
         <size>0x2c</size>
         <input_file_ref idref="fl-2"/>
      </object_component>
      <object_component id="oc-3e">
         <name>.debug_info</name>
         <load_address>0x2941</load_address>
         <run_address>0x2941</run_address>
         <size>0x29b</size>
         <input_file_ref idref="fl-3"/>
      </object_component>
      <object_component id="oc-10">
         <name>.debug_info</name>
         <load_address>0x2bdc</load_address>
         <run_address>0x2bdc</run_address>
         <size>0xda</size>
         <input_file_ref idref="fl-3"/>
      </object_component>
      <object_component id="oc-25">
         <name>.debug_info</name>
         <load_address>0x2cb6</load_address>
         <run_address>0x2cb6</run_address>
         <size>0x10a</size>
         <input_file_ref idref="fl-3"/>
      </object_component>
      <object_component id="oc-2b">
         <name>.debug_info</name>
         <load_address>0x2dc0</load_address>
         <run_address>0x2dc0</run_address>
         <size>0xf9</size>
         <input_file_ref idref="fl-3"/>
      </object_component>
      <object_component id="oc-37">
         <name>.debug_info</name>
         <load_address>0x2eb9</load_address>
         <run_address>0x2eb9</run_address>
         <size>0x113</size>
         <input_file_ref idref="fl-3"/>
      </object_component>
      <object_component id="oc-31">
         <name>.debug_info</name>
         <load_address>0x2fcc</load_address>
         <run_address>0x2fcc</run_address>
         <size>0x101</size>
         <input_file_ref idref="fl-3"/>
      </object_component>
      <object_component id="oc-45">
         <name>.debug_info</name>
         <load_address>0x30cd</load_address>
         <run_address>0x30cd</run_address>
         <size>0x84</size>
         <input_file_ref idref="fl-3"/>
      </object_component>
      <object_component id="oc-1c5">
         <name>.debug_info</name>
         <load_address>0x3151</load_address>
         <run_address>0x3151</run_address>
         <size>0x2c4</size>
         <input_file_ref idref="fl-5"/>
      </object_component>
      <object_component id="oc-22b">
         <name>.debug_info</name>
         <load_address>0x3415</load_address>
         <run_address>0x3415</run_address>
         <size>0x105</size>
         <input_file_ref idref="fl-5"/>
      </object_component>
      <object_component id="oc-228">
         <name>.debug_info</name>
         <load_address>0x351a</load_address>
         <run_address>0x351a</run_address>
         <size>0x10d</size>
         <input_file_ref idref="fl-5"/>
      </object_component>
      <object_component id="oc-225">
         <name>.debug_info</name>
         <load_address>0x3627</load_address>
         <run_address>0x3627</run_address>
         <size>0x111</size>
         <input_file_ref idref="fl-5"/>
      </object_component>
      <object_component id="oc-25f">
         <name>.debug_info</name>
         <load_address>0x3738</load_address>
         <run_address>0x3738</run_address>
         <size>0x216</size>
         <input_file_ref idref="fl-5"/>
      </object_component>
      <object_component id="oc-1bf">
         <name>.debug_info</name>
         <load_address>0x394e</load_address>
         <run_address>0x394e</run_address>
         <size>0x348</size>
         <input_file_ref idref="fl-5"/>
      </object_component>
      <object_component id="oc-f4">
         <name>.debug_info</name>
         <load_address>0x3c96</load_address>
         <run_address>0x3c96</run_address>
         <size>0x1e3</size>
         <input_file_ref idref="fl-5"/>
      </object_component>
      <object_component id="oc-22d">
         <name>.debug_info</name>
         <load_address>0x3e79</load_address>
         <run_address>0x3e79</run_address>
         <size>0x261</size>
         <input_file_ref idref="fl-5"/>
      </object_component>
      <object_component id="oc-16d">
         <name>.debug_info</name>
         <load_address>0x40da</load_address>
         <run_address>0x40da</run_address>
         <size>0x279</size>
         <input_file_ref idref="fl-5"/>
      </object_component>
      <object_component id="oc-277">
         <name>.debug_info</name>
         <load_address>0x4353</load_address>
         <run_address>0x4353</run_address>
         <size>0x2b2</size>
         <input_file_ref idref="fl-c3"/>
      </object_component>
      <object_component id="oc-1e1">
         <name>.debug_info</name>
         <load_address>0x4605</load_address>
         <run_address>0x4605</run_address>
         <size>0x1eb</size>
         <input_file_ref idref="fl-c3"/>
      </object_component>
      <object_component id="oc-319">
         <name>.debug_info</name>
         <load_address>0x47f0</load_address>
         <run_address>0x47f0</run_address>
         <size>0x39</size>
         <input_file_ref idref="fl-c3"/>
      </object_component>
      <object_component id="oc-278">
         <name>.debug_info</name>
         <load_address>0x4829</load_address>
         <run_address>0x4829</run_address>
         <size>0x2c</size>
         <input_file_ref idref="fl-c3"/>
      </object_component>
      <object_component id="oc-3a0">
         <name>.debug_info</name>
         <load_address>0x4855</load_address>
         <run_address>0x4855</run_address>
         <size>0x2f9</size>
         <input_file_ref idref="fl-c4"/>
      </object_component>
      <object_component id="oc-314">
         <name>.debug_info</name>
         <load_address>0x4b4e</load_address>
         <run_address>0x4b4e</run_address>
         <size>0x133</size>
         <input_file_ref idref="fl-c4"/>
      </object_component>
      <object_component id="oc-274">
         <name>.debug_info</name>
         <load_address>0x4c81</load_address>
         <run_address>0x4c81</run_address>
         <size>0x1ae</size>
         <input_file_ref idref="fl-c4"/>
      </object_component>
      <object_component id="oc-1fa">
         <name>.debug_info</name>
         <load_address>0x4e2f</load_address>
         <run_address>0x4e2f</run_address>
         <size>0x334</size>
         <input_file_ref idref="fl-c5"/>
      </object_component>
      <object_component id="oc-105">
         <name>.debug_info</name>
         <load_address>0x5163</load_address>
         <run_address>0x5163</run_address>
         <size>0x1d2</size>
         <input_file_ref idref="fl-c5"/>
      </object_component>
      <object_component id="oc-1ee">
         <name>.debug_info</name>
         <load_address>0x5335</load_address>
         <run_address>0x5335</run_address>
         <size>0x18e</size>
         <input_file_ref idref="fl-c5"/>
      </object_component>
      <object_component id="oc-1f4">
         <name>.debug_info</name>
         <load_address>0x54c3</load_address>
         <run_address>0x54c3</run_address>
         <size>0x16e</size>
         <input_file_ref idref="fl-c5"/>
      </object_component>
      <object_component id="oc-37f">
         <name>.debug_info</name>
         <load_address>0x5631</load_address>
         <run_address>0x5631</run_address>
         <size>0x2c</size>
         <input_file_ref idref="fl-c5"/>
      </object_component>
      <object_component id="oc-1d7">
         <name>.debug_info</name>
         <load_address>0x565d</load_address>
         <run_address>0x565d</run_address>
         <size>0x14d</size>
         <input_file_ref idref="fl-c6"/>
      </object_component>
      <object_component id="oc-1cc">
         <name>.debug_info</name>
         <load_address>0x57aa</load_address>
         <run_address>0x57aa</run_address>
         <size>0x13b</size>
         <input_file_ref idref="fl-c7"/>
      </object_component>
      <object_component id="oc-1d1">
         <name>.debug_info</name>
         <load_address>0x58e5</load_address>
         <run_address>0x58e5</run_address>
         <size>0x13b</size>
         <input_file_ref idref="fl-c8"/>
      </object_component>
      <object_component id="oc-1db">
         <name>.debug_info</name>
         <load_address>0x5a20</load_address>
         <run_address>0x5a20</run_address>
         <size>0x13f</size>
         <input_file_ref idref="fl-c9"/>
      </object_component>
      <object_component id="oc-100">
         <name>.debug_info</name>
         <load_address>0x5b5f</load_address>
         <run_address>0x5b5f</run_address>
         <size>0x12d</size>
         <input_file_ref idref="fl-ca"/>
      </object_component>
      <object_component id="oc-4b">
         <name>.debug_info</name>
         <load_address>0x5c8c</load_address>
         <run_address>0x5c8c</run_address>
         <size>0x11a</size>
         <input_file_ref idref="fl-cb"/>
      </object_component>
      <object_component id="oc-265">
         <name>.debug_info</name>
         <load_address>0x5da6</load_address>
         <run_address>0x5da6</run_address>
         <size>0x143</size>
         <input_file_ref idref="fl-cc"/>
      </object_component>
      <object_component id="oc-a0">
         <name>.debug_info</name>
         <load_address>0x5ee9</load_address>
         <run_address>0x5ee9</run_address>
         <size>0x2d5</size>
         <input_file_ref idref="fl-cd"/>
      </object_component>
      <object_component id="oc-57">
         <name>.debug_info</name>
         <load_address>0x61be</load_address>
         <run_address>0x61be</run_address>
         <size>0x1d3</size>
         <input_file_ref idref="fl-cd"/>
      </object_component>
      <object_component id="oc-9b">
         <name>.debug_info</name>
         <load_address>0x6391</load_address>
         <run_address>0x6391</run_address>
         <size>0x46</size>
         <input_file_ref idref="fl-cd"/>
      </object_component>
      <object_component id="oc-d2">
         <name>.debug_info</name>
         <load_address>0x63d7</load_address>
         <run_address>0x63d7</run_address>
         <size>0x2c</size>
         <input_file_ref idref="fl-cd"/>
      </object_component>
      <object_component id="oc-55">
         <name>.debug_info</name>
         <load_address>0x6403</load_address>
         <run_address>0x6403</run_address>
         <size>0x2a9</size>
         <input_file_ref idref="fl-ce"/>
      </object_component>
      <object_component id="oc-19">
         <name>.debug_info</name>
         <load_address>0x66ac</load_address>
         <run_address>0x66ac</run_address>
         <size>0x1eb</size>
         <input_file_ref idref="fl-ce"/>
      </object_component>
      <object_component id="oc-50">
         <name>.debug_info</name>
         <load_address>0x6897</load_address>
         <run_address>0x6897</run_address>
         <size>0x46</size>
         <input_file_ref idref="fl-ce"/>
      </object_component>
      <object_component id="oc-93">
         <name>.debug_info</name>
         <load_address>0x68dd</load_address>
         <run_address>0x68dd</run_address>
         <size>0x2c</size>
         <input_file_ref idref="fl-ce"/>
      </object_component>
      <object_component id="oc-91">
         <name>.debug_info</name>
         <load_address>0x6909</load_address>
         <run_address>0x6909</run_address>
         <size>0x29f</size>
         <input_file_ref idref="fl-cf"/>
      </object_component>
      <object_component id="oc-13">
         <name>.debug_info</name>
         <load_address>0x6ba8</load_address>
         <run_address>0x6ba8</run_address>
         <size>0x251</size>
         <input_file_ref idref="fl-cf"/>
      </object_component>
      <object_component id="oc-40">
         <name>.debug_info</name>
         <load_address>0x6df9</load_address>
         <run_address>0x6df9</run_address>
         <size>0x60</size>
         <input_file_ref idref="fl-cf"/>
      </object_component>
      <object_component id="oc-cb">
         <name>.debug_info</name>
         <load_address>0x6e59</load_address>
         <run_address>0x6e59</run_address>
         <size>0x46</size>
         <input_file_ref idref="fl-cf"/>
      </object_component>
      <object_component id="oc-8c">
         <name>.debug_info</name>
         <load_address>0x6e9f</load_address>
         <run_address>0x6e9f</run_address>
         <size>0x39</size>
         <input_file_ref idref="fl-cf"/>
      </object_component>
      <object_component id="oc-22">
         <name>.debug_info</name>
         <load_address>0x6ed8</load_address>
         <run_address>0x6ed8</run_address>
         <size>0x10c</size>
         <input_file_ref idref="fl-d0"/>
      </object_component>
      <object_component id="oc-69">
         <name>.debug_info</name>
         <load_address>0x6fe4</load_address>
         <run_address>0x6fe4</run_address>
         <size>0x1aa</size>
         <input_file_ref idref="fl-d0"/>
      </object_component>
      <object_component id="oc-2bf">
         <name>.debug_info</name>
         <load_address>0x718e</load_address>
         <run_address>0x718e</run_address>
         <size>0x57c</size>
         <input_file_ref idref="fl-d1"/>
      </object_component>
      <object_component id="oc-28a">
         <name>.debug_info</name>
         <load_address>0x770a</load_address>
         <run_address>0x770a</run_address>
         <size>0x21f</size>
         <input_file_ref idref="fl-d1"/>
      </object_component>
      <object_component id="oc-342">
         <name>.debug_info</name>
         <load_address>0x7929</load_address>
         <run_address>0x7929</run_address>
         <size>0x1b4</size>
         <input_file_ref idref="fl-d1"/>
      </object_component>
      <object_component id="oc-348">
         <name>.debug_info</name>
         <load_address>0x7add</load_address>
         <run_address>0x7add</run_address>
         <size>0x21c</size>
         <input_file_ref idref="fl-d1"/>
      </object_component>
      <object_component id="oc-295">
         <name>.debug_info</name>
         <load_address>0x7cf9</load_address>
         <run_address>0x7cf9</run_address>
         <size>0x3bc</size>
         <input_file_ref idref="fl-d1"/>
      </object_component>
      <object_component id="oc-34f">
         <name>.debug_info</name>
         <load_address>0x80b5</load_address>
         <run_address>0x80b5</run_address>
         <size>0x306</size>
         <input_file_ref idref="fl-d1"/>
      </object_component>
      <object_component id="oc-355">
         <name>.debug_info</name>
         <load_address>0x83bb</load_address>
         <run_address>0x83bb</run_address>
         <size>0x216</size>
         <input_file_ref idref="fl-d1"/>
      </object_component>
      <object_component id="oc-29b">
         <name>.debug_info</name>
         <load_address>0x85d1</load_address>
         <run_address>0x85d1</run_address>
         <size>0x216</size>
         <input_file_ref idref="fl-d1"/>
      </object_component>
      <object_component id="oc-2a1">
         <name>.debug_info</name>
         <load_address>0x87e7</load_address>
         <run_address>0x87e7</run_address>
         <size>0x305</size>
         <input_file_ref idref="fl-d1"/>
      </object_component>
      <object_component id="oc-2a7">
         <name>.debug_info</name>
         <load_address>0x8aec</load_address>
         <run_address>0x8aec</run_address>
         <size>0x4b1</size>
         <input_file_ref idref="fl-d1"/>
      </object_component>
      <object_component id="oc-1e8">
         <name>.debug_info</name>
         <load_address>0x8f9d</load_address>
         <run_address>0x8f9d</run_address>
         <size>0x5f5</size>
         <input_file_ref idref="fl-d1"/>
      </object_component>
      <object_component id="oc-2c0">
         <name>.debug_info</name>
         <load_address>0x9592</load_address>
         <run_address>0x9592</run_address>
         <size>0x86</size>
         <input_file_ref idref="fl-d1"/>
      </object_component>
      <object_component id="oc-384">
         <name>.debug_info</name>
         <load_address>0x9618</load_address>
         <run_address>0x9618</run_address>
         <size>0x39</size>
         <input_file_ref idref="fl-d1"/>
      </object_component>
      <object_component id="oc-3cc">
         <name>.debug_info</name>
         <load_address>0x9651</load_address>
         <run_address>0x9651</run_address>
         <size>0xb6</size>
         <input_file_ref idref="fl-d1"/>
      </object_component>
      <object_component id="oc-389">
         <name>.debug_info</name>
         <load_address>0x9707</load_address>
         <run_address>0x9707</run_address>
         <size>0x46</size>
         <input_file_ref idref="fl-d1"/>
      </object_component>
      <object_component id="oc-2c5">
         <name>.debug_info</name>
         <load_address>0x974d</load_address>
         <run_address>0x974d</run_address>
         <size>0x46</size>
         <input_file_ref idref="fl-d1"/>
      </object_component>
      <object_component id="oc-3b4">
         <name>.debug_info</name>
         <load_address>0x9793</load_address>
         <run_address>0x9793</run_address>
         <size>0x29b</size>
         <input_file_ref idref="fl-d2"/>
      </object_component>
      <object_component id="oc-360">
         <name>.debug_info</name>
         <load_address>0x9a2e</load_address>
         <run_address>0x9a2e</run_address>
         <size>0x196</size>
         <input_file_ref idref="fl-d2"/>
      </object_component>
      <object_component id="oc-3bc">
         <name>.debug_info</name>
         <load_address>0x9bc4</load_address>
         <run_address>0x9bc4</run_address>
         <size>0x2fe</size>
         <input_file_ref idref="fl-d3"/>
      </object_component>
      <object_component id="oc-363">
         <name>.debug_info</name>
         <load_address>0x9ec2</load_address>
         <run_address>0x9ec2</run_address>
         <size>0x226</size>
         <input_file_ref idref="fl-d3"/>
      </object_component>
      <object_component id="oc-30e">
         <name>.debug_info</name>
         <load_address>0xa0e8</load_address>
         <run_address>0xa0e8</run_address>
         <size>0x116</size>
         <input_file_ref idref="fl-d4"/>
      </object_component>
      <object_component id="oc-326">
         <name>.debug_info</name>
         <load_address>0xa1fe</load_address>
         <run_address>0xa1fe</run_address>
         <size>0x135</size>
         <input_file_ref idref="fl-d5"/>
      </object_component>
      <object_component id="oc-a2">
         <name>.debug_info</name>
         <load_address>0xa333</load_address>
         <run_address>0xa333</run_address>
         <size>0x148</size>
         <input_file_ref idref="fl-d6"/>
      </object_component>
      <object_component id="oc-290">
         <name>.debug_info</name>
         <load_address>0xa47b</load_address>
         <run_address>0xa47b</run_address>
         <size>0x129</size>
         <input_file_ref idref="fl-d7"/>
      </object_component>
      <object_component id="oc-32d">
         <name>.debug_info</name>
         <load_address>0xa5a4</load_address>
         <run_address>0xa5a4</run_address>
         <size>0x12b</size>
         <input_file_ref idref="fl-d7"/>
      </object_component>
      <object_component id="oc-332">
         <name>.debug_info</name>
         <load_address>0xa6cf</load_address>
         <run_address>0xa6cf</run_address>
         <size>0x12f</size>
         <input_file_ref idref="fl-d8"/>
      </object_component>
      <object_component id="oc-33d">
         <name>.debug_info</name>
         <load_address>0xa7fe</load_address>
         <run_address>0xa7fe</run_address>
         <size>0x12d</size>
         <input_file_ref idref="fl-d9"/>
      </object_component>
      <object_component id="oc-208">
         <name>.debug_info</name>
         <load_address>0xa92b</load_address>
         <run_address>0xa92b</run_address>
         <size>0x4b4</size>
         <input_file_ref idref="fl-da"/>
      </object_component>
      <object_component id="oc-12e">
         <name>.debug_info</name>
         <load_address>0xaddf</load_address>
         <run_address>0xaddf</run_address>
         <size>0x1a7</size>
         <input_file_ref idref="fl-da"/>
      </object_component>
      <object_component id="oc-2de">
         <name>.debug_info</name>
         <load_address>0xaf86</load_address>
         <run_address>0xaf86</run_address>
         <size>0x39</size>
         <input_file_ref idref="fl-da"/>
      </object_component>
      <object_component id="oc-391">
         <name>.debug_info</name>
         <load_address>0xafbf</load_address>
         <run_address>0xafbf</run_address>
         <size>0x39</size>
         <input_file_ref idref="fl-da"/>
      </object_component>
      <object_component id="oc-2e3">
         <name>.debug_info</name>
         <load_address>0xaff8</load_address>
         <run_address>0xaff8</run_address>
         <size>0x39</size>
         <input_file_ref idref="fl-da"/>
      </object_component>
      <object_component id="oc-2e8">
         <name>.debug_info</name>
         <load_address>0xb031</load_address>
         <run_address>0xb031</run_address>
         <size>0xcd</size>
         <input_file_ref idref="fl-da"/>
      </object_component>
      <object_component id="oc-a8">
         <name>.debug_info</name>
         <load_address>0xb0fe</load_address>
         <run_address>0xb0fe</run_address>
         <size>0x154</size>
         <input_file_ref idref="fl-db"/>
      </object_component>
      <object_component id="oc-122">
         <name>.debug_info</name>
         <load_address>0xb252</load_address>
         <run_address>0xb252</run_address>
         <size>0x123</size>
         <input_file_ref idref="fl-dd"/>
      </object_component>
      <object_component id="oc-324">
         <name>.debug_info</name>
         <load_address>0xb375</load_address>
         <run_address>0xb375</run_address>
         <size>0x2ba</size>
         <input_file_ref idref="fl-e0"/>
      </object_component>
      <object_component id="oc-284">
         <name>.debug_info</name>
         <load_address>0xb62f</load_address>
         <run_address>0xb62f</run_address>
         <size>0x17d</size>
         <input_file_ref idref="fl-e0"/>
      </object_component>
      <object_component id="oc-3a6">
         <name>.debug_info</name>
         <load_address>0xb7ac</load_address>
         <run_address>0xb7ac</run_address>
         <size>0xfa</size>
         <input_file_ref idref="fl-e1"/>
      </object_component>
      <object_component id="oc-321">
         <name>.debug_info</name>
         <load_address>0xb8a6</load_address>
         <run_address>0xb8a6</run_address>
         <size>0x106</size>
         <input_file_ref idref="fl-e1"/>
      </object_component>
      <object_component id="oc-3ad">
         <name>.debug_info</name>
         <load_address>0xb9ac</load_address>
         <run_address>0xb9ac</run_address>
         <size>0x29c</size>
         <input_file_ref idref="fl-e2"/>
      </object_component>
      <object_component id="oc-338">
         <name>.debug_info</name>
         <load_address>0xbc48</load_address>
         <run_address>0xbc48</run_address>
         <size>0x1ce</size>
         <input_file_ref idref="fl-e2"/>
      </object_component>
      <object_component id="oc-370">
         <name>.debug_info</name>
         <load_address>0xbe16</load_address>
         <run_address>0xbe16</run_address>
         <size>0x297</size>
         <input_file_ref idref="fl-e3"/>
      </object_component>
      <object_component id="oc-2ad">
         <name>.debug_info</name>
         <load_address>0xc0ad</load_address>
         <run_address>0xc0ad</run_address>
         <size>0x1b7</size>
         <input_file_ref idref="fl-e3"/>
      </object_component>
      <object_component id="oc-3be">
         <name>.debug_info</name>
         <load_address>0xc264</load_address>
         <run_address>0xc264</run_address>
         <size>0x29b</size>
         <input_file_ref idref="fl-e4"/>
      </object_component>
      <object_component id="oc-36c">
         <name>.debug_info</name>
         <load_address>0xc4ff</load_address>
         <run_address>0xc4ff</run_address>
         <size>0x263</size>
         <input_file_ref idref="fl-e4"/>
      </object_component>
      <object_component id="oc-31f">
         <name>.debug_info</name>
         <load_address>0xc762</load_address>
         <run_address>0xc762</run_address>
         <size>0x290</size>
         <input_file_ref idref="fl-e5"/>
      </object_component>
      <object_component id="oc-27e">
         <name>.debug_info</name>
         <load_address>0xc9f2</load_address>
         <run_address>0xc9f2</run_address>
         <size>0x246</size>
         <input_file_ref idref="fl-e5"/>
      </object_component>
      <object_component id="oc-37c">
         <name>.debug_info</name>
         <load_address>0xcc38</load_address>
         <run_address>0xcc38</run_address>
         <size>0x28a</size>
         <input_file_ref idref="fl-e6"/>
      </object_component>
      <object_component id="oc-379">
         <name>.debug_info</name>
         <load_address>0xcec2</load_address>
         <run_address>0xcec2</run_address>
         <size>0x10f</size>
         <input_file_ref idref="fl-e6"/>
      </object_component>
      <object_component id="oc-2b9">
         <name>.debug_info</name>
         <load_address>0xcfd1</load_address>
         <run_address>0xcfd1</run_address>
         <size>0x14f</size>
         <input_file_ref idref="fl-e6"/>
      </object_component>
      <object_component id="oc-377">
         <name>.debug_info</name>
         <load_address>0xd120</load_address>
         <run_address>0xd120</run_address>
         <size>0x290</size>
         <input_file_ref idref="fl-e7"/>
      </object_component>
      <object_component id="oc-2b3">
         <name>.debug_info</name>
         <load_address>0xd3b0</load_address>
         <run_address>0xd3b0</run_address>
         <size>0x15b</size>
         <input_file_ref idref="fl-e7"/>
      </object_component>
      <object_component id="oc-3c1">
         <name>.debug_info</name>
         <load_address>0xd50b</load_address>
         <run_address>0xd50b</run_address>
         <size>0x46</size>
         <input_file_ref idref="fl-e7"/>
      </object_component>
      <object_component id="oc-372">
         <name>.debug_info</name>
         <load_address>0xd551</load_address>
         <run_address>0xd551</run_address>
         <size>0x39</size>
         <input_file_ref idref="fl-e7"/>
      </object_component>
      <object_component id="oc-3b6">
         <name>.debug_info</name>
         <load_address>0xd58a</load_address>
         <run_address>0xd58a</run_address>
         <size>0x162</size>
         <input_file_ref idref="fl-e8"/>
      </object_component>
      <object_component id="oc-238">
         <name>.debug_info</name>
         <load_address>0xd6ec</load_address>
         <run_address>0xd6ec</run_address>
         <size>0x240</size>
         <input_file_ref idref="fl-e9"/>
      </object_component>
      <object_component id="oc-235">
         <name>.debug_info</name>
         <load_address>0xd92c</load_address>
         <run_address>0xd92c</run_address>
         <size>0x15b</size>
         <input_file_ref idref="fl-e9"/>
      </object_component>
      <object_component id="oc-23b">
         <name>.debug_info</name>
         <load_address>0xda87</load_address>
         <run_address>0xda87</run_address>
         <size>0x2b3</size>
         <input_file_ref idref="fl-e9"/>
      </object_component>
      <object_component id="oc-241">
         <name>.debug_info</name>
         <load_address>0xdd3a</load_address>
         <run_address>0xdd3a</run_address>
         <size>0x316</size>
         <input_file_ref idref="fl-e9"/>
      </object_component>
      <object_component id="oc-187">
         <name>.debug_info</name>
         <load_address>0xe050</load_address>
         <run_address>0xe050</run_address>
         <size>0x27f</size>
         <input_file_ref idref="fl-e9"/>
      </object_component>
      <object_component id="oc-18d">
         <name>.debug_info</name>
         <load_address>0xe2cf</load_address>
         <run_address>0xe2cf</run_address>
         <size>0x279</size>
         <input_file_ref idref="fl-e9"/>
      </object_component>
      <object_component id="oc-181">
         <name>.debug_info</name>
         <load_address>0xe548</load_address>
         <run_address>0xe548</run_address>
         <size>0x280</size>
         <input_file_ref idref="fl-e9"/>
      </object_component>
      <object_component id="oc-21e">
         <name>.debug_info</name>
         <load_address>0xe7c8</load_address>
         <run_address>0xe7c8</run_address>
         <size>0x18b</size>
         <input_file_ref idref="fl-e9"/>
      </object_component>
      <object_component id="oc-252">
         <name>.debug_info</name>
         <load_address>0xe953</load_address>
         <run_address>0xe953</run_address>
         <size>0x231</size>
         <input_file_ref idref="fl-ea"/>
      </object_component>
      <object_component id="oc-1a0">
         <name>.debug_info</name>
         <load_address>0xeb84</load_address>
         <run_address>0xeb84</run_address>
         <size>0x2ce</size>
         <input_file_ref idref="fl-ea"/>
      </object_component>
      <object_component id="oc-24d">
         <name>.debug_info</name>
         <load_address>0xee52</load_address>
         <run_address>0xee52</run_address>
         <size>0x24e</size>
         <input_file_ref idref="fl-ea"/>
      </object_component>
      <object_component id="oc-199">
         <name>.debug_info</name>
         <load_address>0xf0a0</load_address>
         <run_address>0xf0a0</run_address>
         <size>0x2d5</size>
         <input_file_ref idref="fl-ea"/>
      </object_component>
      <object_component id="oc-1a8">
         <name>.debug_info</name>
         <load_address>0xf375</load_address>
         <run_address>0xf375</run_address>
         <size>0x27e</size>
         <input_file_ref idref="fl-ea"/>
      </object_component>
      <object_component id="oc-25b">
         <name>.debug_info</name>
         <load_address>0xf5f3</load_address>
         <run_address>0xf5f3</run_address>
         <size>0x254</size>
         <input_file_ref idref="fl-ea"/>
      </object_component>
      <object_component id="oc-1ae">
         <name>.debug_info</name>
         <load_address>0xf847</load_address>
         <run_address>0xf847</run_address>
         <size>0x27e</size>
         <input_file_ref idref="fl-ea"/>
      </object_component>
      <object_component id="oc-1b4">
         <name>.debug_info</name>
         <load_address>0xfac5</load_address>
         <run_address>0xfac5</run_address>
         <size>0x24e</size>
         <input_file_ref idref="fl-ea"/>
      </object_component>
      <object_component id="oc-232">
         <name>.debug_info</name>
         <load_address>0xfd13</load_address>
         <run_address>0xfd13</run_address>
         <size>0x298</size>
         <input_file_ref idref="fl-ec"/>
      </object_component>
      <object_component id="oc-248">
         <name>.debug_info</name>
         <load_address>0xffab</load_address>
         <run_address>0xffab</run_address>
         <size>0x14d</size>
         <input_file_ref idref="fl-ec"/>
      </object_component>
      <object_component id="oc-17a">
         <name>.debug_info</name>
         <load_address>0x100f8</load_address>
         <run_address>0x100f8</run_address>
         <size>0x295</size>
         <input_file_ref idref="fl-ec"/>
      </object_component>
      <object_component id="oc-174">
         <name>.debug_info</name>
         <load_address>0x1038d</load_address>
         <run_address>0x1038d</run_address>
         <size>0x27d</size>
         <input_file_ref idref="fl-ec"/>
      </object_component>
      <object_component id="oc-192">
         <name>.debug_info</name>
         <load_address>0x1060a</load_address>
         <run_address>0x1060a</run_address>
         <size>0x2b5</size>
         <input_file_ref idref="fl-ec"/>
      </object_component>
      <object_component id="oc-2fb">
         <name>.debug_info</name>
         <load_address>0x108bf</load_address>
         <run_address>0x108bf</run_address>
         <size>0x5f</size>
         <input_file_ref idref="fl-ec"/>
      </object_component>
      <object_component id="oc-223">
         <name>.debug_info</name>
         <load_address>0x1091e</load_address>
         <run_address>0x1091e</run_address>
         <size>0x227</size>
         <input_file_ref idref="fl-ed"/>
      </object_component>
      <object_component id="oc-167">
         <name>.debug_info</name>
         <load_address>0x10b45</load_address>
         <run_address>0x10b45</run_address>
         <size>0x291</size>
         <input_file_ref idref="fl-ed"/>
      </object_component>
      <object_component id="oc-40a">
         <name>.debug_info</name>
         <load_address>0x10dd6</load_address>
         <run_address>0x10dd6</run_address>
         <size>0x9a</size>
      </object_component>
      <object_component id="oc-160">
         <name>.debug_line</name>
         <load_address>0x0</load_address>
         <run_address>0x0</run_address>
         <size>0x232</size>
         <input_file_ref idref="fl-2"/>
      </object_component>
      <object_component id="oc-1fc">
         <name>.debug_line</name>
         <load_address>0x232</load_address>
         <run_address>0x232</run_address>
         <size>0x2e</size>
         <input_file_ref idref="fl-2"/>
      </object_component>
      <object_component id="oc-df">
         <name>.debug_line</name>
         <load_address>0x260</load_address>
         <run_address>0x260</run_address>
         <size>0x49</size>
         <input_file_ref idref="fl-2"/>
      </object_component>
      <object_component id="oc-e5">
         <name>.debug_line</name>
         <load_address>0x2a9</load_address>
         <run_address>0x2a9</run_address>
         <size>0x4d</size>
         <input_file_ref idref="fl-2"/>
      </object_component>
      <object_component id="oc-eb">
         <name>.debug_line</name>
         <load_address>0x2f6</load_address>
         <run_address>0x2f6</run_address>
         <size>0x6b</size>
         <input_file_ref idref="fl-2"/>
      </object_component>
      <object_component id="oc-1bb">
         <name>.debug_line</name>
         <load_address>0x361</load_address>
         <run_address>0x361</run_address>
         <size>0x56</size>
         <input_file_ref idref="fl-2"/>
      </object_component>
      <object_component id="oc-f1">
         <name>.debug_line</name>
         <load_address>0x3b7</load_address>
         <run_address>0x3b7</run_address>
         <size>0x43</size>
         <input_file_ref idref="fl-2"/>
      </object_component>
      <object_component id="oc-b1">
         <name>.debug_line</name>
         <load_address>0x3fa</load_address>
         <run_address>0x3fa</run_address>
         <size>0x81</size>
         <input_file_ref idref="fl-2"/>
      </object_component>
      <object_component id="oc-fd">
         <name>.debug_line</name>
         <load_address>0x47b</load_address>
         <run_address>0x47b</run_address>
         <size>0x67</size>
         <input_file_ref idref="fl-2"/>
      </object_component>
      <object_component id="oc-85">
         <name>.debug_line</name>
         <load_address>0x4e2</load_address>
         <run_address>0x4e2</run_address>
[...]
            </available_space>
         </usage_details>
      </memory_area>
      <memory_area display="yes" color="green">
         <name>SRAM</name>
         <page_id>0x0</page_id>
         <origin>0x20000000</origin>
         <length>0x8000</length>
         <used_space>0x4038</used_space>
         <unused_space>0x3fc8</unused_space>
         <attributes>RWX</attributes>
         <usage_details>
            <allocated_space>
               <start_address>0x20000000</start_address>
               <size>0x4000</size>
               <logical_group_ref idref="lg-d"/>
            </allocated_space>
            <allocated_space>
               <start_address>0x20004000</start_address>
               <size>0x24</size>
               <logical_group_ref idref="lg-b"/>
            </allocated_space>
            <allocated_space>
               <start_address>0x20004024</start_address>
               <size>0x14</size>
               <logical_group_ref idref="lg-a"/>
            </allocated_space>
            <available_space>
               <start_address>0x20004038</start_address>
               <size>0x3fc8</size>
            </available_space>
         </usage_details>
      </memory_area>
   </placement_map>
   <cptbl_list>
      <cptbl>
         <name>__TI_cinit_table</name>
         <cprec>
            <name>.bss</name>
            <load_address>0x3390</load_address>
            <load_size>0x8</load_size>
            <run_address>0x20004000</run_address>
            <run_size>0x24</run_size>
            <compression>zero_init</compression>
         </cprec>
         <cprec>
            <name>.data</name>
            <load_address>0x3398</load_address>
            <load_size>0x8</load_size>
            <run_address>0x20004024</run_address>
            <run_size>0x14</run_size>
            <compression>lzss</compression>
         </cprec>
      </cptbl>
   </cptbl_list>
   <handler_table>
      <handler_table_name>__TI_handler_table</handler_table_name>
      <handler>
         <index>0x0</index>
         <name>__TI_decompress_lzss</name>
      </handler>
      <handler>
         <index>0x1</index>
         <name>__TI_decompress_none</name>
      </handler>
      <handler>
         <index>0x2</index>
         <name>__TI_zero_init</name>
      </handler>
   </handler_table>
   <symbol_table>
      <symbol id="sm-1">
         <name>__STACK_TOP</name>
         <value>0x20000200</value>
      </symbol>
      <symbol id="sm-2">
         <name>__TI_CINIT_Base</name>
         <value>0x33a0</value>
      </symbol>
      <symbol id="sm-3">
         <name>__TI_CINIT_Limit</name>
         <value>0x33b0</value>
      </symbol>
      <symbol id="sm-4">
         <name>__TI_Handler_Table_Base</name>
         <value>0x3380</value>
      </symbol>
      <symbol id="sm-5">
         <name>__TI_Handler_Table_Limit</name>
         <value>0x338c</value>
      </symbol>
      <symbol id="sm-6">
         <name>binit</name>
         <value>0xffffffff</value>
      </symbol>
      <symbol id="sm-7">
         <name>__binit__</name>
         <value>0xffffffff</value>
      </symbol>
      <symbol id="sm-8">
         <name>__STACK_SIZE</name>
         <value>0x4000</value>
      </symbol>
      <symbol id="sm-9">
         <name>__STACK_END</name>
         <value>0x20004000</value>
      </symbol>
      <symbol id="sm-a">
         <name>__c_args__</name>
         <value>0xffffffff</value>
      </symbol>
      <symbol id="sm-b">
         <name>__TI_pprof_out_hndl</name>
         <value>0xffffffff</value>
      </symbol>
      <symbol id="sm-c">
         <name>__TI_prof_data_start</name>
         <value>0xffffffff</value>
      </symbol>
      <symbol id="sm-d">
         <name>__TI_prof_data_size</name>
         <value>0xffffffff</value>
      </symbol>
      <symbol id="sm-cb">
         <name>AXH</name>
         <value>0x20004002</value>
      </symbol>
      <symbol id="sm-cc">
         <name>AXL</name>
         <value>0x20004004</value>
      </symbol>
      <symbol id="sm-cd">
         <name>AX</name>
         <value>0x20004000</value>
      </symbol>
      <symbol id="sm-ce">
         <name>AYH</name>
         <value>0x20004008</value>
      </symbol>
      <symbol id="sm-cf">
         <name>AYL</name>
         <value>0x2000400a</value>
      </symbol>
      <symbol id="sm-d0">
         <name>AY</name>
         <value>0x20004006</value>
      </symbol>
      <symbol id="sm-d1">
         <name>AZH</name>
         <value>0x2000400e</value>
      </symbol>
      <symbol id="sm-d2">
         <name>AZL</name>
         <value>0x20004010</value>
      </symbol>
      <symbol id="sm-d3">
         <name>AZ</name>
         <value>0x2000400c</value>
      </symbol>
      <symbol id="sm-d4">
         <name>GXH</name>
         <value>0x20004014</value>
      </symbol>
      <symbol id="sm-d5">
         <name>GXL</name>
         <value>0x20004016</value>
      </symbol>
      <symbol id="sm-d6">
         <name>GX</name>
         <value>0x20004012</value>
      </symbol>
      <symbol id="sm-d7">
         <name>GYH</name>
         <value>0x2000401a</value>
      </symbol>
      <symbol id="sm-d8">
         <name>GYL</name>
         <value>0x2000401c</value>
      </symbol>
      <symbol id="sm-d9">
         <name>GY</name>
         <value>0x20004018</value>
      </symbol>
      <symbol id="sm-da">
         <name>GZH</name>
         <value>0x20004020</value>
      </symbol>
      <symbol id="sm-db">
         <name>GZL</name>
         <value>0x20004022</value>
      </symbol>
      <symbol id="sm-dc">
         <name>GZ</name>
         <value>0x2000401e</value>
      </symbol>
      <symbol id="sm-dd">
         <name>I2CSend</name>
         <value>0x23c5</value>
         <object_component_ref idref="oc-e7"/>
      </symbol>
      <symbol id="sm-de">
         <name>b</name>
         <value>0x20004028</value>
         <object_component_ref idref="oc-10b"/>
      </symbol>
      <symbol id="sm-df">
         <name>a</name>
         <value>0x20004024</value>
         <object_component_ref idref="oc-10b"/>
      </symbol>
      <symbol id="sm-e0">
         <name>main</name>
         <value>0xcbd</value>
         <object_component_ref idref="oc-ad"/>
      </symbol>
      <symbol id="sm-e1">
         <name>InitI2C0</name>
         <value>0x28d5</value>
         <object_component_ref idref="oc-e1"/>
      </symbol>
      <symbol id="sm-e2">
         <name>ConfigureUART</name>
         <value>0x29a9</value>
         <object_component_ref idref="oc-db"/>
      </symbol>
      <symbol id="sm-e3">
         <name>I2CReceive</name>
         <value>0x2ad1</value>
         <object_component_ref idref="oc-1b7"/>
      </symbol>
      <symbol id="sm-e4">
         <name>ComplementaryFilter</name>
         <value>0x13c5</value>
         <object_component_ref idref="oc-f9"/>
      </symbol>
      <symbol id="sm-e5">
         <name>ReadAccel</name>
         <value>0x30c5</value>
         <object_component_ref idref="oc-ed"/>
      </symbol>
      <symbol id="sm-11b">
         <name>ResetISR</name>
         <value>0x310d</value>
         <object_component_ref idref="oc-24"/>
      </symbol>
      <symbol id="sm-11c">
         <name>g_pfnVectors</name>
         <value>0x0</value>
         <object_component_ref idref="oc-f"/>
      </symbol>
      <symbol id="sm-18b">
         <name>UARTStdioConfig</name>
         <value>0x2a71</value>
         <object_component_ref idref="oc-16c"/>
      </symbol>
      <symbol id="sm-18c">
         <name>UARTwrite</name>
         <value>0x2d55</value>
         <object_component_ref idref="oc-25e"/>
      </symbol>
      <symbol id="sm-18d">
         <name>UARTprintf</name>
         <value>0x3019</value>
         <object_component_ref idref="oc-f3"/>
      </symbol>
      <symbol id="sm-18e">
         <name>UARTvprintf</name>
         <value>0x11d5</value>
         <object_component_ref idref="oc-1be"/>
      </symbol>
      <symbol id="sm-1ca">
         <name>atan2f</name>
         <value>0x1939</value>
         <object_component_ref idref="oc-1df"/>
      </symbol>
      <symbol id="sm-1f7">
         <name>atanf</name>
         <value>0x1a91</value>
         <object_component_ref idref="oc-270"/>
      </symbol>
      <symbol id="sm-21e">
         <name>sprintf</name>
         <value>0x2e69</value>
         <object_component_ref idref="oc-104"/>
      </symbol>
      <symbol id="sm-235">
         <name>__aeabi_dsub</name>
         <value>0x1781</value>
         <object_component_ref idref="oc-1d5"/>
      </symbol>
      <symbol id="sm-236">
         <name>__aeabi_dadd</name>
         <value>0x178b</value>
         <object_component_ref idref="oc-1d5"/>
      </symbol>
      <symbol id="sm-24a">
         <name>__aeabi_ddiv</name>
         <value>0x1d1d</value>
         <object_component_ref idref="oc-1cb"/>
      </symbol>
      <symbol id="sm-255">
         <name>__aeabi_dmul</name>
         <value>0x22c9</value>
         <object_component_ref idref="oc-1d0"/>
      </symbol>
      <symbol id="sm-261">
         <name>__aeabi_d2f</name>
         <value>0x2865</value>
         <object_component_ref idref="oc-1da"/>
      </symbol>
      <symbol id="sm-26c">
         <name>__aeabi_f2d</name>
         <value>0x2ee7</value>
         <object_component_ref idref="oc-ff"/>
      </symbol>
      <symbol id="sm-287">
         <name>memcpy</name>
         <value>0x253f</value>
         <object_component_ref idref="oc-4a"/>
      </symbol>
      <symbol id="sm-288">
         <name>__aeabi_memcpy</name>
         <value>0x253f</value>
         <object_component_ref idref="oc-4a"/>
      </symbol>
      <symbol id="sm-289">
         <name>__aeabi_memcpy8</name>
         <value>0x253f</value>
         <object_component_ref idref="oc-4a"/>
      </symbol>
      <symbol id="sm-28a">
         <name>__aeabi_memcpy4</name>
         <value>0x253f</value>
         <object_component_ref idref="oc-4a"/>
      </symbol>
      <symbol id="sm-299">
         <name>__aeabi_uidivmod</name>
         <value>0x2e29</value>
         <object_component_ref idref="oc-264"/>
      </symbol>
      <symbol id="sm-29a">
         <name>__aeabi_uidiv</name>
         <value>0x2e29</value>
         <object_component_ref idref="oc-264"/>
      </symbol>
      <symbol id="sm-2b3">
         <name>__TI_zero_init_nomemset</name>
         <value>0x2fe1</value>
         <object_component_ref idref="oc-56"/>
      </symbol>
      <symbol id="sm-2ca">
         <name>__TI_decompress_none</name>
         <value>0x30d3</value>
         <object_component_ref idref="oc-18"/>
      </symbol>
      <symbol id="sm-2ed">
         <name>__TI_decompress_lzss</name>
         <value>0x2941</value>
         <object_component_ref idref="oc-12"/>
      </symbol>
      <symbol id="sm-300">
         <name>__stack</name>
         <value>0x20000000</value>
         <object_component_ref idref="oc-21"/>
      </symbol>
      <symbol id="sm-301">
         <name>_c_int00_noargs</name>
         <value>0x2f55</value>
         <object_component_ref idref="oc-68"/>
      </symbol>
      <symbol id="sm-466">
         <name>__TI_printfi</name>
         <value>0x26d</value>
         <object_component_ref idref="oc-1e7"/>
      </symbol>
      <symbol id="sm-47c">
         <name>frexpl</name>
         <value>0x2a0d</value>
         <object_component_ref idref="oc-35c"/>
      </symbol>
      <symbol id="sm-47d">
         <name>frexp</name>
         <value>0x2a0d</value>
         <object_component_ref idref="oc-35c"/>
      </symbol>
      <symbol id="sm-49a">
         <name>scalbn</name>
         <value>0x21b9</value>
         <object_component_ref idref="oc-362"/>
      </symbol>
      <symbol id="sm-49b">
         <name>scalbnl</name>
         <value>0x21b9</value>
         <object_component_ref idref="oc-362"/>
      </symbol>
      <symbol id="sm-49c">
         <name>ldexpl</name>
         <value>0x21b9</value>
         <object_component_ref idref="oc-362"/>
      </symbol>
      <symbol id="sm-49d">
         <name>ldexp</name>
         <value>0x21b9</value>
         <object_component_ref idref="oc-362"/>
      </symbol>
      <symbol id="sm-4a7">
         <name>__aeabi_idiv0</name>
         <value>0x28d3</value>
         <object_component_ref idref="oc-30d"/>
      </symbol>
      <symbol id="sm-4a8">
         <name>__aeabi_ldiv0</name>
         <value>0x28d3</value>
         <object_component_ref idref="oc-30d"/>
      </symbol>
      <symbol id="sm-4b5">
         <name>__aeabi_uldivmod</name>
         <value>0x25db</value>
         <object_component_ref idref="oc-325"/>
      </symbol>
      <symbol id="sm-4c4">
         <name>__aeabi_memset</name>
         <value>0x277f</value>
         <object_component_ref idref="oc-a1"/>
      </symbol>
      <symbol id="sm-4c5">
         <name>memset</name>
         <value>0x2785</value>
         <object_component_ref idref="oc-a1"/>
      </symbol>
      <symbol id="sm-4c6">
         <name>__aeabi_memset8</name>
         <value>0x277f</value>
         <object_component_ref idref="oc-a1"/>
      </symbol>
      <symbol id="sm-4c7">
         <name>__aeabi_memset4</name>
         <value>0x277f</value>
         <object_component_ref idref="oc-a1"/>
      </symbol>
      <symbol id="sm-4c8">
         <name>__aeabi_memclr8</name>
         <value>0x277d</value>
         <object_component_ref idref="oc-a1"/>
      </symbol>
      <symbol id="sm-4c9">
         <name>__aeabi_memclr4</name>
         <value>0x277d</value>
         <object_component_ref idref="oc-a1"/>
      </symbol>
      <symbol id="sm-4ca">
         <name>__aeabi_memclr</name>
         <value>0x277d</value>
         <object_component_ref idref="oc-a1"/>
      </symbol>
      <symbol id="sm-4ec">
         <name>__aeabi_cdcmpeq</name>
         <value>0x2671</value>
         <object_component_ref idref="oc-28f"/>
      </symbol>
      <symbol id="sm-4ed">
         <name>__aeabi_cdcmple</name>
         <value>0x2671</value>
         <object_component_ref idref="oc-28f"/>
      </symbol>
      <symbol id="sm-4ee">
         <name>__aeabi_cdrcmple</name>
         <value>0x26f7</value>
         <object_component_ref idref="oc-32c"/>
      </symbol>
      <symbol id="sm-4f8">
         <name>__aeabi_d2iz</name>
         <value>0x2d9d</value>
         <object_component_ref idref="oc-331"/>
      </symbol>
      <symbol id="sm-502">
         <name>__aeabi_i2d</name>
         <value>0x2f89</value>
         <object_component_ref idref="oc-33c"/>
      </symbol>
      <symbol id="sm-52a">
         <name>__TI_auto_init_nobinit_nopinit</name>
         <value>0x2de5</value>
         <object_component_ref idref="oc-12d"/>
      </symbol>
      <symbol id="sm-534">
         <name>_system_pre_init</name>
         <value>0x312b</value>
         <object_component_ref idref="oc-a7"/>
      </symbol>
      <symbol id="sm-540">
         <name>C$$EXIT</name>
         <value>0x312f</value>
         <object_component_ref idref="oc-121"/>
      </symbol>
      <symbol id="sm-541">
         <name>abort</name>
         <value>0x312f</value>
         <object_component_ref idref="oc-121"/>
      </symbol>
      <symbol id="sm-559">
         <name>atoi</name>
         <value>0x2cc1</value>
         <object_component_ref idref="oc-283"/>
      </symbol>
      <symbol id="sm-564">
         <name>_ctypes_</name>
         <value>0x3134</value>
         <object_component_ref idref="oc-320"/>
      </symbol>
      <symbol id="sm-573">
         <name>ltoa</name>
         <value>0x2b7f</value>
         <object_component_ref idref="oc-336"/>
      </symbol>
      <symbol id="sm-583">
         <name>memccpy</name>
         <value>0x2ffd</value>
         <object_component_ref idref="oc-2ac"/>
      </symbol>
      <symbol id="sm-593">
         <name>strchr</name>
         <value>0x3065</value>
         <object_component_ref idref="oc-368"/>
      </symbol>
      <symbol id="sm-5a1">
         <name>strlen</name>
         <value>0x307b</value>
         <object_component_ref idref="oc-27d"/>
      </symbol>
      <symbol id="sm-5b7">
         <name>__aeabi_errno_addr</name>
         <value>0x3105</value>
         <object_component_ref idref="oc-2b8"/>
      </symbol>
      <symbol id="sm-5b8">
         <name>errno</name>
         <value>0x20004034</value>
         <object_component_ref idref="oc-378"/>
      </symbol>
      <symbol id="sm-5d1">
         <name>wcslen</name>
         <value>0x30b3</value>
         <object_component_ref idref="oc-2b2"/>
      </symbol>
      <symbol id="sm-5db">
         <name>copysign</name>
         <value>0x3033</value>
         <object_component_ref idref="oc-3b5"/>
      </symbol>
      <symbol id="sm-5dc">
         <name>copysignl</name>
         <value>0x3033</value>
         <object_component_ref idref="oc-3b5"/>
      </symbol>
      <symbol id="sm-61b">
         <name>GPIOPinConfigure</name>
         <value>0x2d0d</value>
         <object_component_ref idref="oc-17f"/>
      </symbol>
      <symbol id="sm-61c">
         <name>GPIOPinTypeI2CSCL</name>
         <value>0x30a1</value>
         <object_component_ref idref="oc-185"/>
      </symbol>
      <symbol id="sm-61d">
         <name>GPIOPinTypeI2C</name>
         <value>0x308f</value>
         <object_component_ref idref="oc-18b"/>
      </symbol>
      <symbol id="sm-61e">
         <name>GPIODirModeSet</name>
         <value>0x2fb7</value>
         <object_component_ref idref="oc-239"/>
      </symbol>
      <symbol id="sm-61f">
         <name>GPIOPadConfigSet</name>
         <value>0x1e53</value>
         <object_component_ref idref="oc-23f"/>
      </symbol>
      <symbol id="sm-660">
         <name>I2CMasterDataPut</name>
         <value>0x3127</value>
         <object_component_ref idref="oc-1a4"/>
      </symbol>
      <symbol id="sm-661">
         <name>I2CMasterInitExpClk</name>
         <value>0x2c75</value>
         <object_component_ref idref="oc-197"/>
      </symbol>
      <symbol id="sm-662">
         <name>I2CMasterSlaveAddrSet</name>
         <value>0x30fd</value>
         <object_component_ref idref="oc-19e"/>
      </symbol>
      <symbol id="sm-663">
         <name>I2CMasterDataGet</name>
         <value>0x3123</value>
         <object_component_ref idref="oc-257"/>
      </symbol>
      <symbol id="sm-664">
         <name>I2CMasterControl</name>
         <value>0x311f</value>
         <object_component_ref idref="oc-1aa"/>
      </symbol>
      <symbol id="sm-665">
         <name>I2CMasterBusy</name>
         <value>0x30f5</value>
         <object_component_ref idref="oc-1b0"/>
      </symbol>
      <symbol id="sm-666">
         <name>I2CMasterEnable</name>
         <value>0x30e1</value>
         <object_component_ref idref="oc-24b"/>
      </symbol>
      <symbol id="sm-6af">
         <name>SysCtlDelay</name>
         <value>0x3113</value>
         <object_component_ref idref="oc-10a"/>
      </symbol>
      <symbol id="sm-6b0">
         <name>SysCtlPeripheralEnable</name>
         <value>0x2f21</value>
         <object_component_ref idref="oc-173"/>
      </symbol>
      <symbol id="sm-6b1">
         <name>SysCtlClockGet</name>
         <value>0x20a9</value>
         <object_component_ref idref="oc-191"/>
      </symbol>
      <symbol id="sm-6b2">
         <name>SysCtlPeripheralReset</name>
         <value>0x2c25</value>
         <object_component_ref idref="oc-179"/>
      </symbol>
      <symbol id="sm-6bf">
         <name>UARTClockSourceSet</name>
         <value>0x3119</value>
         <object_component_ref idref="oc-166"/>
      </symbol>
      <symbol id="sm-6c1">
         <name>__TI_static_base__</name>
         <value>0x0</value>
      </symbol>
      <symbol id="sm-6c4">
         <name>__mpu_init</name>
         <value>0x0</value>
      </symbol>
      <symbol id="sm-6c5">
         <name>_system_post_cinit</name>
         <value>0x0</value>
      </symbol>
   </symbol_table>
   <title>Link successful</title>
</link_info>
