******************************************************************************
                  TI ARM Linker Unix v18.12.2                  
******************************************************************************
>> Linked Wed Dec  4 00:10:46 2019

OUTPUT FILE NAME:   <hello.out>
ENTRY POINT SYMBOL: "_c_int00_noargs"  address: 00002f55


MEMORY CONFIGURATION

         name            origin    length      used     unused   attr    fill
----------------------  --------  ---------  --------  --------  ----  --------
  FLASH                 00000000   00040000  000033ae  0003cc52  R  X
  SRAM                  20000000   00008000  00004038  00003fc8  RW X


SEGMENT ALLOCATION MAP

run origin  load origin   length   init length attrs members
----------  ----------- ---------- ----------- ----- -------
00000000    00000000    000033b0   000033b0    r-x
  00000000    00000000    0000026c   0000026c    r-- .intvecs
  0000026c    0000026c    00002ec6   00002ec6    r-x .text
  00003134    00003134    0000024c   0000024c    r-- .const
  00003380    00003380    00000030   00000030    r-- .cinit
20000000    20000000    00004038   00000000    rw-
  20000000    20000000    00004000   00000000    rw- .stack
  20004000    20004000    00000024   00000000    rw- .bss
  20004024    20004024    00000014   00000000    rw- .data


SECTION ALLOCATION MAP

 output                                  attributes/
section   page    origin      length       input sections
--------  ----  ----------  ----------   ----------------
.intvecs   0    00000000    0000026c     
                  00000000    0000026c     startup_ccs.obj (.intvecs)

.text      0    0000026c    00002ec6     
                  0000026c    00000a4e     rtsv7M4_T_le_v4SPD16_eabi.lib : _printfi.c.obj (.text:__TI_printfi)
                  00000cba    00000002     startup_ccs.obj (.text:FaultISR)
                  00000cbc    000002a8     hello.obj (.text:main)
                  00000f64    00000270     rtsv7M4_T_le_v4SPD16_eabi.lib : _printfi.c.obj (.text:_pconv_a)
                  000011d4    000001ee     uartstdio.obj (.text:UARTvprintf)
                  000013c2    00000002     startup_ccs.obj (.text:IntDefaultHandler)
                  000013c4    000001ec     hello.obj (.text:ComplementaryFilter)
                  000015b0    000001d0     rtsv7M4_T_le_v4SPD16_eabi.lib : _printfi.c.obj (.text:_pconv_g)
                  00001780    000001b6                                   : fd_add_t2.asm.obj (.text)
                  00001936    00000002     startup_ccs.obj (.text:NmiSR)
                  00001938    00000158     rtsv7M4_T_le_v4SPD16_eabi.lib : e_atan2f.c.obj (.text:atan2f)
                  00001a90    00000150                                   : s_atanf.c.obj (.text:atanf)
                  00001be0    0000013c                                   : _printfi.c.obj (.text:_pconv_e)
                  00001d1c    00000136                                   : fd_div_t2.asm.obj (.text)
                  00001e52    00000132     driverlib.lib : gpio.obj (.text:GPIOPadConfigSet)
                  00001f84    00000124     rtsv7M4_T_le_v4SPD16_eabi.lib : _printfi.c.obj (.text:fcvt)
                  000020a8    00000110     driverlib.lib : sysctl.obj (.text:SysCtlClockGet)
                  000021b8    00000110     rtsv7M4_T_le_v4SPD16_eabi.lib : s_scalbn.c.obj (.text:scalbn)
                  000022c8    000000fc                                   : fd_mul_t2.asm.obj (.text)
                  000023c4    000000c8     hello.obj (.text:I2CSend)
                  0000248c    000000b1     rtsv7M4_T_le_v4SPD16_eabi.lib : _printfi.c.obj (.text:_ltostr)
                  0000253d    00000001     --HOLE-- [fill = 0]
                  0000253e    0000009c                                   : memcpy_t2.asm.obj (.text)
                  000025da    00000096                                   : ull_div_t2.asm.obj (.text)
                  00002670    00000086                                   : fd_cmp_t2.asm.obj (.text:__aeabi_cdcmple)
                  000026f6    00000086                                   : fd_cmp_t2.asm.obj (.text:__aeabi_cdrcmple)
                  0000277c    0000007a                                   : memset_t2.asm.obj (.text)
                  000027f6    0000006e                                   : _printfi.c.obj (.text:_mcpy)
                  00002864    0000006e                                   : fd_tos_t2.asm.obj (.text)
                  000028d2    00000002                                   : div0.asm.obj (.text)
                  000028d4    0000006c     hello.obj (.text:InitI2C0)
                  00002940    00000068     rtsv7M4_T_le_v4SPD16_eabi.lib : copy_decompress_lzss.c.obj (.text:decompress:lzss:__TI_decompress_lzss)
                  000029a8    00000064     hello.obj (.text:ConfigureUART)
                  00002a0c    00000064     rtsv7M4_T_le_v4SPD16_eabi.lib : s_frexp.c.obj (.text:frexp)
                  00002a70    00000060     uartstdio.obj (.text:UARTStdioConfig)
                  00002ad0    00000058     hello.obj (.text:I2CReceive)
                  00002b28    00000056     rtsv7M4_T_le_v4SPD16_eabi.lib : _printfi.c.obj (.text:_pconv_f)
                  00002b7e    00000054                                   : ltoa.c.obj (.text:ltoa)
                  00002bd2    00000052                                   : _printfi.c.obj (.text:_ecpy)
                  00002c24    00000050     driverlib.lib : sysctl.obj (.text:SysCtlPeripheralReset)
                  00002c74    0000004c                   : i2c.obj (.text:I2CMasterInitExpClk)
                  00002cc0    0000004c     rtsv7M4_T_le_v4SPD16_eabi.lib : atoi.c.obj (.text:atoi)
                  00002d0c    00000048     driverlib.lib : gpio.obj (.text:GPIOPinConfigure)
                  00002d54    00000048     uartstdio.obj (.text:UARTwrite)
                  00002d9c    00000048     rtsv7M4_T_le_v4SPD16_eabi.lib : fd_toi_t2.asm.obj (.text)
                  00002de4    00000044                                   : autoinit.c.obj (.text:__TI_auto_init_nobinit_nopinit:__TI_auto_init_nobinit_nopinit)
                  00002e28    00000040                                   : u_divt2.asm.obj (.text)
                  00002e68    00000040                                   : sprintf.c.obj (.text:sprintf)
                  00002ea8    0000003e                                   : _printfi.c.obj (.text:_fcpy)
                  00002ee6    00000038                                   : fs_tod_t2.asm.obj (.text)
                  00002f1e    00000002     --HOLE-- [fill = 0]
                  00002f20    00000034     driverlib.lib : sysctl.obj (.text:SysCtlPeripheralEnable)
                  00002f54    00000034     rtsv7M4_T_le_v4SPD16_eabi.lib : boot_cortex_m.c.obj (.text:_c_int00_noargs:_c_int00_noargs)
                  00002f88    0000002e                                   : i_tofd_t2.asm.obj (.text)
                  00002fb6    0000002a     driverlib.lib : gpio.obj (.text:GPIODirModeSet)
                  00002fe0    0000001c     rtsv7M4_T_le_v4SPD16_eabi.lib : copy_zero_init.c.obj (.text:decompress:ZI:__TI_zero_init_nomemset:__TI_zero_init_nomemset)
                  00002ffc    0000001c                                   : memccpy.c.obj (.text:memccpy)
                  00003018    0000001a     uartstdio.obj (.text:UARTprintf)
                  00003032    0000001a     rtsv7M4_T_le_v4SPD16_eabi.lib : s_copysign.c.obj (.text:copysign)
                  0000304c    00000018                                   : sprintf.c.obj (.text:_outs)
                  00003064    00000016                                   : strchr.c.obj (.text:strchr)
                  0000307a    00000014                                   : strlen.c.obj (.text:strlen)
                  0000308e    00000012     driverlib.lib : gpio.obj (.text:GPIOPinTypeI2C)
                  000030a0    00000012                   : gpio.obj (.text:GPIOPinTypeI2CSCL)
                  000030b2    00000012     rtsv7M4_T_le_v4SPD16_eabi.lib : wcslen.c.obj (.text:wcslen)
                  000030c4    0000000e     hello.obj (.text:ReadAccel)
                  000030d2    0000000e     rtsv7M4_T_le_v4SPD16_eabi.lib : copy_decompress_none.c.obj (.text:decompress:none:__TI_decompress_none)
                  000030e0    0000000a     driverlib.lib : i2c.obj (.text:I2CMasterEnable)
                  000030ea    0000000a     rtsv7M4_T_le_v4SPD16_eabi.lib : sprintf.c.obj (.text:_outc)
                  000030f4    00000008     driverlib.lib : i2c.obj (.text:I2CMasterBusy)
                  000030fc    00000008                   : i2c.obj (.text:I2CMasterSlaveAddrSet)
                  00003104    00000008     rtsv7M4_T_le_v4SPD16_eabi.lib : errno.c.obj (.text:__aeabi_errno_addr)
                  0000310c    00000006     startup_ccs.obj (.text:ResetISR)
                  00003112    00000006     driverlib.lib : sysctl.obj (.text:SysCtlDelay)
                  00003118    00000006                   : uart.obj (.text:UARTClockSourceSet)
                  0000311e    00000004                   : i2c.obj (.text:I2CMasterControl)
                  00003122    00000004                   : i2c.obj (.text:I2CMasterDataGet)
                  00003126    00000004                   : i2c.obj (.text:I2CMasterDataPut)
                  0000312a    00000004     rtsv7M4_T_le_v4SPD16_eabi.lib : pre_init.c.obj (.text:_system_pre_init)
                  0000312e    00000004                                   : exit.c.obj (.text:abort:abort)

.const     0    00003134    0000024c     
                  00003134    00000101     rtsv7M4_T_le_v4SPD16_eabi.lib : ctype.c.obj (.const:.string:_ctypes_)
                  00003235    00000003     --HOLE-- [fill = 0]
                  00003238    00000090     driverlib.lib : gpio.obj (.const:g_pui32GPIOBaseAddrs)
                  000032c8    0000006c                   : sysctl.obj (.const:g_pui32Xtals)
                  00003334    00000034     rtsv7M4_T_le_v4SPD16_eabi.lib : s_atanf.c.obj (.const:$O1$$)
                  00003368    0000000c     uartstdio.obj (.const:g_ui32UARTBase)
                  00003374    0000000c     uartstdio.obj (.const:g_ui32UARTPeriph)

.cinit     0    00003380    00000030     
                  00003380    0000000c     (__TI_handler_table)
                  0000338c    00000004     --HOLE-- [fill = 0]
                  00003390    00000008     (.cinit..bss.load) [load image, compression = zero_init]
                  00003398    00000008     (.cinit..data.load) [load image, compression = lzss]
                  000033a0    00000010     (__TI_cinit_table)

.init_array 
*          0    00000000    00000000     UNINITIALIZED

.bss       0    20004000    00000024     UNINITIALIZED
                  20004000    00000002     (.common:AX)
                  20004002    00000002     (.common:AXH)
                  20004004    00000002     (.common:AXL)
                  20004006    00000002     (.common:AY)
                  20004008    00000002     (.common:AYH)
                  2000400a    00000002     (.common:AYL)
                  2000400c    00000002     (.common:AZ)
                  2000400e    00000002     (.common:AZH)
                  20004010    00000002     (.common:AZL)
                  20004012    00000002     (.common:GX)
                  20004014    00000002     (.common:GXH)
                  20004016    00000002     (.common:GXL)
                  20004018    00000002     (.common:GY)
                  2000401a    00000002     (.common:GYH)
                  2000401c    00000002     (.common:GYL)
                  2000401e    00000002     (.common:GZ)
                  20004020    00000002     (.common:GZH)
                  20004022    00000002     (.common:GZL)

.data      0    20004024    00000014     UNINITIALIZED
                  20004024    00000008     hello.obj (.data)
                  2000402c    00000005     uartstdio.obj (.data)
                  20004031    00000003     --HOLE--
                  20004034    00000004     rtsv7M4_T_le_v4SPD16_eabi.lib : errno.c.obj (.data)

.stack     0    20000000    00004000     UNINITIALIZED
                  20000000    00000004     rtsv7M4_T_le_v4SPD16_eabi.lib : boot_cortex_m.c.obj (.stack)
                  20000004    00003ffc     --HOLE--

MODULE SUMMARY

       Module                       code    ro data   rw data
       ------                       ----    -------   -------
    ./
       hello.obj                    1682    0         44     
       startup_ccs.obj              12      620       0      
    +--+----------------------------+-------+---------+---------+
       Total:                       1694    620       44     
                                                             
    ./utils/
       uartstdio.obj                688     24        5      
    +--+----------------------------+-------+---------+---------+
       Total:                       688     24        5      
                                                             
    /Users/alexchen/Documents/ti/ccs/tools/compiler/ti-cgt-arm_18.12.2.LTS/lib/rtsv7M4_T_le_v4SPD16_eabi.lib
       _printfi.c.obj               4851    0         0      
       fd_add_t2.asm.obj            438     0         0      
       s_atanf.c.obj                336     52        0      
       e_atan2f.c.obj               344     0         0      
       fd_div_t2.asm.obj            310     0         0      
       s_scalbn.c.obj               272     0         0      
       fd_cmp_t2.asm.obj            268     0         0      
       ctype.c.obj                  0       257       0      
       fd_mul_t2.asm.obj            252     0         0      
       memcpy_t2.asm.obj            156     0         0      
       ull_div_t2.asm.obj           150     0         0      
       memset_t2.asm.obj            122     0         0      
       fd_tos_t2.asm.obj            110     0         0      
       copy_decompress_lzss.c.obj   104     0         0      
       s_frexp.c.obj                100     0         0      
       sprintf.c.obj                98      0         0      
       ltoa.c.obj                   84      0         0      
       atoi.c.obj                   76      0         0      
       fd_toi_t2.asm.obj            72      0         0      
       autoinit.c.obj               68      0         0      
       u_divt2.asm.obj              64      0         0      
       fs_tod_t2.asm.obj            56      0         0      
       boot_cortex_m.c.obj          52      0         0      
       i_tofd_t2.asm.obj            46      0         0      
       copy_zero_init.c.obj         28      0         0      
       memccpy.c.obj                28      0         0      
       s_copysign.c.obj             26      0         0      
       strchr.c.obj                 22      0         0      
       strlen.c.obj                 20      0         0      
       wcslen.c.obj                 18      0         0      
       copy_decompress_none.c.obj   14      0         0      
       errno.c.obj                  8       0         4      
       exit.c.obj                   4       0         0      
       pre_init.c.obj               4       0         0      
       div0.asm.obj                 2       0         0      
    +--+----------------------------+-------+---------+---------+
       Total:                       8603    309       4      
                                                             
    /Users/alexchen/ti/tivaware_c_series_2_1_4_178/driverlib/ccs/Debug/driverlib.lib
       gpio.obj                     456     144       0      
       sysctl.obj                   410     108       0      
       i2c.obj                      114     0         0      
       uart.obj                     6       0         0      
    +--+----------------------------+-------+---------+---------+
       Total:                       986     252       0      
                                                             
       Stack:                       0       0         16384  
       Linker Generated:            0       44        0      
    +--+----------------------------+-------+---------+---------+
       Grand Total:                 11971   1249      16437  


LINKER GENERATED COPY TABLES

__TI_cinit_table @ 000033a0 records: 2, size/record: 8, table size: 16
	.bss: load addr=00003390, load size=00000008 bytes, run addr=20004000, run size=00000024 bytes, compression=zero_init
	.data: load addr=00003398, load size=00000008 bytes, run addr=20004024, run size=00000014 bytes, compression=lzss


LINKER GENERATED HANDLER TABLE

__TI_handler_table @ 00003380 records: 3, size/record: 4, table size: 12
	index: 0, handler: __TI_decompress_lzss
	index: 1, handler: __TI_decompress_none
	index: 2, handler: __TI_zero_init


GLOBAL SYMBOLS: SORTED ALPHABETICALLY BY Name 

address   name                          
-------   ----                          
20004000  AX                            
20004002  AXH                           
20004004  AXL                           
20004006  AY                            
20004008  AYH                           
2000400a  AYL                           
2000400c  AZ                            
2000400e  AZH                           
20004010  AZL                           
0000312f  C$$EXIT                       
000013c5  ComplementaryFilter           
000029a9  ConfigureUART                 
00002fb7  GPIODirModeSet                
00001e53  GPIOPadConfigSet              
00002d0d  GPIOPinConfigure              
0000308f  GPIOPinTypeI2C                
000030a1  GPIOPinTypeI2CSCL             
20004012  GX                            
20004014  GXH                           
20004016  GXL                           
20004018  GY                            
2000401a  GYH                           
2000401c  GYL                           
2000401e  GZ                            
20004020  GZH                           
20004022  GZL                           
000030f5  I2CMasterBusy                 
0000311f  I2CMasterControl              
00003123  I2CMasterDataGet              
00003127  I2CMasterDataPut              
000030e1  I2CMasterEnable               
00002c75  I2CMasterInitExpClk           
000030fd  I2CMasterSlaveAddrSet         
00002ad1  I2CReceive                    
000023c5  I2CSend                       
000028d5  InitI2C0                      
000030c5  ReadAccel                     
0000310d  ResetISR                      
000020a9  SysCtlClockGet                
00003113  SysCtlDelay                   
00002f21  SysCtlPeripheralEnable        
00002c25  SysCtlPeripheralReset         
00003119  UARTClockSourceSet            
00002a71  UARTStdioConfig               
00003019  UARTprintf                    
000011d5  UARTvprintf                   
00002d55  UARTwrite                     
20004000  __STACK_END                   
00004000  __STACK_SIZE                  
20000200  __STACK_TOP                   
000033a0  __TI_CINIT_Base               
000033b0  __TI_CINIT_Limit              
00003380  __TI_Handler_Table_Base       
0000338c  __TI_Handler_Table_Limit      
00002de5  __TI_auto_init_nobinit_nopinit
00002941  __TI_decompress_lzss          
000030d3  __TI_decompress_none          
ffffffff  __TI_pprof_out_hndl           
0000026d  __TI_printfi                  
ffffffff  __TI_prof_data_size           
ffffffff  __TI_prof_data_start          
00000000  __TI_static_base__            
00002fe1  __TI_zero_init_nomemset       
00002671  __aeabi_cdcmpeq               
00002671  __aeabi_cdcmple               
000026f7  __aeabi_cdrcmple              
00002865  __aeabi_d2f                   
00002d9d  __aeabi_d2iz                  
0000178b  __aeabi_dadd                  
00001d1d  __aeabi_ddiv                  
000022c9  __aeabi_dmul                  
00001781  __aeabi_dsub                  
00003105  __aeabi_errno_addr            
00002ee7  __aeabi_f2d                   
00002f89  __aeabi_i2d                   
000028d3  __aeabi_idiv0                 
000028d3  __aeabi_ldiv0                 
0000277d  __aeabi_memclr                
0000277d  __aeabi_memclr4               
0000277d  __aeabi_memclr8               
0000253f  __aeabi_memcpy                
0000253f  __aeabi_memcpy4               
0000253f  __aeabi_memcpy8               
0000277f  __aeabi_memset                
0000277f  __aeabi_memset4               
0000277f  __aeabi_memset8               
00002e29  __aeabi_uidiv                 
00002e29  __aeabi_uidivmod              
000025db  __aeabi_uldivmod              
ffffffff  __binit__                     
ffffffff  __c_args__                    
UNDEFED   __mpu_init                    
20000000  __stack                       
00002f55  _c_int00_noargs               
00003134  _ctypes_                      
UNDEFED   _system_post_cinit            
0000312b  _system_pre_init              
20004024  a                             
0000312f  abort                         
00001939  atan2f                        
00001a91  atanf                         
00002cc1  atoi                          
20004028  b                             
ffffffff  binit                         
00003033  copysign                      
00003033  copysignl                     
20004034  errno                         
00002a0d  frexp                         
00002a0d  frexpl                        
00000000  g_pfnVectors                  
000021b9  ldexp                         
000021b9  ldexpl                        
00002b7f  ltoa                          
00000cbd  main                          
00002ffd  memccpy                       
0000253f  memcpy                        
00002785  memset                        
000021b9  scalbn                        
000021b9  scalbnl                       
00002e69  sprintf                       
00003065  strchr                        
0000307b  strlen                        
000030b3  wcslen                        


GLOBAL SYMBOLS: SORTED BY Symbol Address 

address   name                          
-------   ----                          
00000000  __TI_static_base__            
00000000  g_pfnVectors                  
0000026d  __TI_printfi                  
00000cbd  main                          
000011d5  UARTvprintf                   
000013c5  ComplementaryFilter           
00001781  __aeabi_dsub                  
0000178b  __aeabi_dadd                  
00001939  atan2f                        
00001a91  atanf                         
00001d1d  __aeabi_ddiv                  
00001e53  GPIOPadConfigSet              
000020a9  SysCtlClockGet                
000021b9  ldexp                         
000021b9  ldexpl                        
000021b9  scalbn                        
000021b9  scalbnl                       
000022c9  __aeabi_dmul                  
000023c5  I2CSend                       
0000253f  __aeabi_memcpy                
0000253f  __aeabi_memcpy4               
0000253f  __aeabi_memcpy8               
0000253f  memcpy                        
000025db  __aeabi_uldivmod              
00002671  __aeabi_cdcmpeq               
00002671  __aeabi_cdcmple               
000026f7  __aeabi_cdrcmple              
0000277d  __aeabi_memclr                
0000277d  __aeabi_memclr4               
0000277d  __aeabi_memclr8               
0000277f  __aeabi_memset                
0000277f  __aeabi_memset4               
0000277f  __aeabi_memset8               
00002785  memset                        
00002865  __aeabi_d2f                   
000028d3  __aeabi_idiv0                 
000028d3  __aeabi_ldiv0                 
000028d5  InitI2C0                      
00002941  __TI_decompress_lzss          
000029a9  ConfigureUART                 
00002a0d  frexp                         
00002a0d  frexpl                        
00002a71  UARTStdioConfig               
00002ad1  I2CReceive                    
00002b7f  ltoa                          
00002c25  SysCtlPeripheralReset         
00002c75  I2CMasterInitExpClk           
00002cc1  atoi                          
00002d0d  GPIOPinConfigure              
00002d55  UARTwrite                     
00002d9d  __aeabi_d2iz                  
00002de5  __TI_auto_init_nobinit_nopinit
00002e29  __aeabi_uidiv                 
00002e29  __aeabi_uidivmod              
00002e69  sprintf                       
00002ee7  __aeabi_f2d                   
00002f21  SysCtlPeripheralEnable        
00002f55  _c_int00_noargs               
00002f89  __aeabi_i2d                   
00002fb7  GPIODirModeSet                
00002fe1  __TI_zero_init_nomemset       
00002ffd  memccpy                       
00003019  UARTprintf                    
00003033  copysign                      
00003033  copysignl                     
00003065  strchr                        
0000307b  strlen                        
0000308f  GPIOPinTypeI2C                
000030a1  GPIOPinTypeI2CSCL             
000030b3  wcslen                        
000030c5  ReadAccel                     
000030d3  __TI_decompress_none          
000030e1  I2CMasterEnable               
000030f5  I2CMasterBusy                 
000030fd  I2CMasterSlaveAddrSet         
00003105  __aeabi_errno_addr            
0000310d  ResetISR                      
00003113  SysCtlDelay                   
00003119  UARTClockSourceSet            
0000311f  I2CMasterControl              
00003123  I2CMasterDataGet              
00003127  I2CMasterDataPut              
0000312b  _system_pre_init              
0000312f  C$$EXIT                       
0000312f  abort                         
00003134  _ctypes_                      
00003380  __TI_Handler_Table_Base       
0000338c  __TI_Handler_Table_Limit      
000033a0  __TI_CINIT_Base               
000033b0  __TI_CINIT_Limit              
00004000  __STACK_SIZE                  
20000000  __stack                       
20000200  __STACK_TOP                   
20004000  AX                            
20004000  __STACK_END                   
20004002  AXH                           
20004004  AXL                           
20004006  AY                            
20004008  AYH                           
2000400a  AYL                           
2000400c  AZ                            
2000400e  AZH                           
20004010  AZL                           
20004012  GX                            
20004014  GXH                           
20004016  GXL                           
20004018  GY                            
2000401a  GYH                           
2000401c  GYL                           
2000401e  GZ                            
20004020  GZH                           
20004022  GZL                           
20004024  a                             
20004028  b                             
20004034  errno                         
ffffffff  __TI_pprof_out_hndl           
ffffffff  __TI_prof_data_size           
ffffffff  __TI_prof_data_start          
ffffffff  __binit__                     
ffffffff  __c_args__                    
ffffffff  binit                         
UNDEFED   __mpu_init                    
UNDEFED   _system_post_cinit            

[123 symbols]
